#
# There is insufficient memory for the Java Runtime Environment to continue.
# Native memory allocation (malloc) failed to allocate 1000576 bytes. Error detail: Chunk::new
# Possible reasons:
#   The system is out of physical RAM or swap space
#   This process is running with CompressedOops enabled, and the Java Heap may be blocking the growth of the native heap
# Possible solutions:
#   Reduce memory load on the system
#   Increase physical memory or swap space
#   Check if swap backing store is full
#   Decrease Java heap size (-Xmx/-Xms)
#   Decrease number of Java threads
#   Decrease Java thread stack sizes (-Xss)
#   Set larger code cache with -XX:ReservedCodeCacheSize=
#   JVM is running with Unscaled Compressed Oops mode in which the Java heap is
#     placed in the first 4GB address space. The Java Heap base address is the
#     maximum limit for the native heap growth. Please use -XX:HeapBaseMinAddress
#     to set the Java Heap base and to place the Java Heap above 4GB virtual address.
# This output file may be truncated or incomplete.
#
#  Out of Memory Error (arena.cpp:168), pid=13116, tid=11864
#
# JRE version: OpenJDK Runtime Environment Temurin-21.0.9+10 (21.0.9+10) (build 21.0.9+10-LTS)
# Java VM: OpenJDK 64-Bit Server VM Temurin-21.0.9+10 (21.0.9+10-LTS, mixed mode, sharing, tiered, compressed oops, compressed class ptrs, parallel gc, windows-amd64)
# No core dump will be written. Minidumps are not enabled by default on client versions of Windows
#

---------------  S U M M A R Y ------------

Command Line: --add-modules=ALL-SYSTEM --add-opens=java.base/java.util=ALL-UNNAMED --add-opens=java.base/java.lang=ALL-UNNAMED --add-opens=java.base/sun.nio.fs=ALL-UNNAMED -Declipse.application=org.eclipse.jdt.ls.core.id1 -Dosgi.bundles.defaultStartLevel=4 -Declipse.product=org.eclipse.jdt.ls.core.product -Djava.import.generatesMetadataFilesAtProjectRoot=false -DDetectVMInstallationsJob.disabled=true -Dfile.encoding=utf8 -XX:+UseParallelGC -XX:GCTimeRatio=4 -XX:AdaptiveSizePolicyWeight=90 -Dsun.zip.disableMemoryMapping=true -Xmx2G -Xms100m -Xlog:disable -javaagent:c:\Users\Vihanga\.antigravity\extensions\redhat.java-1.50.0-win32-x64\lombok\lombok-1.18.39-4050.jar c:\Users\Vihanga\.antigravity\extensions\redhat.java-1.50.0-win32-x64\server\plugins\org.eclipse.equinox.launcher_1.7.100.v20251111-0406.jar -configuration c:\Users\Vihanga\AppData\Roaming\Antigravity\User\globalStorage\redhat.java\1.50.0\config_ss_win -data c:\Users\Vihanga\AppData\Roaming\Antigravity\User\workspaceStorage\c0b8f771bb728cf03ca3341653bb894a\redhat.java\ss_ws --pipe=\\.\pipe\lsp-58e350fce6f5398b7bbddae3cce704da-sock

Host: Intel(R) Core(TM) i5-7500 CPU @ 3.40GHz, 4 cores, 7G,  Windows 10 , 64 bit Build 19041 (10.0.19041.5915)
Time: Mon Jan 26 23:12:28 2026 Sri Lanka Standard Time elapsed time: 3.137092 seconds (0d 0h 0m 3s)

---------------  T H R E A D  ---------------

Current thread (0x0000017fff38fa50):  JavaThread "C2 CompilerThread0" daemon [_thread_in_native, id=11864, stack(0x0000006b7da00000,0x0000006b7db00000) (1024K)]


Current CompileTask:
C2:3137 2767       4       org.lombokweb.asm.ClassReader::readMethod (1070 bytes)

Stack: [0x0000006b7da00000,0x0000006b7db00000]
Native frames: (J=compiled Java code, j=interpreted, Vv=VM code, C=native code)
V  [jvm.dll+0x6d6e29]
V  [jvm.dll+0x8b4b76]
V  [jvm.dll+0x8b712e]
V  [jvm.dll+0x8b7813]
V  [jvm.dll+0x283d86]
V  [jvm.dll+0xc66ed]
V  [jvm.dll+0xc6c31]
V  [jvm.dll+0x3be53b]
V  [jvm.dll+0x1e39b4]
V  [jvm.dll+0x24c0f3]
V  [jvm.dll+0x24b580]
V  [jvm.dll+0x1cb13e]
V  [jvm.dll+0x25b29d]
V  [jvm.dll+0x25982a]
V  [jvm.dll+0x3f7ea6]
V  [jvm.dll+0x85e9ad]
V  [jvm.dll+0x6d565d]
C  [ucrtbase.dll+0x21bb2]
C  [KERNEL32.DLL+0x17374]
C  [ntdll.dll+0x4cc91]


---------------  P R O C E S S  ---------------

Threads class SMR info:
_java_thread_list=0x0000017fc5b9b640, length=20, elements={
0x0000017fe8990590, 0x0000017fff37f8b0, 0x0000017fff3815c0, 0x0000017fff3843d0,
0x0000017fff387370, 0x0000017fff388da0, 0x0000017fff38d570, 0x0000017fff38fa50,
0x0000017fff3962d0, 0x0000017fc50e6fb0, 0x0000017fc52da6b0, 0x0000017fc564d550,
0x0000017fc5c97400, 0x0000017fc5d07c20, 0x0000017fc5cb4400, 0x0000017fc5d82fe0,
0x0000017fc5fe4210, 0x0000017fc5fe4870, 0x0000017fc5fe56e0, 0x0000017fc60c9e20
}

Java Threads: ( => current thread )
  0x0000017fe8990590 JavaThread "main"                              [_thread_blocked, id=14384, stack(0x0000006b7d000000,0x0000006b7d100000) (1024K)]
  0x0000017fff37f8b0 JavaThread "Reference Handler"          daemon [_thread_blocked, id=16064, stack(0x0000006b7d400000,0x0000006b7d500000) (1024K)]
  0x0000017fff3815c0 JavaThread "Finalizer"                  daemon [_thread_blocked, id=14580, stack(0x0000006b7d500000,0x0000006b7d600000) (1024K)]
  0x0000017fff3843d0 JavaThread "Signal Dispatcher"          daemon [_thread_blocked, id=10196, stack(0x0000006b7d600000,0x0000006b7d700000) (1024K)]
  0x0000017fff387370 JavaThread "Attach Listener"            daemon [_thread_blocked, id=7448, stack(0x0000006b7d700000,0x0000006b7d800000) (1024K)]
  0x0000017fff388da0 JavaThread "Service Thread"             daemon [_thread_blocked, id=11920, stack(0x0000006b7d800000,0x0000006b7d900000) (1024K)]
  0x0000017fff38d570 JavaThread "Monitor Deflation Thread"   daemon [_thread_blocked, id=9164, stack(0x0000006b7d900000,0x0000006b7da00000) (1024K)]
=>0x0000017fff38fa50 JavaThread "C2 CompilerThread0"         daemon [_thread_in_native, id=11864, stack(0x0000006b7da00000,0x0000006b7db00000) (1024K)]
  0x0000017fff3962d0 JavaThread "C1 CompilerThread0"         daemon [_thread_blocked, id=1248, stack(0x0000006b7db00000,0x0000006b7dc00000) (1024K)]
  0x0000017fc50e6fb0 JavaThread "Common-Cleaner"             daemon [_thread_blocked, id=4848, stack(0x0000006b7dc00000,0x0000006b7dd00000) (1024K)]
  0x0000017fc52da6b0 JavaThread "Notification Thread"        daemon [_thread_blocked, id=13528, stack(0x0000006b7dd00000,0x0000006b7de00000) (1024K)]
  0x0000017fc564d550 JavaThread "Active Thread: Equinox Container: 1dce98bb-ef94-4e2a-a48b-066ede28bc92"        [_thread_blocked, id=14084, stack(0x0000006b7e200000,0x0000006b7e300000) (1024K)]
  0x0000017fc5c97400 JavaThread "Framework Event Dispatcher: Equinox Container: 1dce98bb-ef94-4e2a-a48b-066ede28bc92" daemon [_thread_blocked, id=13624, stack(0x0000006b7e300000,0x0000006b7e400000) (1024K)]
  0x0000017fc5d07c20 JavaThread "Start Level: Equinox Container: 1dce98bb-ef94-4e2a-a48b-066ede28bc92" daemon [_thread_in_vm, id=11204, stack(0x0000006b7e400000,0x0000006b7e500000) (1024K)]
  0x0000017fc5cb4400 JavaThread "SCR Component Actor"        daemon [_thread_blocked, id=5740, stack(0x0000006b7e500000,0x0000006b7e600000) (1024K)]
  0x0000017fc5d82fe0 JavaThread "Worker-JM"                         [_thread_blocked, id=16328, stack(0x0000006b7e600000,0x0000006b7e700000) (1024K)]
  0x0000017fc5fe4210 JavaThread "JNA Cleaner"                daemon [_thread_blocked, id=15364, stack(0x0000006b7de00000,0x0000006b7df00000) (1024K)]
  0x0000017fc5fe4870 JavaThread "Worker-0"                          [_thread_blocked, id=6936, stack(0x0000006b7e700000,0x0000006b7e800000) (1024K)]
  0x0000017fc5fe56e0 JavaThread "Worker-1"                          [_thread_blocked, id=11056, stack(0x0000006b7e800000,0x0000006b7e900000) (1024K)]
  0x0000017fc60c9e20 JavaThread "C2 CompilerThread1"         daemon [_thread_in_native, id=11660, stack(0x0000006b7e900000,0x0000006b7ea00000) (1024K)]
Total: 20

Other Threads:
  0x0000017fe8a37bd0 VMThread "VM Thread"                           [id=7484, stack(0x0000006b7d300000,0x0000006b7d400000) (1024K)]
  0x0000017fe89ff050 WatcherThread "VM Periodic Task Thread"        [id=3752, stack(0x0000006b7d200000,0x0000006b7d300000) (1024K)]
  0x0000017fe89aedb0 WorkerThread "GC Thread#0"                     [id=13608, stack(0x0000006b7d100000,0x0000006b7d200000) (1024K)]
  0x0000017fc5af0fd0 WorkerThread "GC Thread#1"                     [id=16032, stack(0x0000006b7df00000,0x0000006b7e000000) (1024K)]
  0x0000017fc5af1370 WorkerThread "GC Thread#2"                     [id=15844, stack(0x0000006b7e000000,0x0000006b7e100000) (1024K)]
  0x0000017fc5aeb160 WorkerThread "GC Thread#3"                     [id=11548, stack(0x0000006b7e100000,0x0000006b7e200000) (1024K)]
Total: 6

Threads with active compile tasks:
C2 CompilerThread0  3179 2767       4       org.lombokweb.asm.ClassReader::readMethod (1070 bytes)
C2 CompilerThread1  3179 2831       4       lombok.patcher.PatchScript$MethodPatcher::visitMethod (158 bytes)
Total: 2

VM state: not at safepoint (normal execution)

VM Mutex/Monitor currently owned by a thread: None

Heap address: 0x0000000080000000, size: 2048 MB, Compressed Oops mode: 32-bit

CDS archive(s) mapped at: [0x0000017f80000000-0x0000017f80ba0000-0x0000017f80ba0000), size 12189696, SharedBaseAddress: 0x0000017f80000000, ArchiveRelocationMode: 1.
Compressed class space mapped at: 0x0000017f81000000-0x0000017fc1000000, reserved size: 1073741824
Narrow klass base: 0x0000017f80000000, Narrow klass shift: 0, Narrow klass range: 0x100000000

GC Precious Log:
 CardTable entry size: 512
 CPUs: 4 total, 4 available
 Memory: 8134M
 Large Page Support: Disabled
 NUMA Support: Disabled
 Compressed Oops: Enabled (32-bit)
 Alignments: Space 512K, Generation 512K, Heap 2M
 Heap Min Capacity: 100M
 Heap Initial Capacity: 100M
 Heap Max Capacity: 2G
 Pre-touch: Disabled
 Parallel Workers: 4

Heap:
 PSYoungGen      total 29696K, used 22971K [0x00000000d5580000, 0x00000000d7900000, 0x0000000100000000)
  eden space 25088K, 91% used [0x00000000d5580000,0x00000000d6beec88,0x00000000d6e00000)
  from space 4608K, 0% used [0x00000000d7480000,0x00000000d7480000,0x00000000d7900000)
  to   space 5120K, 0% used [0x00000000d6f00000,0x00000000d6f00000,0x00000000d7400000)
 ParOldGen       total 68608K, used 12821K [0x0000000080000000, 0x0000000084300000, 0x00000000d5580000)
  object space 68608K, 18% used [0x0000000080000000,0x0000000080c85658,0x0000000084300000)
 Metaspace       used 22662K, committed 23296K, reserved 1114112K
  class space    used 2186K, committed 2432K, reserved 1048576K

Card table byte_map: [0x0000017fe8330000,0x0000017fe8740000] _byte_map_base: 0x0000017fe7f30000

Marking Bits: (ParMarkBitMap*) 0x00007ff815012460
 Begin Bits: [0x0000017ffae30000, 0x0000017ffce30000)
 End Bits:   [0x0000017ffce30000, 0x0000017ffee30000)

Polling page: 0x0000017fe8010000

Metaspace:

Usage:
  Non-class:     20.00 MB used.
      Class:      2.14 MB used.
       Both:     22.13 MB used.

Virtual space:
  Non-class space:       64.00 MB reserved,      20.38 MB ( 32%) committed,  1 nodes.
      Class space:        1.00 GB reserved,       2.38 MB ( <1%) committed,  1 nodes.
             Both:        1.06 GB reserved,      22.75 MB (  2%) committed. 

Chunk freelists:
   Non-Class:  11.47 MB
       Class:  13.56 MB
        Both:  25.03 MB

MaxMetaspaceSize: unlimited
CompressedClassSpaceSize: 1.00 GB
Initial GC threshold: 21.00 MB
Current GC threshold: 35.00 MB
CDS: on
 - commit_granule_bytes: 65536.
 - commit_granule_words: 8192.
 - virtual_space_node_default_size: 8388608.
 - enlarge_chunks_in_place: 1.
 - use_allocation_guard: 0.


Internal statistics:

num_allocs_failed_limit: 3.
num_arena_births: 512.
num_arena_deaths: 14.
num_vsnodes_births: 2.
num_vsnodes_deaths: 0.
num_space_committed: 365.
num_space_uncommitted: 0.
num_chunks_returned_to_freelist: 17.
num_chunks_taken_from_freelist: 1365.
num_chunk_merges: 9.
num_chunk_splits: 897.
num_chunks_enlarged: 582.
num_inconsistent_stats: 0.

CodeHeap 'non-profiled nmethods': size=120000Kb used=1282Kb max_used=1282Kb free=118717Kb
 bounds [0x0000017ff3650000, 0x0000017ff38c0000, 0x0000017ffab80000]
CodeHeap 'profiled nmethods': size=120000Kb used=5641Kb max_used=5641Kb free=114358Kb
 bounds [0x0000017febb80000, 0x0000017fec110000, 0x0000017ff30b0000]
CodeHeap 'non-nmethods': size=5760Kb used=1320Kb max_used=1346Kb free=4439Kb
 bounds [0x0000017ff30b0000, 0x0000017ff3320000, 0x0000017ff3650000]
CodeCache: size=245760Kb, used=8243Kb, max_used=8269Kb, free=237514Kb
 total_blobs=3475, nmethods=2871, adapters=510, full_count=0
Compilation: enabled, stopped_count=0, restarted_count=0

Compilation events (20 events):
Event: 3.078 Thread 0x0000017fc60c9e20 2831       4       lombok.patcher.PatchScript$MethodPatcher::visitMethod (158 bytes)
Event: 3.082 Thread 0x0000017fff3962d0 2840   !   3       jdk.internal.loader.BuiltinClassLoader$2::run (114 bytes)
Event: 3.082 Thread 0x0000017fff3962d0 nmethod 2840 0x0000017fec0ddc90 code [0x0000017fec0ddf40, 0x0000017fec0ded40]
Event: 3.082 Thread 0x0000017fff3962d0 2839       3       jdk.internal.loader.BuiltinClassLoader$2::run (5 bytes)
Event: 3.083 Thread 0x0000017fff3962d0 nmethod 2839 0x0000017fec0df210 code [0x0000017fec0df3c0, 0x0000017fec0df518]
Event: 3.090 Thread 0x0000017fff3962d0 2841       3       org.eclipse.osgi.internal.hookregistry.ClassLoaderHook::preFindLocalResource (1 bytes)
Event: 3.090 Thread 0x0000017fff3962d0 nmethod 2841 0x0000017fec0df610 code [0x0000017fec0df7a0, 0x0000017fec0df8a8]
Event: 3.090 Thread 0x0000017fff3962d0 2842       3       org.eclipse.osgi.internal.hookregistry.ClassLoaderHook::postFindLocalResource (1 bytes)
Event: 3.090 Thread 0x0000017fff3962d0 nmethod 2842 0x0000017fec0df910 code [0x0000017fec0dfaa0, 0x0000017fec0dfba8]
Event: 3.106 Thread 0x0000017fff3962d0 2843       3       java.net.URI$Parser::checkChar (14 bytes)
Event: 3.106 Thread 0x0000017fff3962d0 nmethod 2843 0x0000017fec0dfc90 code [0x0000017fec0dfe40, 0x0000017fec0dff98]
Event: 3.108 Thread 0x0000017fff3962d0 2844       3       java.io.File::getCanonicalPath (31 bytes)
Event: 3.108 Thread 0x0000017fff3962d0 nmethod 2844 0x0000017fec0e0090 code [0x0000017fec0e0280, 0x0000017fec0e0558]
Event: 3.108 Thread 0x0000017fff3962d0 2845   !   3       java.io.WinNTFileSystem::canonicalize (199 bytes)
Event: 3.111 Thread 0x0000017fff3962d0 nmethod 2845 0x0000017fec0e0690 code [0x0000017fec0e0c80, 0x0000017fec0e3d68]
Event: 3.121 Thread 0x0000017fff3962d0 2846       3       lombok.launch.PackageShader::apply (252 bytes)
Event: 3.122 Thread 0x0000017fff3962d0 nmethod 2846 0x0000017fec0e4e90 code [0x0000017fec0e50e0, 0x0000017fec0e5b90]
Event: 3.131 Thread 0x0000017fff3962d0 2847       3       java.net.URI::toURL (6 bytes)
Event: 3.131 Thread 0x0000017fff3962d0 nmethod 2847 0x0000017fec0e6190 code [0x0000017fec0e6340, 0x0000017fec0e6488]
Event: 3.132 Thread 0x0000017fff3962d0 2848       3       jdk.internal.org.objectweb.asm.Frame::execute (2305 bytes)

GC Heap History (14 events):
Event: 0.882 GC heap before
{Heap before GC invocations=1 (full 0):
 PSYoungGen      total 29696K, used 25600K [0x00000000d5580000, 0x00000000d7680000, 0x0000000100000000)
  eden space 25600K, 100% used [0x00000000d5580000,0x00000000d6e80000,0x00000000d6e80000)
  from space 4096K, 0% used [0x00000000d7280000,0x00000000d7280000,0x00000000d7680000)
  to   space 4096K, 0% used [0x00000000d6e80000,0x00000000d6e80000,0x00000000d7280000)
 ParOldGen       total 68608K, used 0K [0x0000000080000000, 0x0000000084300000, 0x00000000d5580000)
  object space 68608K, 0% used [0x0000000080000000,0x0000000080000000,0x0000000084300000)
 Metaspace       used 4341K, committed 4608K, reserved 1114112K
  class space    used 472K, committed 576K, reserved 1048576K
}
Event: 0.890 GC heap after
{Heap after GC invocations=1 (full 0):
 PSYoungGen      total 29696K, used 3280K [0x00000000d5580000, 0x00000000d7680000, 0x0000000100000000)
  eden space 25600K, 0% used [0x00000000d5580000,0x00000000d5580000,0x00000000d6e80000)
  from space 4096K, 80% used [0x00000000d6e80000,0x00000000d71b4148,0x00000000d7280000)
  to   space 4096K, 0% used [0x00000000d7280000,0x00000000d7280000,0x00000000d7680000)
 ParOldGen       total 68608K, used 8K [0x0000000080000000, 0x0000000084300000, 0x00000000d5580000)
  object space 68608K, 0% used [0x0000000080000000,0x0000000080002000,0x0000000084300000)
 Metaspace       used 4341K, committed 4608K, reserved 1114112K
  class space    used 472K, committed 576K, reserved 1048576K
}
Event: 1.452 GC heap before
{Heap before GC invocations=2 (full 0):
 PSYoungGen      total 29696K, used 28880K [0x00000000d5580000, 0x00000000d7680000, 0x0000000100000000)
  eden space 25600K, 100% used [0x00000000d5580000,0x00000000d6e80000,0x00000000d6e80000)
  from space 4096K, 80% used [0x00000000d6e80000,0x00000000d71b4148,0x00000000d7280000)
  to   space 4096K, 0% used [0x00000000d7280000,0x00000000d7280000,0x00000000d7680000)
 ParOldGen       total 68608K, used 8K [0x0000000080000000, 0x0000000084300000, 0x00000000d5580000)
  object space 68608K, 0% used [0x0000000080000000,0x0000000080002000,0x0000000084300000)
 Metaspace       used 8217K, committed 8512K, reserved 1114112K
  class space    used 876K, committed 1024K, reserved 1048576K
}
Event: 1.456 GC heap after
{Heap after GC invocations=2 (full 0):
 PSYoungGen      total 29696K, used 4086K [0x00000000d5580000, 0x00000000d7680000, 0x0000000100000000)
  eden space 25600K, 0% used [0x00000000d5580000,0x00000000d5580000,0x00000000d6e80000)
  from space 4096K, 99% used [0x00000000d7280000,0x00000000d767d810,0x00000000d7680000)
  to   space 4096K, 0% used [0x00000000d6e80000,0x00000000d6e80000,0x00000000d7280000)
 ParOldGen       total 68608K, used 869K [0x0000000080000000, 0x0000000084300000, 0x00000000d5580000)
  object space 68608K, 1% used [0x0000000080000000,0x00000000800d96a8,0x0000000084300000)
 Metaspace       used 8217K, committed 8512K, reserved 1114112K
  class space    used 876K, committed 1024K, reserved 1048576K
}
Event: 1.936 GC heap before
{Heap before GC invocations=3 (full 0):
 PSYoungGen      total 29696K, used 29686K [0x00000000d5580000, 0x00000000d7680000, 0x0000000100000000)
  eden space 25600K, 100% used [0x00000000d5580000,0x00000000d6e80000,0x00000000d6e80000)
  from space 4096K, 99% used [0x00000000d7280000,0x00000000d767d810,0x00000000d7680000)
  to   space 4096K, 0% used [0x00000000d6e80000,0x00000000d6e80000,0x00000000d7280000)
 ParOldGen       total 68608K, used 869K [0x0000000080000000, 0x0000000084300000, 0x00000000d5580000)
  object space 68608K, 1% used [0x0000000080000000,0x00000000800d96a8,0x0000000084300000)
 Metaspace       used 13045K, committed 13568K, reserved 1114112K
  class space    used 1384K, committed 1600K, reserved 1048576K
}
Event: 1.940 GC heap after
{Heap after GC invocations=3 (full 0):
 PSYoungGen      total 29696K, used 4086K [0x00000000d5580000, 0x00000000d7680000, 0x0000000100000000)
  eden space 25600K, 0% used [0x00000000d5580000,0x00000000d5580000,0x00000000d6e80000)
  from space 4096K, 99% used [0x00000000d6e80000,0x00000000d727daa0,0x00000000d7280000)
  to   space 4096K, 0% used [0x00000000d7280000,0x00000000d7280000,0x00000000d7680000)
 ParOldGen       total 68608K, used 2695K [0x0000000080000000, 0x0000000084300000, 0x00000000d5580000)
  object space 68608K, 3% used [0x0000000080000000,0x00000000802a1ef8,0x0000000084300000)
 Metaspace       used 13045K, committed 13568K, reserved 1114112K
  class space    used 1384K, committed 1600K, reserved 1048576K
}
Event: 2.441 GC heap before
{Heap before GC invocations=4 (full 0):
 PSYoungGen      total 29696K, used 29686K [0x00000000d5580000, 0x00000000d7680000, 0x0000000100000000)
  eden space 25600K, 100% used [0x00000000d5580000,0x00000000d6e80000,0x00000000d6e80000)
  from space 4096K, 99% used [0x00000000d6e80000,0x00000000d727daa0,0x00000000d7280000)
  to   space 4096K, 0% used [0x00000000d7280000,0x00000000d7280000,0x00000000d7680000)
 ParOldGen       total 68608K, used 2695K [0x0000000080000000, 0x0000000084300000, 0x00000000d5580000)
  object space 68608K, 3% used [0x0000000080000000,0x00000000802a1ef8,0x0000000084300000)
 Metaspace       used 15608K, committed 16320K, reserved 1114112K
  class space    used 1660K, committed 1984K, reserved 1048576K
}
Event: 2.447 GC heap after
{Heap after GC invocations=4 (full 0):
 PSYoungGen      total 29696K, used 4084K [0x00000000d5580000, 0x00000000d7680000, 0x0000000100000000)
  eden space 25600K, 0% used [0x00000000d5580000,0x00000000d5580000,0x00000000d6e80000)
  from space 4096K, 99% used [0x00000000d7280000,0x00000000d767d348,0x00000000d7680000)
  to   space 4096K, 0% used [0x00000000d6e80000,0x00000000d6e80000,0x00000000d7280000)
 ParOldGen       total 68608K, used 7920K [0x0000000080000000, 0x0000000084300000, 0x00000000d5580000)
  object space 68608K, 11% used [0x0000000080000000,0x00000000807bc040,0x0000000084300000)
 Metaspace       used 15608K, committed 16320K, reserved 1114112K
  class space    used 1660K, committed 1984K, reserved 1048576K
}
Event: 2.722 GC heap before
{Heap before GC invocations=5 (full 0):
 PSYoungGen      total 29696K, used 29684K [0x00000000d5580000, 0x00000000d7680000, 0x0000000100000000)
  eden space 25600K, 100% used [0x00000000d5580000,0x00000000d6e80000,0x00000000d6e80000)
  from space 4096K, 99% used [0x00000000d7280000,0x00000000d767d348,0x00000000d7680000)
  to   space 4096K, 0% used [0x00000000d6e80000,0x00000000d6e80000,0x00000000d7280000)
 ParOldGen       total 68608K, used 7920K [0x0000000080000000, 0x0000000084300000, 0x00000000d5580000)
  object space 68608K, 11% used [0x0000000080000000,0x00000000807bc040,0x0000000084300000)
 Metaspace       used 18840K, committed 19520K, reserved 1114112K
  class space    used 1884K, committed 2176K, reserved 1048576K
}
Event: 2.727 GC heap after
{Heap after GC invocations=5 (full 0):
 PSYoungGen      total 29184K, used 4067K [0x00000000d5580000, 0x00000000d7b00000, 0x0000000100000000)
  eden space 25088K, 0% used [0x00000000d5580000,0x00000000d5580000,0x00000000d6e00000)
  from space 4096K, 99% used [0x00000000d6e80000,0x00000000d7278e00,0x00000000d7280000)
  to   space 6656K, 0% used [0x00000000d7480000,0x00000000d7480000,0x00000000d7b00000)
 ParOldGen       total 68608K, used 8613K [0x0000000080000000, 0x0000000084300000, 0x00000000d5580000)
  object space 68608K, 12% used [0x0000000080000000,0x00000000808695c8,0x0000000084300000)
 Metaspace       used 18840K, committed 19520K, reserved 1114112K
  class space    used 1884K, committed 2176K, reserved 1048576K
}
Event: 2.898 GC heap before
{Heap before GC invocations=6 (full 0):
 PSYoungGen      total 29184K, used 18195K [0x00000000d5580000, 0x00000000d7b00000, 0x0000000100000000)
  eden space 25088K, 56% used [0x00000000d5580000,0x00000000d634bef0,0x00000000d6e00000)
  from space 4096K, 99% used [0x00000000d6e80000,0x00000000d7278e00,0x00000000d7280000)
  to   space 6656K, 0% used [0x00000000d7480000,0x00000000d7480000,0x00000000d7b00000)
 ParOldGen       total 68608K, used 8613K [0x0000000080000000, 0x0000000084300000, 0x00000000d5580000)
  object space 68608K, 12% used [0x0000000080000000,0x00000000808695c8,0x0000000084300000)
 Metaspace       used 20860K, committed 21504K, reserved 1114112K
  class space    used 2053K, committed 2368K, reserved 1048576K
}
Event: 2.905 GC heap after
{Heap after GC invocations=6 (full 0):
 PSYoungGen      total 29696K, used 4582K [0x00000000d5580000, 0x00000000d7900000, 0x0000000100000000)
  eden space 25088K, 0% used [0x00000000d5580000,0x00000000d5580000,0x00000000d6e00000)
  from space 4608K, 99% used [0x00000000d7480000,0x00000000d78f99c0,0x00000000d7900000)
  to   space 5120K, 0% used [0x00000000d6f00000,0x00000000d6f00000,0x00000000d7400000)
 ParOldGen       total 68608K, used 8613K [0x0000000080000000, 0x0000000084300000, 0x00000000d5580000)
  object space 68608K, 12% used [0x0000000080000000,0x00000000808695c8,0x0000000084300000)
 Metaspace       used 20860K, committed 21504K, reserved 1114112K
  class space    used 2053K, committed 2368K, reserved 1048576K
}
Event: 2.906 GC heap before
{Heap before GC invocations=7 (full 1):
 PSYoungGen      total 29696K, used 4582K [0x00000000d5580000, 0x00000000d7900000, 0x0000000100000000)
  eden space 25088K, 0% used [0x00000000d5580000,0x00000000d5580000,0x00000000d6e00000)
  from space 4608K, 99% used [0x00000000d7480000,0x00000000d78f99c0,0x00000000d7900000)
  to   space 5120K, 0% used [0x00000000d6f00000,0x00000000d6f00000,0x00000000d7400000)
 ParOldGen       total 68608K, used 8613K [0x0000000080000000, 0x0000000084300000, 0x00000000d5580000)
  object space 68608K, 12% used [0x0000000080000000,0x00000000808695c8,0x0000000084300000)
 Metaspace       used 20860K, committed 21504K, reserved 1114112K
  class space    used 2053K, committed 2368K, reserved 1048576K
}
Event: 2.939 GC heap after
{Heap after GC invocations=7 (full 1):
 PSYoungGen      total 29696K, used 0K [0x00000000d5580000, 0x00000000d7900000, 0x0000000100000000)
  eden space 25088K, 0% used [0x00000000d5580000,0x00000000d5580000,0x00000000d6e00000)
  from space 4608K, 0% used [0x00000000d7480000,0x00000000d7480000,0x00000000d7900000)
  to   space 5120K, 0% used [0x00000000d6f00000,0x00000000d6f00000,0x00000000d7400000)
 ParOldGen       total 68608K, used 12821K [0x0000000080000000, 0x0000000084300000, 0x00000000d5580000)
  object space 68608K, 18% used [0x0000000080000000,0x0000000080c85658,0x0000000084300000)
 Metaspace       used 20847K, committed 21504K, reserved 1114112K
  class space    used 2050K, committed 2368K, reserved 1048576K
}

Dll operation events (10 events):
Event: 0.013 Loaded shared library c:\Users\Vihanga\.antigravity\extensions\redhat.java-1.50.0-win32-x64\jre\21.0.9-win32-x86_64\bin\java.dll
Event: 0.077 Loaded shared library c:\Users\Vihanga\.antigravity\extensions\redhat.java-1.50.0-win32-x64\jre\21.0.9-win32-x86_64\bin\zip.dll
Event: 0.105 Loaded shared library C:\Users\Vihanga\.antigravity\extensions\redhat.java-1.50.0-win32-x64\jre\21.0.9-win32-x86_64\bin\instrument.dll
Event: 0.112 Loaded shared library C:\Users\Vihanga\.antigravity\extensions\redhat.java-1.50.0-win32-x64\jre\21.0.9-win32-x86_64\bin\net.dll
Event: 0.116 Loaded shared library C:\Users\Vihanga\.antigravity\extensions\redhat.java-1.50.0-win32-x64\jre\21.0.9-win32-x86_64\bin\nio.dll
Event: 0.118 Loaded shared library C:\Users\Vihanga\.antigravity\extensions\redhat.java-1.50.0-win32-x64\jre\21.0.9-win32-x86_64\bin\zip.dll
Event: 0.145 Loaded shared library C:\Users\Vihanga\.antigravity\extensions\redhat.java-1.50.0-win32-x64\jre\21.0.9-win32-x86_64\bin\jimage.dll
Event: 0.273 Loaded shared library c:\Users\Vihanga\.antigravity\extensions\redhat.java-1.50.0-win32-x64\jre\21.0.9-win32-x86_64\bin\verify.dll
Event: 1.418 Loaded shared library C:\Users\Vihanga\AppData\Roaming\Antigravity\User\globalStorage\redhat.java\1.50.0\config_ss_win\org.eclipse.equinox.launcher\org.eclipse.equinox.launcher.win32.win32.x86_64_1.2.1400.v20250801-0854\eclipse_11916.dll
Event: 2.373 Loaded shared library C:\Users\Vihanga\AppData\Local\Temp\jna-2121011004\jna12812289311552720725.dll

Deoptimization events (20 events):
Event: 2.528 Thread 0x0000017fc5d07c20 Uncommon trap: trap_request=0xffffffde fr.pc=0x0000017ff3741644 relative=0x00000000000003e4
Event: 2.528 Thread 0x0000017fc5d07c20 Uncommon trap: reason=class_check action=maybe_recompile pc=0x0000017ff3741644 method=java.util.regex.Pattern$BmpCharPropertyGreedy.match(Ljava/util/regex/Matcher;ILjava/lang/CharSequence;)Z @ 70 c2
Event: 2.528 Thread 0x0000017fc5d07c20 DEOPT PACKING pc=0x0000017ff3741644 sp=0x0000006b7e4f3540
Event: 2.528 Thread 0x0000017fc5d07c20 DEOPT UNPACKING pc=0x0000017ff3103aa2 sp=0x0000006b7e4f34e8 mode 2
Event: 2.528 Thread 0x0000017fc5d07c20 Uncommon trap: trap_request=0xffffffde fr.pc=0x0000017ff3741644 relative=0x00000000000003e4
Event: 2.528 Thread 0x0000017fc5d07c20 Uncommon trap: reason=class_check action=maybe_recompile pc=0x0000017ff3741644 method=java.util.regex.Pattern$BmpCharPropertyGreedy.match(Ljava/util/regex/Matcher;ILjava/lang/CharSequence;)Z @ 70 c2
Event: 2.528 Thread 0x0000017fc5d07c20 DEOPT PACKING pc=0x0000017ff3741644 sp=0x0000006b7e4f3700
Event: 2.528 Thread 0x0000017fc5d07c20 DEOPT UNPACKING pc=0x0000017ff3103aa2 sp=0x0000006b7e4f36a8 mode 2
Event: 2.528 Thread 0x0000017fc5d07c20 Uncommon trap: trap_request=0xffffffde fr.pc=0x0000017ff3741644 relative=0x00000000000003e4
Event: 2.528 Thread 0x0000017fc5d07c20 Uncommon trap: reason=class_check action=maybe_recompile pc=0x0000017ff3741644 method=java.util.regex.Pattern$BmpCharPropertyGreedy.match(Ljava/util/regex/Matcher;ILjava/lang/CharSequence;)Z @ 70 c2
Event: 2.528 Thread 0x0000017fc5d07c20 DEOPT PACKING pc=0x0000017ff3741644 sp=0x0000006b7e4f3550
Event: 2.528 Thread 0x0000017fc5d07c20 DEOPT UNPACKING pc=0x0000017ff3103aa2 sp=0x0000006b7e4f34f8 mode 2
Event: 2.836 Thread 0x0000017fc5d07c20 Uncommon trap: trap_request=0xffffff45 fr.pc=0x0000017ff3786884 relative=0x0000000000000164
Event: 2.836 Thread 0x0000017fc5d07c20 Uncommon trap: reason=unstable_if action=reinterpret pc=0x0000017ff3786884 method=org.lombokweb.asm.ByteVector.putByteArray([BII)Lorg/lombokweb/asm/ByteVector; @ 20 c2
Event: 2.836 Thread 0x0000017fc5d07c20 DEOPT PACKING pc=0x0000017ff3786884 sp=0x0000006b7e4eef90
Event: 2.836 Thread 0x0000017fc5d07c20 DEOPT UNPACKING pc=0x0000017ff3103aa2 sp=0x0000006b7e4eef60 mode 2
Event: 2.836 Thread 0x0000017fc5d07c20 Uncommon trap: trap_request=0xffffff45 fr.pc=0x0000017ff3785950 relative=0x0000000000000390
Event: 2.836 Thread 0x0000017fc5d07c20 Uncommon trap: reason=unstable_if action=reinterpret pc=0x0000017ff3785950 method=org.lombokweb.asm.Label.resolve([BLorg/lombokweb/asm/ByteVector;I)Z @ 81 c2
Event: 2.836 Thread 0x0000017fc5d07c20 DEOPT PACKING pc=0x0000017ff3785950 sp=0x0000006b7e4ef020
Event: 2.836 Thread 0x0000017fc5d07c20 DEOPT UNPACKING pc=0x0000017ff3103aa2 sp=0x0000006b7e4eef28 mode 2

Classes loaded (20 events):
Event: 2.556 Loading class java/util/zip/GZIPInputStream
Event: 2.557 Loading class java/util/zip/GZIPInputStream done
Event: 2.560 Loading class java/net/SocketTimeoutException
Event: 2.560 Loading class java/io/InterruptedIOException
Event: 2.560 Loading class java/io/InterruptedIOException done
Event: 2.560 Loading class java/net/SocketTimeoutException done
Event: 2.560 Loading class java/net/SocketException
Event: 2.561 Loading class java/net/SocketException done
Event: 2.561 Loading class java/net/UnknownHostException
Event: 2.561 Loading class java/net/UnknownHostException done
Event: 2.561 Loading class java/net/ProtocolException
Event: 2.561 Loading class java/net/ProtocolException done
Event: 2.579 Loading class java/lang/ThreadLocal$SuppliedThreadLocal
Event: 2.579 Loading class java/lang/ThreadLocal$SuppliedThreadLocal done
Event: 2.589 Loading class java/io/FileWriter
Event: 2.589 Loading class java/io/FileWriter done
Event: 2.591 Loading class java/lang/NegativeArraySizeException
Event: 2.591 Loading class java/lang/NegativeArraySizeException done
Event: 3.013 Loading class org/w3c/dom/DOMException
Event: 3.013 Loading class org/w3c/dom/DOMException done

Classes unloaded (7 events):
Event: 2.914 Thread 0x0000017fe8a37bd0 Unloading class 0x0000017f8118d400 'java/lang/invoke/LambdaForm$MH+0x0000017f8118d400'
Event: 2.914 Thread 0x0000017fe8a37bd0 Unloading class 0x0000017f8118d000 'java/lang/invoke/LambdaForm$MH+0x0000017f8118d000'
Event: 2.914 Thread 0x0000017fe8a37bd0 Unloading class 0x0000017f8118cc00 'java/lang/invoke/LambdaForm$MH+0x0000017f8118cc00'
Event: 2.914 Thread 0x0000017fe8a37bd0 Unloading class 0x0000017f8118c800 'java/lang/invoke/LambdaForm$MH+0x0000017f8118c800'
Event: 2.914 Thread 0x0000017fe8a37bd0 Unloading class 0x0000017f8118c400 'java/lang/invoke/LambdaForm$BMH+0x0000017f8118c400'
Event: 2.914 Thread 0x0000017fe8a37bd0 Unloading class 0x0000017f8118c000 'java/lang/invoke/LambdaForm$DMH+0x0000017f8118c000'
Event: 2.914 Thread 0x0000017fe8a37bd0 Unloading class 0x0000017f8118ac00 'java/lang/invoke/LambdaForm$DMH+0x0000017f8118ac00'

Classes redefined (0 events):
No events

Internal exceptions (20 events):
Event: 2.405 Thread 0x0000017fc5d07c20 Exception <a 'java/lang/NoSuchMethodError'{0x00000000d6c15898}: 'void java.lang.invoke.DelegatingMethodHandle$Holder.reinvoke_L(java.lang.Object, java.lang.Object, int)'> (0x00000000d6c15898) 
thrown [s\src\hotspot\share\interpreter\linkResolver.cpp, line 773]
Event: 2.406 Thread 0x0000017fc5d07c20 Exception <a 'java/lang/NoSuchMethodError'{0x00000000d6c1c580}: 'int java.lang.invoke.Invokers$Holder.invokeExact_MT(java.lang.Object, java.lang.Object, java.lang.Object)'> (0x00000000d6c1c580) 
thrown [s\src\hotspot\share\interpreter\linkResolver.cpp, line 773]
Event: 2.420 Thread 0x0000017fc5d07c20 Exception <a 'java/lang/NoSuchMethodError'{0x00000000d6d29770}: 'void java.lang.invoke.Invokers$Holder.invokeExact_MT(java.lang.Object, java.lang.Object, int, java.lang.Object)'> (0x00000000d6d29770) 
thrown [s\src\hotspot\share\interpreter\linkResolver.cpp, line 773]
Event: 2.438 Thread 0x0000017fc5d07c20 Exception <a 'java/lang/NoSuchMethodError'{0x00000000d6e2e0a8}: 'java.lang.Object java.lang.invoke.DirectMethodHandle$Holder.invokeSpecial(java.lang.Object, java.lang.Object, java.lang.Object, long, java.lang.Object)'> (0x00000000d6e2e0a8) 
thrown [s\src\hotspot\share\interpreter\linkResolver.cpp, line 773]
Event: 2.438 Thread 0x0000017fc5d07c20 Exception <a 'java/lang/NoSuchMethodError'{0x00000000d6e358f0}: 'java.lang.Object java.lang.invoke.DirectMethodHandle$Holder.newInvokeSpecial(java.lang.Object, java.lang.Object, java.lang.Object, long)'> (0x00000000d6e358f0) 
thrown [s\src\hotspot\share\interpreter\linkResolver.cpp, line 773]
Event: 2.438 Thread 0x0000017fc5d07c20 Exception <a 'java/lang/NoSuchMethodError'{0x00000000d6e39ca0}: 'java.lang.Object java.lang.invoke.DirectMethodHandle$Holder.invokeSpecial(java.lang.Object, java.lang.Object, java.lang.Object, java.lang.Object, long)'> (0x00000000d6e39ca0) 
thrown [s\src\hotspot\share\interpreter\linkResolver.cpp, line 773]
Event: 2.438 Thread 0x0000017fc5d07c20 Exception <a 'java/lang/NoSuchMethodError'{0x00000000d6e3d8c0}: 'java.lang.Object java.lang.invoke.Invokers$Holder.linkToTargetMethod(java.lang.Object, java.lang.Object, long, java.lang.Object)'> (0x00000000d6e3d8c0) 
thrown [s\src\hotspot\share\interpreter\linkResolver.cpp, line 773]
Event: 2.451 Thread 0x0000017fc5d07c20 Exception <a 'java/lang/NoSuchMethodError'{0x00000000d55b4248}: 'int java.lang.invoke.DirectMethodHandle$Holder.invokeStaticInit(java.lang.Object, java.lang.Object, java.lang.Object)'> (0x00000000d55b4248) 
thrown [s\src\hotspot\share\interpreter\linkResolver.cpp, line 773]
Event: 2.458 Thread 0x0000017fc5d07c20 Exception <a 'java/lang/IncompatibleClassChangeError'{0x00000000d5669068}: Found class java.lang.Object, but interface was expected> (0x00000000d5669068) 
thrown [s\src\hotspot\share\interpreter\linkResolver.cpp, line 840]
Event: 2.461 Thread 0x0000017fc5d07c20 Exception <a 'java/lang/NoSuchMethodError'{0x00000000d567d338}: 'java.lang.Object java.lang.invoke.DirectMethodHandle$Holder.invokeSpecial(java.lang.Object, java.lang.Object, java.lang.Object, int, java.lang.Object, java.lang.Object)'> (0x00000000d567d338) 
thrown [s\src\hotspot\share\interpreter\linkResolver.cpp, line 773]
Event: 2.462 Thread 0x0000017fc5d07c20 Exception <a 'java/lang/NoSuchMethodError'{0x00000000d5684e10}: 'java.lang.Object java.lang.invoke.DirectMethodHandle$Holder.newInvokeSpecial(java.lang.Object, java.lang.Object, java.lang.Object, int, java.lang.Object)'> (0x00000000d5684e10) 
thrown [s\src\hotspot\share\interpreter\linkResolver.cpp, line 773]
Event: 2.462 Thread 0x0000017fc5d07c20 Exception <a 'java/lang/NoSuchMethodError'{0x00000000d5688d90}: 'java.lang.Object java.lang.invoke.DirectMethodHandle$Holder.invokeSpecial(java.lang.Object, java.lang.Object, java.lang.Object, java.lang.Object, int, java.lang.Object)'> (0x00000000d5688d90) 
thrown [s\src\hotspot\share\interpreter\linkResolver.cpp, line 773]
Event: 2.462 Thread 0x0000017fc5d07c20 Exception <a 'java/lang/NoSuchMethodError'{0x00000000d568c8d0}: 'java.lang.Object java.lang.invoke.Invokers$Holder.linkToTargetMethod(java.lang.Object, java.lang.Object, int, java.lang.Object, java.lang.Object)'> (0x00000000d568c8d0) 
thrown [s\src\hotspot\share\interpreter\linkResolver.cpp, line 773]
Event: 2.462 Thread 0x0000017fc5fe4870 Exception <a 'java/lang/NoSuchMethodError'{0x00000000d55d3418}: 'java.lang.Object java.lang.invoke.DirectMethodHandle$Holder.invokeSpecial(java.lang.Object, java.lang.Object, int, java.lang.Object, java.lang.Object)'> (0x00000000d55d3418) 
thrown [s\src\hotspot\share\interpreter\linkResolver.cpp, line 773]
Event: 2.463 Thread 0x0000017fc5fe4870 Exception <a 'java/lang/NoSuchMethodError'{0x00000000d55da150}: 'java.lang.Object java.lang.invoke.DirectMethodHandle$Holder.newInvokeSpecial(java.lang.Object, java.lang.Object, int, java.lang.Object)'> (0x00000000d55da150) 
thrown [s\src\hotspot\share\interpreter\linkResolver.cpp, line 773]
Event: 2.463 Thread 0x0000017fc5fe4870 Exception <a 'java/lang/NoSuchMethodError'{0x00000000d55dda30}: 'java.lang.Object java.lang.invoke.DirectMethodHandle$Holder.invokeSpecial(java.lang.Object, java.lang.Object, java.lang.Object, int, java.lang.Object)'> (0x00000000d55dda30) 
thrown [s\src\hotspot\share\interpreter\linkResolver.cpp, line 773]
Event: 2.476 Thread 0x0000017fc5d07c20 Exception <a 'java/lang/NoSuchMethodError'{0x00000000d57aba20}: 'void java.lang.invoke.DirectMethodHandle$Holder.invokeSpecial(java.lang.Object, java.lang.Object, java.lang.Object, java.lang.Object, java.lang.Object)'> (0x00000000d57aba20) 
thrown [s\src\hotspot\share\interpreter\linkResolver.cpp, line 773]
Event: 2.515 Thread 0x0000017fc5d07c20 Exception <a 'java/lang/NoSuchMethodError'{0x00000000d5a13b10}: 'double java.lang.invoke.DirectMethodHandle$Holder.invokeStatic(java.lang.Object, java.lang.Object)'> (0x00000000d5a13b10) 
thrown [s\src\hotspot\share\interpreter\linkResolver.cpp, line 773]
Event: 2.515 Thread 0x0000017fc5d07c20 Exception <a 'java/lang/NoSuchMethodError'{0x00000000d5a171d0}: 'double java.lang.invoke.DirectMethodHandle$Holder.invokeStaticInit(java.lang.Object, java.lang.Object)'> (0x00000000d5a171d0) 
thrown [s\src\hotspot\share\interpreter\linkResolver.cpp, line 773]
Event: 2.836 Thread 0x0000017fc5d07c20 Implicit null exception at 0x0000017ff3786775 to 0x0000017ff3786868

ZGC Phase Switch (0 events):
No events

VM Operations (20 events):
Event: 1.564 Executing VM operation: HandshakeAllThreads (Deoptimize)
Event: 1.565 Executing VM operation: HandshakeAllThreads (Deoptimize) done
Event: 1.790 Executing VM operation: HandshakeAllThreads (Deoptimize)
Event: 1.790 Executing VM operation: HandshakeAllThreads (Deoptimize) done
Event: 1.935 Executing VM operation: ParallelGCFailedAllocation (Allocation Failure)
Event: 1.940 Executing VM operation: ParallelGCFailedAllocation (Allocation Failure) done
Event: 1.993 Executing VM operation: HandshakeAllThreads (Deoptimize)
Event: 1.993 Executing VM operation: HandshakeAllThreads (Deoptimize) done
Event: 1.999 Executing VM operation: HandshakeAllThreads (Deoptimize)
Event: 1.999 Executing VM operation: HandshakeAllThreads (Deoptimize) done
Event: 2.014 Executing VM operation: HandshakeAllThreads (Deoptimize)
Event: 2.014 Executing VM operation: HandshakeAllThreads (Deoptimize) done
Event: 2.384 Executing VM operation: HandshakeAllThreads (Deoptimize)
Event: 2.384 Executing VM operation: HandshakeAllThreads (Deoptimize) done
Event: 2.441 Executing VM operation: ParallelGCFailedAllocation (Allocation Failure)
Event: 2.447 Executing VM operation: ParallelGCFailedAllocation (Allocation Failure) done
Event: 2.722 Executing VM operation: ParallelGCFailedAllocation (Allocation Failure)
Event: 2.727 Executing VM operation: ParallelGCFailedAllocation (Allocation Failure) done
Event: 2.898 Executing VM operation: CollectForMetadataAllocation (Metadata GC Threshold)
Event: 2.939 Executing VM operation: CollectForMetadataAllocation (Metadata GC Threshold) done

Memory protections (0 events):
No events

Nmethod flushes (0 events):
No events

Events (20 events):
Event: 0.048 Thread 0x0000017fe8990590 Thread added: 0x0000017fff3815c0
Event: 0.048 Thread 0x0000017fe8990590 Thread added: 0x0000017fff3843d0
Event: 0.048 Thread 0x0000017fe8990590 Thread added: 0x0000017fff387370
Event: 0.048 Thread 0x0000017fe8990590 Thread added: 0x0000017fff388da0
Event: 0.048 Thread 0x0000017fe8990590 Thread added: 0x0000017fff38d570
Event: 0.048 Thread 0x0000017fe8990590 Thread added: 0x0000017fff38fa50
Event: 0.049 Thread 0x0000017fe8990590 Thread added: 0x0000017fff3962d0
Event: 0.108 Thread 0x0000017fe8990590 Thread added: 0x0000017fc50e6fb0
Event: 0.416 Thread 0x0000017fe8990590 Thread added: 0x0000017fc52da6b0
Event: 0.531 Thread 0x0000017fff3962d0 Thread added: 0x0000017fc52e8670
Event: 1.174 Thread 0x0000017fe8990590 Thread added: 0x0000017fc564d550
Event: 1.407 Thread 0x0000017fe8990590 Thread added: 0x0000017fc5c97400
Event: 1.410 Thread 0x0000017fe8990590 Thread added: 0x0000017fc5d07c20
Event: 1.555 Thread 0x0000017fc5d07c20 Thread added: 0x0000017fc5cb4400
Event: 1.829 Thread 0x0000017fc5d07c20 Thread added: 0x0000017fc5d82fe0
Event: 2.299 Thread 0x0000017fc52e8670 Thread exited: 0x0000017fc52e8670
Event: 2.410 Thread 0x0000017fc5d07c20 Thread added: 0x0000017fc5fe4210
Event: 2.440 Thread 0x0000017fc5d07c20 Thread added: 0x0000017fc5fe4870
Event: 2.463 Thread 0x0000017fc5d07c20 Thread added: 0x0000017fc5fe56e0
Event: 2.536 Thread 0x0000017fff3962d0 Thread added: 0x0000017fc60c9e20


Dynamic libraries:
0x00007ff62e760000 - 0x00007ff62e76e000 	c:\Users\Vihanga\.antigravity\extensions\redhat.java-1.50.0-win32-x64\jre\21.0.9-win32-x86_64\bin\java.exe
0x00007ff857cb0000 - 0x00007ff857ea8000 	C:\Windows\SYSTEM32\ntdll.dll
0x00007ff856060000 - 0x00007ff856122000 	C:\Windows\System32\KERNEL32.DLL
0x00007ff855950000 - 0x00007ff855c46000 	C:\Windows\System32\KERNELBASE.dll
0x00007ff8554a0000 - 0x00007ff8555a0000 	C:\Windows\System32\ucrtbase.dll
0x00007ff84a630000 - 0x00007ff84a648000 	c:\Users\Vihanga\.antigravity\extensions\redhat.java-1.50.0-win32-x64\jre\21.0.9-win32-x86_64\bin\jli.dll
0x00007ff856310000 - 0x00007ff8564b1000 	C:\Windows\System32\USER32.dll
0x00007ff8557f0000 - 0x00007ff855812000 	C:\Windows\System32\win32u.dll
0x00007ff856970000 - 0x00007ff85699b000 	C:\Windows\System32\GDI32.dll
0x00007ff855630000 - 0x00007ff855749000 	C:\Windows\System32\gdi32full.dll
0x00007ff855750000 - 0x00007ff8557ed000 	C:\Windows\System32\msvcp_win.dll
0x00007ff84ad10000 - 0x00007ff84ad2e000 	c:\Users\Vihanga\.antigravity\extensions\redhat.java-1.50.0-win32-x64\jre\21.0.9-win32-x86_64\bin\VCRUNTIME140.dll
0x00007ff83df00000 - 0x00007ff83e19b000 	C:\Windows\WinSxS\amd64_microsoft.windows.common-controls_6595b64144ccf1df_6.0.19041.6456_none_60b8a6cb71f64256\COMCTL32.dll
0x00007ff855fc0000 - 0x00007ff85605e000 	C:\Windows\System32\msvcrt.dll
0x00007ff856940000 - 0x00007ff85696f000 	C:\Windows\System32\IMM32.DLL
0x0000000053ca0000 - 0x0000000053cac000 	C:\Program Files (x86)\360\Total Security\safemon\SafeWrapper.dll
0x00007ff855de0000 - 0x00007ff855e91000 	C:\Windows\System32\ADVAPI32.dll
0x00007ff855f20000 - 0x00007ff855fbf000 	C:\Windows\System32\sechost.dll
0x00007ff856ea0000 - 0x00007ff856fc0000 	C:\Windows\System32\RPCRT4.dll
0x00007ff855c50000 - 0x00007ff855c77000 	C:\Windows\System32\bcrypt.dll
0x00007ff8336e0000 - 0x00007ff83378c000 	C:\Program Files (x86)\360\Total Security\safemon\libzdtp64.dll
0x00007ff857500000 - 0x00007ff857c70000 	C:\Windows\System32\SHELL32.dll
0x00007ff8569c0000 - 0x00007ff856a1b000 	C:\Windows\System32\SHLWAPI.dll
0x00007ff854e30000 - 0x00007ff854e3a000 	C:\Windows\SYSTEM32\VERSION.dll
0x00007ff8502f0000 - 0x00007ff8502fc000 	c:\Users\Vihanga\.antigravity\extensions\redhat.java-1.50.0-win32-x64\jre\21.0.9-win32-x86_64\bin\vcruntime140_1.dll
0x00007ff81e4a0000 - 0x00007ff81e52d000 	c:\Users\Vihanga\.antigravity\extensions\redhat.java-1.50.0-win32-x64\jre\21.0.9-win32-x86_64\bin\msvcp140.dll
0x00007ff814350000 - 0x00007ff8150f0000 	c:\Users\Vihanga\.antigravity\extensions\redhat.java-1.50.0-win32-x64\jre\21.0.9-win32-x86_64\bin\server\jvm.dll
0x00007ff856560000 - 0x00007ff8565cb000 	C:\Windows\System32\WS2_32.dll
0x00007ff8551a0000 - 0x00007ff8551eb000 	C:\Windows\SYSTEM32\POWRPROF.dll
0x00007ff845ea0000 - 0x00007ff845ec7000 	C:\Windows\SYSTEM32\WINMM.dll
0x00007ff855080000 - 0x00007ff855092000 	C:\Windows\SYSTEM32\UMPDC.dll
0x00007ff853160000 - 0x00007ff853172000 	C:\Windows\SYSTEM32\kernel.appcore.dll
0x00007ff84a4a0000 - 0x00007ff84a4aa000 	c:\Users\Vihanga\.antigravity\extensions\redhat.java-1.50.0-win32-x64\jre\21.0.9-win32-x86_64\bin\jimage.dll
0x00007ff845540000 - 0x00007ff845741000 	C:\Windows\SYSTEM32\DBGHELP.DLL
0x00007ff8395a0000 - 0x00007ff8395d4000 	C:\Windows\SYSTEM32\dbgcore.DLL
0x00007ff8555a0000 - 0x00007ff855622000 	C:\Windows\System32\bcryptPrimitives.dll
0x00007ff849aa0000 - 0x00007ff849aaf000 	c:\Users\Vihanga\.antigravity\extensions\redhat.java-1.50.0-win32-x64\jre\21.0.9-win32-x86_64\bin\instrument.dll
0x00007ff845110000 - 0x00007ff845130000 	c:\Users\Vihanga\.antigravity\extensions\redhat.java-1.50.0-win32-x64\jre\21.0.9-win32-x86_64\bin\java.dll
0x00007ff853360000 - 0x00007ff853b05000 	C:\Windows\SYSTEM32\windows.storage.dll
0x00007ff8565d0000 - 0x00007ff856924000 	C:\Windows\System32\combase.dll
0x00007ff854c90000 - 0x00007ff854cbb000 	C:\Windows\SYSTEM32\Wldp.dll
0x00007ff857430000 - 0x00007ff8574fd000 	C:\Windows\System32\OLEAUT32.dll
0x00007ff856a20000 - 0x00007ff856acd000 	C:\Windows\System32\SHCORE.dll
0x00007ff855270000 - 0x00007ff855294000 	C:\Windows\SYSTEM32\profapi.dll
0x00007ff83de60000 - 0x00007ff83de78000 	c:\Users\Vihanga\.antigravity\extensions\redhat.java-1.50.0-win32-x64\jre\21.0.9-win32-x86_64\bin\zip.dll
0x00007ff849940000 - 0x00007ff849950000 	C:\Users\Vihanga\.antigravity\extensions\redhat.java-1.50.0-win32-x64\jre\21.0.9-win32-x86_64\bin\net.dll
0x00007ff84dc50000 - 0x00007ff84dd5a000 	C:\Windows\SYSTEM32\WINHTTP.dll
0x00007ff8549f0000 - 0x00007ff854a5a000 	C:\Windows\system32\mswsock.dll
0x00007ff83bd50000 - 0x00007ff83bd66000 	C:\Users\Vihanga\.antigravity\extensions\redhat.java-1.50.0-win32-x64\jre\21.0.9-win32-x86_64\bin\nio.dll
0x00007ff845160000 - 0x00007ff845170000 	c:\Users\Vihanga\.antigravity\extensions\redhat.java-1.50.0-win32-x64\jre\21.0.9-win32-x86_64\bin\verify.dll
0x00007ff82d480000 - 0x00007ff82d4c4000 	C:\Users\Vihanga\AppData\Roaming\Antigravity\User\globalStorage\redhat.java\1.50.0\config_ss_win\org.eclipse.equinox.launcher\org.eclipse.equinox.launcher.win32.win32.x86_64_1.2.1400.v20250801-0854\eclipse_11916.dll
0x00007ff856c90000 - 0x00007ff856dbb000 	C:\Windows\System32\ole32.dll
0x00007ff854bf0000 - 0x00007ff854c08000 	C:\Windows\SYSTEM32\CRYPTSP.dll
0x00007ff8542a0000 - 0x00007ff8542d8000 	C:\Windows\system32\rsaenh.dll
0x00007ff8551f0000 - 0x00007ff85521e000 	C:\Windows\SYSTEM32\USERENV.dll
0x00007ff854be0000 - 0x00007ff854bec000 	C:\Windows\SYSTEM32\CRYPTBASE.dll
0x00007ff854660000 - 0x00007ff85469b000 	C:\Windows\SYSTEM32\IPHLPAPI.DLL
0x00007ff856ad0000 - 0x00007ff856ad8000 	C:\Windows\System32\NSI.dll
0x00007ff82d300000 - 0x00007ff82d349000 	C:\Users\Vihanga\AppData\Local\Temp\jna-2121011004\jna12812289311552720725.dll
0x00007ff856930000 - 0x00007ff856938000 	C:\Windows\System32\PSAPI.DLL

JVMTI agents:
c:\Users\Vihanga\.antigravity\extensions\redhat.java-1.50.0-win32-x64\lombok\lombok-1.18.39-4050.jar path:c:\Users\Vihanga\.antigravity\extensions\redhat.java-1.50.0-win32-x64\jre\21.0.9-win32-x86_64\bin\instrument.dll, loaded, initialized, instrumentlib options:none

dbghelp: loaded successfully - version: 4.0.5 - missing functions: none
symbol engine: initialized successfully - sym options: 0x614 - pdb path: .;c:\Users\Vihanga\.antigravity\extensions\redhat.java-1.50.0-win32-x64\jre\21.0.9-win32-x86_64\bin;C:\Windows\SYSTEM32;C:\Windows\WinSxS\amd64_microsoft.windows.common-controls_6595b64144ccf1df_6.0.19041.6456_none_60b8a6cb71f64256;C:\Program Files (x86)\360\Total Security\safemon;c:\Users\Vihanga\.antigravity\extensions\redhat.java-1.50.0-win32-x64\jre\21.0.9-win32-x86_64\bin\server;C:\Users\Vihanga\AppData\Roaming\Antigravity\User\globalStorage\redhat.java\1.50.0\config_ss_win\org.eclipse.equinox.launcher\org.eclipse.equinox.launcher.win32.win32.x86_64_1.2.1400.v20250801-0854;C:\Users\Vihanga\AppData\Local\Temp\jna-2121011004

VM Arguments:
jvm_args: --add-modules=ALL-SYSTEM --add-opens=java.base/java.util=ALL-UNNAMED --add-opens=java.base/java.lang=ALL-UNNAMED --add-opens=java.base/sun.nio.fs=ALL-UNNAMED -Declipse.application=org.eclipse.jdt.ls.core.id1 -Dosgi.bundles.defaultStartLevel=4 -Declipse.product=org.eclipse.jdt.ls.core.product -Djava.import.generatesMetadataFilesAtProjectRoot=false -DDetectVMInstallationsJob.disabled=true -Dfile.encoding=utf8 -XX:+UseParallelGC -XX:GCTimeRatio=4 -XX:AdaptiveSizePolicyWeight=90 -Dsun.zip.disableMemoryMapping=true -Xmx2G -Xms100m -Xlog:disable -javaagent:c:\Users\Vihanga\.antigravity\extensions\redhat.java-1.50.0-win32-x64\lombok\lombok-1.18.39-4050.jar 
java_command: c:\Users\Vihanga\.antigravity\extensions\redhat.java-1.50.0-win32-x64\server\plugins\org.eclipse.equinox.launcher_1.7.100.v20251111-0406.jar -configuration c:\Users\Vihanga\AppData\Roaming\Antigravity\User\globalStorage\redhat.java\1.50.0\config_ss_win -data c:\Users\Vihanga\AppData\Roaming\Antigravity\User\workspaceStorage\c0b8f771bb728cf03ca3341653bb894a\redhat.java\ss_ws --pipe=\\.\pipe\lsp-58e350fce6f5398b7bbddae3cce704da-sock
java_class_path (initial): c:\Users\Vihanga\.antigravity\extensions\redhat.java-1.50.0-win32-x64\server\plugins\org.eclipse.equinox.launcher_1.7.100.v20251111-0406.jar
Launcher Type: SUN_STANDARD

[Global flags]
    uintx AdaptiveSizePolicyWeight                 = 90                                        {product} {command line}
     intx CICompilerCount                          = 3                                         {product} {ergonomic}
    uintx GCTimeRatio                              = 4                                         {product} {command line}
   size_t InitialHeapSize                          = 104857600                                 {product} {command line}
   size_t MaxHeapSize                              = 2147483648                                {product} {command line}
   size_t MaxNewSize                               = 715653120                                 {product} {ergonomic}
   size_t MinHeapDeltaBytes                        = 524288                                    {product} {ergonomic}
   size_t MinHeapSize                              = 104857600                                 {product} {command line}
   size_t NewSize                                  = 34603008                                  {product} {ergonomic}
    uintx NonNMethodCodeHeapSize                   = 5832780                                {pd product} {ergonomic}
    uintx NonProfiledCodeHeapSize                  = 122912730                              {pd product} {ergonomic}
   size_t OldSize                                  = 70254592                                  {product} {ergonomic}
    uintx ProfiledCodeHeapSize                     = 122912730                              {pd product} {ergonomic}
    uintx ReservedCodeCacheSize                    = 251658240                              {pd product} {ergonomic}
     bool SegmentedCodeCache                       = true                                      {product} {ergonomic}
   size_t SoftMaxHeapSize                          = 2147483648                             {manageable} {ergonomic}
     bool UseCompressedOops                        = true                           {product lp64_product} {ergonomic}
     bool UseLargePagesIndividualAllocation        = false                                  {pd product} {ergonomic}
     bool UseParallelGC                            = true                                      {product} {command line}

Logging:
Log output configuration:
 #0: stdout all=off uptime,level,tags foldmultilines=false
 #1: stderr all=off uptime,level,tags foldmultilines=false

Release file:
JAVA_VERSION="21.0.9" 
MODULES="java.base java.compiler java.datatransfer java.xml java.prefs java.desktop java.instrument java.logging java.management java.security.sasl java.naming java.rmi java.management.rmi java.net.http java.scripting java.security.jgss java.transaction.xa java.sql java.sql.rowset java.xml.crypto java.se java.smartcardio jdk.accessibility jdk.internal.jvmstat jdk.attach jdk.charsets jdk.internal.opt jdk.zipfs jdk.compiler jdk.crypto.ec jdk.crypto.cryptoki jdk.crypto.mscapi jdk.dynalink jdk.internal.ed jdk.editpad jdk.hotspot.agent jdk.httpserver jdk.internal.le jdk.internal.vm.ci jdk.internal.vm.compiler jdk.internal.vm.compiler.management jdk.jartool jdk.javadoc jdk.jcmd jdk.management jdk.management.agent jdk.jconsole jdk.jdeps jdk.jdwp.agent jdk.jdi jdk.jfr jdk.jshell jdk.jsobject jdk.jstatd jdk.localedata jdk.management.jfr jdk.naming.dns jdk.naming.rmi jdk.net jdk.nio.mapmode jdk.random jdk.sctp jdk.security.auth jdk.security.jgss jdk.unsupported jdk.unsupported.desktop jdk.xml.dom" 

Environment Variables:
JAVA_HOME=C:\Program Files\Java\jdk-21
PATH=C:\Python313\Scripts\;C:\Python313\;C:\Program Files\Common Files\Oracle\Java\javapath;C:\Windows\system32;C:\Windows;C:\Windows\System32\Wbem;C:\Windows\System32\WindowsPowerShell\v1.0\;C:\Windows\System32\OpenSSH\;C:\Program Files (x86)\NVIDIA Corporation\PhysX\Common;C:\Program Files\NVIDIA Corporation\NVIDIA NvDLISR;C:\Program Files\nodejs\;C:\ProgramData\chocolatey\bin;C:\Program Files\dotnet\;C:\Users\Vihanga\.cargo\bin;C:\Program Files\MySQL\MySQL Shell 8.0\bin\;C:\Users\Vihanga\AppData\Local\Microsoft\WindowsApps;C:\Program Files\Java\jdk-21\bin;C:\Users\Vihanga\AppData\Local\Programs\Microsoft VS Code\bin;C:\Users\Vihanga\AppData\Roaming\npm;C:\aria2;C:\Users\Vihanga\AppData\Local\GitHubDesktop\bin;C:\apache-maven-3.9.11\bin;D:\IntelliJ IDEA 2025.2\bin;D:\Programming Files\WebStorm 2025.2\bin;C:\Users\Vihanga\AppData\Local\Programs\Antigravity\bin
USERNAME=Vihanga
OS=Windows_NT
PROCESSOR_IDENTIFIER=Intel64 Family 6 Model 158 Stepping 9, GenuineIntel
TMP=C:\Users\Vihanga\AppData\Local\Temp
TEMP=C:\Users\Vihanga\AppData\Local\Temp




Periodic native trim disabled

---------------  S Y S T E M  ---------------

OS:
 Windows 10 , 64 bit Build 19041 (10.0.19041.5915)
OS uptime: 1 days 4:20 hours

CPU: total 4 (initial active 4) (4 cores per cpu, 1 threads per core) family 6 model 158 stepping 9 microcode 0xb4, cx8, cmov, fxsr, mmx, 3dnowpref, sse, sse2, sse3, ssse3, sse4.1, sse4.2, popcnt, lzcnt, tsc, tscinvbit, avx, avx2, aes, erms, clmul, bmi1, bmi2, rtm, adx, fma, vzeroupper, clflush, clflushopt, rdtscp, f16c
Processor Information for the first 4 processors :
  Max Mhz: 3401, Current Mhz: 3401, Mhz Limit: 3401

Memory: 4k page, system-wide physical 8134M (375M free)
TotalPageFile size 16326M (AvailPageFile size 10M)
current process WorkingSet (physical memory assigned to process): 158M, peak: 158M
current process commit charge ("private bytes"): 279M, peak: 279M

vm_info: OpenJDK 64-Bit Server VM (21.0.9+10-LTS) for windows-amd64 JRE (21.0.9+10-LTS), built on 2025-10-21T00:00:00Z by "admin" with unknown MS VC++:1942

END.
