#
# There is insufficient memory for the Java Runtime Environment to continue.
# Native memory allocation (mmap) failed to map 101711872 bytes for G1 virtual space
# Possible reasons:
#   The system is out of physical RAM or swap space
#   The process is running with CompressedOops enabled, and the Java Heap may be blocking the growth of the native heap
# Possible solutions:
#   Reduce memory load on the system
#   Increase physical memory or swap space
#   Check if swap backing store is full
#   Decrease Java heap size (-Xmx/-Xms)
#   Decrease number of Java threads
#   Decrease Java thread stack sizes (-Xss)
#   Set larger code cache with -XX:ReservedCodeCacheSize=
#   JVM is running with Unscaled Compressed Oops mode in which the Java heap is
#     placed in the first 4GB address space. The Java Heap base address is the
#     maximum limit for the native heap growth. Please use -XX:HeapBaseMinAddress
#     to set the Java Heap base and to place the Java Heap above 4GB virtual address.
# This output file may be truncated or incomplete.
#
#  Out of Memory Error (os_windows.cpp:3600), pid=8856, tid=15304
#
# JRE version: Java(TM) SE Runtime Environment (21.0.1+12) (build 21.0.1+12-LTS-29)
# Java VM: Java HotSpot(TM) 64-Bit Server VM (21.0.1+12-LTS-29, mixed mode, sharing, tiered, compressed oops, compressed class ptrs, g1 gc, windows-amd64)
# No core dump will be written. Minidumps are not enabled by default on client versions of Windows
#

---------------  S U M M A R Y ------------

Command Line: --module-path=D:\Quantum Blaze\Projects\Research Project\POS Systems\POS_Java_01\quantumretail_pro\target\classes;C:\Users\Vihanga\.m2\repository\com\github\weisj\jsvg\1.7.0\jsvg-1.7.0.jar;C:\Users\Vihanga\.m2\repository\com\google\code\gson\gson\2.13.1\gson-2.13.1.jar;C:\Users\Vihanga\.m2\repository\com\google\errorprone\error_prone_annotations\2.38.0\error_prone_annotations-2.38.0.jar;C:\Users\Vihanga\.m2\repository\com\jfoenix\jfoenix\9.0.8\jfoenix-9.0.8.jar;C:\Users\Vihanga\.m2\repository\commons-beanutils\commons-beanutils\1.9.4\commons-beanutils-1.9.4.jar;C:\Users\Vihanga\.m2\repository\de\mkammerer\argon2-jvm\2.12\argon2-jvm-2.12.jar;C:\Users\Vihanga\.m2\repository\de\mkammerer\argon2-jvm-nolibs\2.12\argon2-jvm-nolibs-2.12.jar;C:\Users\Vihanga\.m2\repository\jakarta\persistence\jakarta.persistence-api\3.1.0\jakarta.persistence-api-3.1.0.jar;C:\Users\Vihanga\.m2\repository\net\java\dev\jna\jna\5.17.0\jna-5.17.0.jar;C:\Users\Vihanga\.m2\repository\net\sf\jasperreports\jasperreports\6.20.5\jasperreports-6.20.5.jar;C:\Users\Vihanga\.m2\repository\net\sf\jasperreports\jasperreports-fonts\6.20.5\jasperreports-fonts-6.20.5.jar;C:\Users\Vihanga\.m2\repository\net\sourceforge\barbecue\barbecue\1.5-beta1\barbecue-1.5-beta1.jar;C:\Users\Vihanga\.m2\repository\org\apache\commons\commons-lang3\3.17.0\commons-lang3-3.17.0.jar;C:\Users\Vihanga\.m2\repository\org\hibernate\orm\hibernate-core\6.4.4.Final\hibernate-core-6.4.4.Final.jar;C:\Users\Vihanga\.m2\repository\org\hibernate\validator\hibernate-validator\8.0.1.Final\hibernate-validator-8.0.1.Final.jar;C:\Users\Vihanga\.m2\repository\org\json\json\20250517\json-20250517.jar;C:\Users\Vihanga\.m2\repository\org\openjfx\javafx-base\23.0.1\javafx-base-23.0.1-win.jar;C:\Users\Vihanga\.m2\repository\org\openjfx\javafx-controls\23.0.1\javafx-controls-23.0.1-win.jar;C:\Users\Vihanga\.m2\repository\org\openjfx\javafx-fxml\23.0.1\javafx-fxml-23.0.1-win.jar;C:\Users\Vihanga\.m2\repository\org\openjfx\javafx-graphics\23.0.1\javafx-g--add-modules=com.qb.app -Djdk.module.main=com.qb.app com.qb.app/com.qb.app.Main

Host: Intel(R) Core(TM) i5-7500 CPU @ 3.40GHz, 4 cores, 7G,  Windows 10 , 64 bit Build 19041 (10.0.19041.5915)
Time: Sun Mar  8 14:01:43 2026 Sri Lanka Standard Time elapsed time: 2.647235 seconds (0d 0h 0m 2s)

---------------  T H R E A D  ---------------

Current thread (0x0000020773e1f3d0):  VMThread "VM Thread"          [id=15304, stack(0x00000049a5600000,0x00000049a5700000) (1024K)]

Stack: [0x00000049a5600000,0x00000049a5700000]
Native frames: (J=compiled Java code, j=interpreted, Vv=VM code, C=native code)
V  [jvm.dll+0x6c9029]
V  [jvm.dll+0x854b81]
V  [jvm.dll+0x856e5e]
V  [jvm.dll+0x857543]
V  [jvm.dll+0x280c06]
V  [jvm.dll+0x6c5715]
V  [jvm.dll+0x6ba10a]
V  [jvm.dll+0x3557ea]
V  [jvm.dll+0x35d436]
V  [jvm.dll+0x3ae1be]
V  [jvm.dll+0x3ae468]
V  [jvm.dll+0x3291fc]
V  [jvm.dll+0x32baa6]
V  [jvm.dll+0x3359fe]
V  [jvm.dll+0x36bc65]
V  [jvm.dll+0x85d048]
V  [jvm.dll+0x85e144]
V  [jvm.dll+0x85e680]
V  [jvm.dll+0x85e923]
V  [jvm.dll+0x7fd728]
V  [jvm.dll+0x6c777d]
C  [ucrtbase.dll+0x21bb2]
C  [KERNEL32.DLL+0x17374]
C  [ntdll.dll+0x4cc91]

VM_Operation (0x00000049a51ff790): G1PauseRemark, mode: safepoint, requested by thread 0x0000020757db7170


---------------  P R O C E S S  ---------------

Threads class SMR info:
_java_thread_list=0x000002077e73f890, length=18, elements={
0x0000020757d53710, 0x0000020773e3a8c0, 0x0000020773e3b320, 0x0000020773e3e940,
0x0000020773e41b50, 0x0000020773e46980, 0x0000020773e47270, 0x0000020773e49c20,
0x0000020773e4aa70, 0x00000207780e3e60, 0x00000207783fd9d0, 0x0000020778801310,
0x00000207784dbca0, 0x00000207789f3700, 0x0000020755b7fc90, 0x000002077de5c0e0,
0x000002077e63a1f0, 0x000002077e7e5fe0
}

Java Threads: ( => current thread )
  0x0000020757d53710 JavaThread "main"                              [_thread_blocked, id=17156, stack(0x00000049a4f00000,0x00000049a5000000) (1024K)]
  0x0000020773e3a8c0 JavaThread "Reference Handler"          daemon [_thread_blocked, id=17264, stack(0x00000049a5700000,0x00000049a5800000) (1024K)]
  0x0000020773e3b320 JavaThread "Finalizer"                  daemon [_thread_blocked, id=9472, stack(0x00000049a5800000,0x00000049a5900000) (1024K)]
  0x0000020773e3e940 JavaThread "Signal Dispatcher"          daemon [_thread_blocked, id=688, stack(0x00000049a5900000,0x00000049a5a00000) (1024K)]
  0x0000020773e41b50 JavaThread "Attach Listener"            daemon [_thread_blocked, id=2316, stack(0x00000049a5a00000,0x00000049a5b00000) (1024K)]
  0x0000020773e46980 JavaThread "Service Thread"             daemon [_thread_blocked, id=17628, stack(0x00000049a5b00000,0x00000049a5c00000) (1024K)]
  0x0000020773e47270 JavaThread "Monitor Deflation Thread"   daemon [_thread_blocked, id=17520, stack(0x00000049a5c00000,0x00000049a5d00000) (1024K)]
  0x0000020773e49c20 JavaThread "C2 CompilerThread0"         daemon [_thread_blocked, id=18176, stack(0x00000049a5d00000,0x00000049a5e00000) (1024K)]
  0x0000020773e4aa70 JavaThread "C1 CompilerThread0"         daemon [_thread_blocked, id=6448, stack(0x00000049a5e00000,0x00000049a5f00000) (1024K)]
  0x00000207780e3e60 JavaThread "Common-Cleaner"             daemon [_thread_blocked, id=12012, stack(0x00000049a5f00000,0x00000049a6000000) (1024K)]
  0x00000207783fd9d0 JavaThread "Notification Thread"        daemon [_thread_blocked, id=10992, stack(0x00000049a6200000,0x00000049a6300000) (1024K)]
  0x0000020778801310 JavaThread "QuantumRenderer-0"          daemon [_thread_blocked, id=8700, stack(0x00000049a6300000,0x00000049a6400000) (1024K)]
  0x00000207784dbca0 JavaThread "InvokeLaterDispatcher"      daemon [_thread_blocked, id=15272, stack(0x00000049a6600000,0x00000049a6700000) (1024K)]
  0x00000207789f3700 JavaThread "JavaFX Application Thread"         [_thread_blocked, id=18264, stack(0x00000049a6700000,0x00000049a6800000) (1024K)]
  0x0000020755b7fc90 JavaThread "Thread-1"                   daemon [_thread_blocked, id=6876, stack(0x00000049a6900000,0x00000049a6a00000) (1024K)]
  0x000002077de5c0e0 JavaThread "JavaFX-Launcher"                   [_thread_blocked, id=4468, stack(0x00000049a6a00000,0x00000049a6b00000) (1024K)]
  0x000002077e63a1f0 JavaThread "Thread-4"                   daemon [_thread_blocked, id=18032, stack(0x00000049a6b00000,0x00000049a6c00000) (1024K)]
  0x000002077e7e5fe0 JavaThread "Prism Font Disposer"        daemon [_thread_blocked, id=7848, stack(0x00000049a6f00000,0x00000049a7000000) (1024K)]
Total: 18

Other Threads:
=>0x0000020773e1f3d0 VMThread "VM Thread"                           [id=15304, stack(0x00000049a5600000,0x00000049a5700000) (1024K)]
  0x0000020773e07b10 WatcherThread "VM Periodic Task Thread"        [id=15616, stack(0x00000049a5500000,0x00000049a5600000) (1024K)]
  0x0000020757da62a0 WorkerThread "GC Thread#0"                     [id=1608, stack(0x00000049a5000000,0x00000049a5100000) (1024K)]
  0x00000207782e9d40 WorkerThread "GC Thread#1"                     [id=16848, stack(0x00000049a6000000,0x00000049a6100000) (1024K)]
  0x00000207783f67b0 WorkerThread "GC Thread#2"                     [id=18028, stack(0x00000049a6100000,0x00000049a6200000) (1024K)]
  0x0000020778b71780 WorkerThread "GC Thread#3"                     [id=3720, stack(0x00000049a6500000,0x00000049a6600000) (1024K)]
  0x0000020757db7170 ConcurrentGCThread "G1 Main Marker"            [id=10928, stack(0x00000049a5100000,0x00000049a5200000) (1024K)]
  0x0000020757db8780 WorkerThread "G1 Conc#0"                       [id=17688, stack(0x00000049a5200000,0x00000049a5300000) (1024K)]
  0x0000020773ccb530 ConcurrentGCThread "G1 Refine#0"               [id=15084, stack(0x00000049a5300000,0x00000049a5400000) (1024K)]
  0x0000020773cccd60 ConcurrentGCThread "G1 Service"                [id=18336, stack(0x00000049a5400000,0x00000049a5500000) (1024K)]
Total: 10

Threads with active compile tasks:
Total: 0

VM state: at safepoint (normal execution)

VM Mutex/Monitor currently owned by a thread:  ([mutex/lock_event])
[0x00007ffb85c2a5f8] Threads_lock - owner thread: 0x0000020773e1f3d0
[0x00007ffb85c2a6f8] Heap_lock - owner thread: 0x0000020757db7170

Heap address: 0x0000000080e00000, size: 2034 MB, Compressed Oops mode: 32-bit

CDS archive(s) mapped at: [0x0000020700000000-0x0000020700c90000-0x0000020700c90000), size 13172736, SharedBaseAddress: 0x0000020700000000, ArchiveRelocationMode: 1.
Compressed class space mapped at: 0x0000020701000000-0x0000020741000000, reserved size: 1073741824
Narrow klass base: 0x0000020700000000, Narrow klass shift: 0, Narrow klass range: 0x100000000

GC Precious Log:
 CardTable entry size: 512
 Card Set container configuration: InlinePtr #cards 5 size 8 Array Of Cards #cards 12 size 40 Howl #buckets 4 coarsen threshold 1843 Howl Bitmap #cards 512 size 80 coarsen threshold 460 Card regions per heap region 1 cards per card region 2048
 CPUs: 4 total, 4 available
 Memory: 8132M
 Large Page Support: Disabled
 NUMA Support: Disabled
 Compressed Oops: Enabled (32-bit)
 Heap Region Size: 1M
 Heap Min Capacity: 8M
 Heap Initial Capacity: 128M
 Heap Max Capacity: 2034M
 Pre-touch: Disabled
 Parallel Workers: 4
 Concurrent Workers: 1
 Concurrent Refinement Workers: 4
 Periodic GC: Disabled

Heap:
 garbage-first heap   total 227328K, used 193978K [0x0000000080e00000, 0x0000000100000000)
  region size 1024K, 4 young (4096K), 3 survivors (3072K)
 Metaspace       used 21405K, committed 21696K, reserved 1114112K
  class space    used 3046K, committed 3200K, reserved 1048576K

Heap Regions: E=young(eden), S=young(survivor), O=old, HS=humongous(starts), HC=humongous(continues), CS=collection set, F=free, TAMS=top-at-mark-start, PB=parsable bottom
|   0|0x0000000080e00000, 0x0000000080f00000, 0x0000000080f00000|100%|HS|  |TAMS 0x0000000080f00000| PB 0x0000000080e00000| Complete 
|   1|0x0000000080f00000, 0x0000000081000000, 0x0000000081000000|100%| O|  |TAMS 0x0000000081000000| PB 0x0000000081000000| Untracked 
|   2|0x0000000081000000, 0x0000000081100000, 0x0000000081100000|100%|HS|  |TAMS 0x0000000081100000| PB 0x0000000081000000| Complete 
|   3|0x0000000081100000, 0x0000000081200000, 0x0000000081200000|100%|HC|  |TAMS 0x0000000081200000| PB 0x0000000081100000| Complete 
|   4|0x0000000081200000, 0x0000000081300000, 0x0000000081300000|100%|HC|  |TAMS 0x0000000081300000| PB 0x0000000081200000| Complete 
|   5|0x0000000081300000, 0x0000000081400000, 0x0000000081400000|100%|HC|  |TAMS 0x0000000081400000| PB 0x0000000081300000| Complete 
|   6|0x0000000081400000, 0x0000000081500000, 0x0000000081500000|100%|HC|  |TAMS 0x0000000081500000| PB 0x0000000081400000| Complete 
|   7|0x0000000081500000, 0x0000000081600000, 0x0000000081600000|100%|HC|  |TAMS 0x0000000081600000| PB 0x0000000081500000| Complete 
|   8|0x0000000081600000, 0x0000000081700000, 0x0000000081700000|100%|HC|  |TAMS 0x0000000081700000| PB 0x0000000081600000| Complete 
|   9|0x0000000081700000, 0x0000000081800000, 0x0000000081800000|100%|HC|  |TAMS 0x0000000081800000| PB 0x0000000081700000| Complete 
|  10|0x0000000081800000, 0x0000000081900000, 0x0000000081900000|100%|HC|  |TAMS 0x0000000081900000| PB 0x0000000081800000| Complete 
|  11|0x0000000081900000, 0x0000000081a00000, 0x0000000081a00000|100%|HC|  |TAMS 0x0000000081a00000| PB 0x0000000081900000| Complete 
|  12|0x0000000081a00000, 0x0000000081b00000, 0x0000000081b00000|100%|HC|  |TAMS 0x0000000081b00000| PB 0x0000000081a00000| Complete 
|  13|0x0000000081b00000, 0x0000000081c00000, 0x0000000081c00000|100%|HC|  |TAMS 0x0000000081c00000| PB 0x0000000081b00000| Complete 
|  14|0x0000000081c00000, 0x0000000081d00000, 0x0000000081d00000|100%|HC|  |TAMS 0x0000000081d00000| PB 0x0000000081c00000| Complete 
|  15|0x0000000081d00000, 0x0000000081e00000, 0x0000000081e00000|100%|HC|  |TAMS 0x0000000081e00000| PB 0x0000000081d00000| Complete 
|  16|0x0000000081e00000, 0x0000000081f00000, 0x0000000081f00000|100%|HC|  |TAMS 0x0000000081f00000| PB 0x0000000081e00000| Complete 
|  17|0x0000000081f00000, 0x0000000082000000, 0x0000000082000000|100%|HC|  |TAMS 0x0000000082000000| PB 0x0000000081f00000| Complete 
|  18|0x0000000082000000, 0x0000000082100000, 0x0000000082100000|100%|HC|  |TAMS 0x0000000082100000| PB 0x0000000082000000| Complete 
|  19|0x0000000082100000, 0x0000000082200000, 0x0000000082200000|100%|HC|  |TAMS 0x0000000082200000| PB 0x0000000082100000| Complete 
|  20|0x0000000082200000, 0x0000000082300000, 0x0000000082300000|100%|HC|  |TAMS 0x0000000082300000| PB 0x0000000082200000| Complete 
|  21|0x0000000082300000, 0x0000000082400000, 0x0000000082400000|100%|HC|  |TAMS 0x0000000082400000| PB 0x0000000082300000| Complete 
|  22|0x0000000082400000, 0x0000000082500000, 0x0000000082500000|100%|HC|  |TAMS 0x0000000082500000| PB 0x0000000082400000| Complete 
|  23|0x0000000082500000, 0x0000000082600000, 0x0000000082600000|100%|HC|  |TAMS 0x0000000082600000| PB 0x0000000082500000| Complete 
|  24|0x0000000082600000, 0x0000000082700000, 0x0000000082700000|100%|HC|  |TAMS 0x0000000082700000| PB 0x0000000082600000| Complete 
|  25|0x0000000082700000, 0x0000000082800000, 0x0000000082800000|100%|HC|  |TAMS 0x0000000082800000| PB 0x0000000082700000| Complete 
|  26|0x0000000082800000, 0x0000000082900000, 0x0000000082900000|100%|HC|  |TAMS 0x0000000082900000| PB 0x0000000082800000| Complete 
|  27|0x0000000082900000, 0x0000000082a00000, 0x0000000082a00000|100%|HC|  |TAMS 0x0000000082a00000| PB 0x0000000082900000| Complete 
|  28|0x0000000082a00000, 0x0000000082b00000, 0x0000000082b00000|100%|HC|  |TAMS 0x0000000082b00000| PB 0x0000000082a00000| Complete 
|  29|0x0000000082b00000, 0x0000000082c00000, 0x0000000082c00000|100%|HC|  |TAMS 0x0000000082c00000| PB 0x0000000082b00000| Complete 
|  30|0x0000000082c00000, 0x0000000082d00000, 0x0000000082d00000|100%|HC|  |TAMS 0x0000000082d00000| PB 0x0000000082c00000| Complete 
|  31|0x0000000082d00000, 0x0000000082e00000, 0x0000000082e00000|100%|HC|  |TAMS 0x0000000082e00000| PB 0x0000000082d00000| Complete 
|  32|0x0000000082e00000, 0x0000000082f00000, 0x0000000082f00000|100%|HC|  |TAMS 0x0000000082f00000| PB 0x0000000082e00000| Complete 
|  33|0x0000000082f00000, 0x0000000083000000, 0x0000000083000000|100%|HC|  |TAMS 0x0000000083000000| PB 0x0000000082f00000| Complete 
|  34|0x0000000083000000, 0x0000000083100000, 0x0000000083100000|100%|HC|  |TAMS 0x0000000083100000| PB 0x0000000083000000| Complete 
|  35|0x0000000083100000, 0x0000000083200000, 0x0000000083200000|100%|HC|  |TAMS 0x0000000083200000| PB 0x0000000083100000| Complete 
|  36|0x0000000083200000, 0x0000000083300000, 0x0000000083300000|100%|HC|  |TAMS 0x0000000083300000| PB 0x0000000083200000| Complete 
|  37|0x0000000083300000, 0x0000000083400000, 0x0000000083400000|100%|HC|  |TAMS 0x0000000083400000| PB 0x0000000083300000| Complete 
|  38|0x0000000083400000, 0x0000000083500000, 0x0000000083500000|100%|HC|  |TAMS 0x0000000083500000| PB 0x0000000083400000| Complete 
|  39|0x0000000083500000, 0x0000000083600000, 0x0000000083600000|100%|HC|  |TAMS 0x0000000083600000| PB 0x0000000083500000| Complete 
|  40|0x0000000083600000, 0x0000000083700000, 0x0000000083700000|100%|HC|  |TAMS 0x0000000083700000| PB 0x0000000083600000| Complete 
|  41|0x0000000083700000, 0x0000000083800000, 0x0000000083800000|100%|HC|  |TAMS 0x0000000083800000| PB 0x0000000083700000| Complete 
|  42|0x0000000083800000, 0x0000000083900000, 0x0000000083900000|100%|HC|  |TAMS 0x0000000083900000| PB 0x0000000083800000| Complete 
|  43|0x0000000083900000, 0x0000000083a00000, 0x0000000083a00000|100%|HC|  |TAMS 0x0000000083a00000| PB 0x0000000083900000| Complete 
|  44|0x0000000083a00000, 0x0000000083b00000, 0x0000000083b00000|100%|HC|  |TAMS 0x0000000083b00000| PB 0x0000000083a00000| Complete 
|  45|0x0000000083b00000, 0x0000000083c00000, 0x0000000083c00000|100%|HC|  |TAMS 0x0000000083c00000| PB 0x0000000083b00000| Complete 
|  46|0x0000000083c00000, 0x0000000083d00000, 0x0000000083d00000|100%|HC|  |TAMS 0x0000000083d00000| PB 0x0000000083c00000| Complete 
|  47|0x0000000083d00000, 0x0000000083e00000, 0x0000000083e00000|100%|HC|  |TAMS 0x0000000083e00000| PB 0x0000000083d00000| Complete 
|  48|0x0000000083e00000, 0x0000000083f00000, 0x0000000083f00000|100%|HC|  |TAMS 0x0000000083f00000| PB 0x0000000083e00000| Complete 
|  49|0x0000000083f00000, 0x0000000084000000, 0x0000000084000000|100%|HC|  |TAMS 0x0000000084000000| PB 0x0000000083f00000| Complete 
|  50|0x0000000084000000, 0x0000000084100000, 0x0000000084100000|100%|HC|  |TAMS 0x0000000084100000| PB 0x0000000084000000| Complete 
|  51|0x0000000084100000, 0x0000000084200000, 0x0000000084200000|100%|HC|  |TAMS 0x0000000084200000| PB 0x0000000084100000| Complete 
|  52|0x0000000084200000, 0x0000000084300000, 0x0000000084300000|100%|HC|  |TAMS 0x0000000084300000| PB 0x0000000084200000| Complete 
|  53|0x0000000084300000, 0x0000000084400000, 0x0000000084400000|100%|HC|  |TAMS 0x0000000084400000| PB 0x0000000084300000| Complete 
|  54|0x0000000084400000, 0x0000000084500000, 0x0000000084500000|100%|HC|  |TAMS 0x0000000084500000| PB 0x0000000084400000| Complete 
|  55|0x0000000084500000, 0x0000000084600000, 0x0000000084600000|100%|HC|  |TAMS 0x0000000084600000| PB 0x0000000084500000| Complete 
|  56|0x0000000084600000, 0x0000000084700000, 0x0000000084700000|100%|HC|  |TAMS 0x0000000084700000| PB 0x0000000084600000| Complete 
|  57|0x0000000084700000, 0x0000000084800000, 0x0000000084800000|100%|HC|  |TAMS 0x0000000084800000| PB 0x0000000084700000| Complete 
|  58|0x0000000084800000, 0x0000000084900000, 0x0000000084900000|100%|HC|  |TAMS 0x0000000084900000| PB 0x0000000084800000| Complete 
|  59|0x0000000084900000, 0x0000000084a00000, 0x0000000084a00000|100%|HC|  |TAMS 0x0000000084a00000| PB 0x0000000084900000| Complete 
|  60|0x0000000084a00000, 0x0000000084b00000, 0x0000000084b00000|100%| O|  |TAMS 0x0000000084b00000| PB 0x0000000084b00000| Untracked 
|  61|0x0000000084b00000, 0x0000000084c00000, 0x0000000084c00000|100%| O|  |TAMS 0x0000000084c00000| PB 0x0000000084c00000| Untracked 
|  62|0x0000000084c00000, 0x0000000084d00000, 0x0000000084d00000|100%| O|  |TAMS 0x0000000084d00000| PB 0x0000000084d00000| Untracked 
|  63|0x0000000084d00000, 0x0000000084e00000, 0x0000000084e00000|100%| O|  |TAMS 0x0000000084e00000| PB 0x0000000084e00000| Untracked 
|  64|0x0000000084e00000, 0x0000000084f00000, 0x0000000084f00000|100%| O|  |TAMS 0x0000000084f00000| PB 0x0000000084f00000| Untracked 
|  65|0x0000000084f00000, 0x0000000085000000, 0x0000000085000000|100%| O|  |TAMS 0x0000000085000000| PB 0x0000000085000000| Updating 
|  66|0x0000000085000000, 0x0000000085100000, 0x0000000085100000|100%| O|  |TAMS 0x0000000085100000| PB 0x0000000085100000| Updating 
|  67|0x0000000085100000, 0x0000000085200000, 0x0000000085200000|100%| O|  |TAMS 0x0000000085200000| PB 0x0000000085200000| Untracked 
|  68|0x0000000085200000, 0x0000000085300000, 0x0000000085300000|100%| O|  |TAMS 0x0000000085300000| PB 0x0000000085300000| Untracked 
|  69|0x0000000085300000, 0x0000000085400000, 0x0000000085400000|100%| O|  |TAMS 0x0000000085400000| PB 0x0000000085400000| Untracked 
|  70|0x0000000085400000, 0x00000000854bb740, 0x0000000085500000| 73%| O|  |TAMS 0x00000000854bb740| PB 0x00000000854bb740| Updating 
|  71|0x0000000085500000, 0x0000000085500000, 0x0000000085600000|  0%| F|  |TAMS 0x0000000085500000| PB 0x0000000085500000| Untracked 
|  72|0x0000000085600000, 0x0000000085600000, 0x0000000085700000|  0%| F|  |TAMS 0x0000000085600000| PB 0x0000000085600000| Untracked 
|  73|0x0000000085700000, 0x0000000085700000, 0x0000000085800000|  0%| F|  |TAMS 0x0000000085700000| PB 0x0000000085700000| Untracked 
|  74|0x0000000085800000, 0x0000000085800000, 0x0000000085900000|  0%| F|  |TAMS 0x0000000085800000| PB 0x0000000085800000| Untracked 
|  75|0x0000000085900000, 0x0000000085900000, 0x0000000085a00000|  0%| F|  |TAMS 0x0000000085900000| PB 0x0000000085900000| Untracked 
|  76|0x0000000085a00000, 0x0000000085a00000, 0x0000000085b00000|  0%| F|  |TAMS 0x0000000085a00000| PB 0x0000000085a00000| Untracked 
|  77|0x0000000085b00000, 0x0000000085b00000, 0x0000000085c00000|  0%| F|  |TAMS 0x0000000085b00000| PB 0x0000000085b00000| Untracked 
|  78|0x0000000085c00000, 0x0000000085c00000, 0x0000000085d00000|  0%| F|  |TAMS 0x0000000085c00000| PB 0x0000000085c00000| Untracked 
|  79|0x0000000085d00000, 0x0000000085d00000, 0x0000000085e00000|  0%| F|  |TAMS 0x0000000085d00000| PB 0x0000000085d00000| Untracked 
|  80|0x0000000085e00000, 0x0000000085e00000, 0x0000000085f00000|  0%| F|  |TAMS 0x0000000085e00000| PB 0x0000000085e00000| Untracked 
|  81|0x0000000085f00000, 0x0000000085f00000, 0x0000000086000000|  0%| F|  |TAMS 0x0000000085f00000| PB 0x0000000085f00000| Untracked 
|  82|0x0000000086000000, 0x0000000086100000, 0x0000000086100000|100%|HS|  |TAMS 0x0000000086100000| PB 0x0000000086000000| Complete 
|  83|0x0000000086100000, 0x0000000086200000, 0x0000000086200000|100%|HC|  |TAMS 0x0000000086200000| PB 0x0000000086100000| Complete 
|  84|0x0000000086200000, 0x0000000086300000, 0x0000000086300000|100%|HC|  |TAMS 0x0000000086300000| PB 0x0000000086200000| Complete 
|  85|0x0000000086300000, 0x0000000086400000, 0x0000000086400000|100%|HC|  |TAMS 0x0000000086400000| PB 0x0000000086300000| Complete 
|  86|0x0000000086400000, 0x0000000086500000, 0x0000000086500000|100%|HC|  |TAMS 0x0000000086500000| PB 0x0000000086400000| Complete 
|  87|0x0000000086500000, 0x0000000086600000, 0x0000000086600000|100%|HC|  |TAMS 0x0000000086600000| PB 0x0000000086500000| Complete 
|  88|0x0000000086600000, 0x0000000086700000, 0x0000000086700000|100%|HC|  |TAMS 0x0000000086700000| PB 0x0000000086600000| Complete 
|  89|0x0000000086700000, 0x0000000086800000, 0x0000000086800000|100%|HC|  |TAMS 0x0000000086800000| PB 0x0000000086700000| Complete 
|  90|0x0000000086800000, 0x0000000086900000, 0x0000000086900000|100%|HC|  |TAMS 0x0000000086900000| PB 0x0000000086800000| Complete 
|  91|0x0000000086900000, 0x0000000086a00000, 0x0000000086a00000|100%|HC|  |TAMS 0x0000000086a00000| PB 0x0000000086900000| Complete 
|  92|0x0000000086a00000, 0x0000000086b00000, 0x0000000086b00000|100%|HC|  |TAMS 0x0000000086b00000| PB 0x0000000086a00000| Complete 
|  93|0x0000000086b00000, 0x0000000086c00000, 0x0000000086c00000|100%|HC|  |TAMS 0x0000000086c00000| PB 0x0000000086b00000| Complete 
|  94|0x0000000086c00000, 0x0000000086d00000, 0x0000000086d00000|100%|HC|  |TAMS 0x0000000086d00000| PB 0x0000000086c00000| Complete 
|  95|0x0000000086d00000, 0x0000000086e00000, 0x0000000086e00000|100%|HC|  |TAMS 0x0000000086e00000| PB 0x0000000086d00000| Complete 
|  96|0x0000000086e00000, 0x0000000086f00000, 0x0000000086f00000|100%|HC|  |TAMS 0x0000000086f00000| PB 0x0000000086e00000| Complete 
|  97|0x0000000086f00000, 0x0000000087000000, 0x0000000087000000|100%|HC|  |TAMS 0x0000000087000000| PB 0x0000000086f00000| Complete 
|  98|0x0000000087000000, 0x0000000087100000, 0x0000000087100000|100%|HC|  |TAMS 0x0000000087100000| PB 0x0000000087000000| Complete 
|  99|0x0000000087100000, 0x0000000087200000, 0x0000000087200000|100%|HC|  |TAMS 0x0000000087200000| PB 0x0000000087100000| Complete 
| 100|0x0000000087200000, 0x0000000087300000, 0x0000000087300000|100%|HC|  |TAMS 0x0000000087300000| PB 0x0000000087200000| Complete 
| 101|0x0000000087300000, 0x0000000087400000, 0x0000000087400000|100%|HC|  |TAMS 0x0000000087400000| PB 0x0000000087300000| Complete 
| 102|0x0000000087400000, 0x0000000087500000, 0x0000000087500000|100%|HC|  |TAMS 0x0000000087500000| PB 0x0000000087400000| Complete 
| 103|0x0000000087500000, 0x0000000087600000, 0x0000000087600000|100%|HC|  |TAMS 0x0000000087600000| PB 0x0000000087500000| Complete 
| 104|0x0000000087600000, 0x0000000087700000, 0x0000000087700000|100%|HC|  |TAMS 0x0000000087700000| PB 0x0000000087600000| Complete 
| 105|0x0000000087700000, 0x0000000087800000, 0x0000000087800000|100%|HC|  |TAMS 0x0000000087800000| PB 0x0000000087700000| Complete 
| 106|0x0000000087800000, 0x0000000087900000, 0x0000000087900000|100%|HC|  |TAMS 0x0000000087900000| PB 0x0000000087800000| Complete 
| 107|0x0000000087900000, 0x0000000087a00000, 0x0000000087a00000|100%|HC|  |TAMS 0x0000000087a00000| PB 0x0000000087900000| Complete 
| 108|0x0000000087a00000, 0x0000000087b00000, 0x0000000087b00000|100%|HC|  |TAMS 0x0000000087b00000| PB 0x0000000087a00000| Complete 
| 109|0x0000000087b00000, 0x0000000087c00000, 0x0000000087c00000|100%|HC|  |TAMS 0x0000000087c00000| PB 0x0000000087b00000| Complete 
| 110|0x0000000087c00000, 0x0000000087d00000, 0x0000000087d00000|100%|HC|  |TAMS 0x0000000087d00000| PB 0x0000000087c00000| Complete 
| 111|0x0000000087d00000, 0x0000000087e00000, 0x0000000087e00000|100%|HC|  |TAMS 0x0000000087e00000| PB 0x0000000087d00000| Complete 
| 112|0x0000000087e00000, 0x0000000087f00000, 0x0000000087f00000|100%|HC|  |TAMS 0x0000000087f00000| PB 0x0000000087e00000| Complete 
| 113|0x0000000087f00000, 0x0000000088000000, 0x0000000088000000|100%|HC|  |TAMS 0x0000000088000000| PB 0x0000000087f00000| Complete 
| 114|0x0000000088000000, 0x0000000088100000, 0x0000000088100000|100%|HC|  |TAMS 0x0000000088100000| PB 0x0000000088000000| Complete 
| 115|0x0000000088100000, 0x0000000088200000, 0x0000000088200000|100%|HC|  |TAMS 0x0000000088200000| PB 0x0000000088100000| Complete 
| 116|0x0000000088200000, 0x0000000088300000, 0x0000000088300000|100%|HC|  |TAMS 0x0000000088300000| PB 0x0000000088200000| Complete 
| 117|0x0000000088300000, 0x0000000088400000, 0x0000000088400000|100%|HC|  |TAMS 0x0000000088400000| PB 0x0000000088300000| Complete 
| 118|0x0000000088400000, 0x0000000088500000, 0x0000000088500000|100%|HC|  |TAMS 0x0000000088500000| PB 0x0000000088400000| Complete 
| 119|0x0000000088500000, 0x0000000088600000, 0x0000000088600000|100%|HC|  |TAMS 0x0000000088600000| PB 0x0000000088500000| Complete 
| 120|0x0000000088600000, 0x0000000088700000, 0x0000000088700000|100%|HC|  |TAMS 0x0000000088700000| PB 0x0000000088600000| Complete 
| 121|0x0000000088700000, 0x0000000088800000, 0x0000000088800000|100%|HC|  |TAMS 0x0000000088800000| PB 0x0000000088700000| Complete 
| 122|0x0000000088800000, 0x0000000088900000, 0x0000000088900000|100%|HC|  |TAMS 0x0000000088900000| PB 0x0000000088800000| Complete 
| 123|0x0000000088900000, 0x0000000088a00000, 0x0000000088a00000|100%|HC|  |TAMS 0x0000000088a00000| PB 0x0000000088900000| Complete 
| 124|0x0000000088a00000, 0x0000000088b00000, 0x0000000088b00000|100%|HC|  |TAMS 0x0000000088b00000| PB 0x0000000088a00000| Complete 
| 125|0x0000000088b00000, 0x0000000088c00000, 0x0000000088c00000|100%|HC|  |TAMS 0x0000000088c00000| PB 0x0000000088b00000| Complete 
| 126|0x0000000088c00000, 0x0000000088d00000, 0x0000000088d00000|100%|HC|  |TAMS 0x0000000088d00000| PB 0x0000000088c00000| Complete 
| 127|0x0000000088d00000, 0x0000000088e00000, 0x0000000088e00000|100%|HC|  |TAMS 0x0000000088e00000| PB 0x0000000088d00000| Complete 
| 128|0x0000000088e00000, 0x0000000088f00000, 0x0000000088f00000|100%|HC|  |TAMS 0x0000000088f00000| PB 0x0000000088e00000| Complete 
| 129|0x0000000088f00000, 0x0000000089000000, 0x0000000089000000|100%|HC|  |TAMS 0x0000000089000000| PB 0x0000000088f00000| Complete 
| 130|0x0000000089000000, 0x0000000089100000, 0x0000000089100000|100%|HC|  |TAMS 0x0000000089100000| PB 0x0000000089000000| Complete 
| 131|0x0000000089100000, 0x0000000089200000, 0x0000000089200000|100%|HC|  |TAMS 0x0000000089200000| PB 0x0000000089100000| Complete 
| 132|0x0000000089200000, 0x0000000089300000, 0x0000000089300000|100%|HC|  |TAMS 0x0000000089300000| PB 0x0000000089200000| Complete 
| 133|0x0000000089300000, 0x0000000089400000, 0x0000000089400000|100%|HC|  |TAMS 0x0000000089400000| PB 0x0000000089300000| Complete 
| 134|0x0000000089400000, 0x0000000089500000, 0x0000000089500000|100%|HC|  |TAMS 0x0000000089500000| PB 0x0000000089400000| Complete 
| 135|0x0000000089500000, 0x0000000089600000, 0x0000000089600000|100%|HC|  |TAMS 0x0000000089600000| PB 0x0000000089500000| Complete 
| 136|0x0000000089600000, 0x0000000089700000, 0x0000000089700000|100%|HC|  |TAMS 0x0000000089700000| PB 0x0000000089600000| Complete 
| 137|0x0000000089700000, 0x0000000089800000, 0x0000000089800000|100%|HC|  |TAMS 0x0000000089800000| PB 0x0000000089700000| Complete 
| 138|0x0000000089800000, 0x0000000089900000, 0x0000000089900000|100%|HC|  |TAMS 0x0000000089900000| PB 0x0000000089800000| Complete 
| 139|0x0000000089900000, 0x0000000089a00000, 0x0000000089a00000|100%|HC|  |TAMS 0x0000000089a00000| PB 0x0000000089900000| Complete 
| 140|0x0000000089a00000, 0x0000000089b00000, 0x0000000089b00000|100%|HS|  |TAMS 0x0000000089a00000| PB 0x0000000089a00000| Complete 
| 141|0x0000000089b00000, 0x0000000089c00000, 0x0000000089c00000|100%|HC|  |TAMS 0x0000000089b00000| PB 0x0000000089b00000| Complete 
| 142|0x0000000089c00000, 0x0000000089d00000, 0x0000000089d00000|100%|HC|  |TAMS 0x0000000089c00000| PB 0x0000000089c00000| Complete 
| 143|0x0000000089d00000, 0x0000000089e00000, 0x0000000089e00000|100%|HC|  |TAMS 0x0000000089d00000| PB 0x0000000089d00000| Complete 
| 144|0x0000000089e00000, 0x0000000089f00000, 0x0000000089f00000|100%|HC|  |TAMS 0x0000000089e00000| PB 0x0000000089e00000| Complete 
| 145|0x0000000089f00000, 0x000000008a000000, 0x000000008a000000|100%|HC|  |TAMS 0x0000000089f00000| PB 0x0000000089f00000| Complete 
| 146|0x000000008a000000, 0x000000008a100000, 0x000000008a100000|100%|HC|  |TAMS 0x000000008a000000| PB 0x000000008a000000| Complete 
| 147|0x000000008a100000, 0x000000008a200000, 0x000000008a200000|100%|HC|  |TAMS 0x000000008a100000| PB 0x000000008a100000| Complete 
| 148|0x000000008a200000, 0x000000008a300000, 0x000000008a300000|100%|HC|  |TAMS 0x000000008a200000| PB 0x000000008a200000| Complete 
| 149|0x000000008a300000, 0x000000008a400000, 0x000000008a400000|100%|HC|  |TAMS 0x000000008a300000| PB 0x000000008a300000| Complete 
| 150|0x000000008a400000, 0x000000008a500000, 0x000000008a500000|100%|HC|  |TAMS 0x000000008a400000| PB 0x000000008a400000| Complete 
| 151|0x000000008a500000, 0x000000008a600000, 0x000000008a600000|100%|HC|  |TAMS 0x000000008a500000| PB 0x000000008a500000| Complete 
| 152|0x000000008a600000, 0x000000008a700000, 0x000000008a700000|100%|HC|  |TAMS 0x000000008a600000| PB 0x000000008a600000| Complete 
| 153|0x000000008a700000, 0x000000008a800000, 0x000000008a800000|100%|HC|  |TAMS 0x000000008a700000| PB 0x000000008a700000| Complete 
| 154|0x000000008a800000, 0x000000008a900000, 0x000000008a900000|100%|HC|  |TAMS 0x000000008a800000| PB 0x000000008a800000| Complete 
| 155|0x000000008a900000, 0x000000008aa00000, 0x000000008aa00000|100%|HC|  |TAMS 0x000000008a900000| PB 0x000000008a900000| Complete 
| 156|0x000000008aa00000, 0x000000008ab00000, 0x000000008ab00000|100%|HC|  |TAMS 0x000000008aa00000| PB 0x000000008aa00000| Complete 
| 157|0x000000008ab00000, 0x000000008ac00000, 0x000000008ac00000|100%|HC|  |TAMS 0x000000008ab00000| PB 0x000000008ab00000| Complete 
| 158|0x000000008ac00000, 0x000000008ad00000, 0x000000008ad00000|100%|HC|  |TAMS 0x000000008ac00000| PB 0x000000008ac00000| Complete 
| 159|0x000000008ad00000, 0x000000008ae00000, 0x000000008ae00000|100%|HC|  |TAMS 0x000000008ad00000| PB 0x000000008ad00000| Complete 
| 160|0x000000008ae00000, 0x000000008af00000, 0x000000008af00000|100%|HC|  |TAMS 0x000000008ae00000| PB 0x000000008ae00000| Complete 
| 161|0x000000008af00000, 0x000000008b000000, 0x000000008b000000|100%|HC|  |TAMS 0x000000008af00000| PB 0x000000008af00000| Complete 
| 162|0x000000008b000000, 0x000000008b100000, 0x000000008b100000|100%|HC|  |TAMS 0x000000008b000000| PB 0x000000008b000000| Complete 
| 163|0x000000008b100000, 0x000000008b200000, 0x000000008b200000|100%|HC|  |TAMS 0x000000008b100000| PB 0x000000008b100000| Complete 
| 164|0x000000008b200000, 0x000000008b300000, 0x000000008b300000|100%|HC|  |TAMS 0x000000008b200000| PB 0x000000008b200000| Complete 
| 165|0x000000008b300000, 0x000000008b400000, 0x000000008b400000|100%|HC|  |TAMS 0x000000008b300000| PB 0x000000008b300000| Complete 
| 166|0x000000008b400000, 0x000000008b500000, 0x000000008b500000|100%|HC|  |TAMS 0x000000008b400000| PB 0x000000008b400000| Complete 
| 167|0x000000008b500000, 0x000000008b600000, 0x000000008b600000|100%|HC|  |TAMS 0x000000008b500000| PB 0x000000008b500000| Complete 
| 168|0x000000008b600000, 0x000000008b700000, 0x000000008b700000|100%|HC|  |TAMS 0x000000008b600000| PB 0x000000008b600000| Complete 
| 169|0x000000008b700000, 0x000000008b800000, 0x000000008b800000|100%|HC|  |TAMS 0x000000008b700000| PB 0x000000008b700000| Complete 
| 170|0x000000008b800000, 0x000000008b900000, 0x000000008b900000|100%|HC|  |TAMS 0x000000008b800000| PB 0x000000008b800000| Complete 
| 171|0x000000008b900000, 0x000000008ba00000, 0x000000008ba00000|100%|HC|  |TAMS 0x000000008b900000| PB 0x000000008b900000| Complete 
| 172|0x000000008ba00000, 0x000000008bb00000, 0x000000008bb00000|100%|HC|  |TAMS 0x000000008ba00000| PB 0x000000008ba00000| Complete 
| 173|0x000000008bb00000, 0x000000008bc00000, 0x000000008bc00000|100%|HC|  |TAMS 0x000000008bb00000| PB 0x000000008bb00000| Complete 
| 174|0x000000008bc00000, 0x000000008bd00000, 0x000000008bd00000|100%|HC|  |TAMS 0x000000008bc00000| PB 0x000000008bc00000| Complete 
| 175|0x000000008bd00000, 0x000000008be00000, 0x000000008be00000|100%|HC|  |TAMS 0x000000008bd00000| PB 0x000000008bd00000| Complete 
| 176|0x000000008be00000, 0x000000008bf00000, 0x000000008bf00000|100%|HC|  |TAMS 0x000000008be00000| PB 0x000000008be00000| Complete 
| 177|0x000000008bf00000, 0x000000008c000000, 0x000000008c000000|100%|HC|  |TAMS 0x000000008bf00000| PB 0x000000008bf00000| Complete 
| 178|0x000000008c000000, 0x000000008c100000, 0x000000008c100000|100%|HC|  |TAMS 0x000000008c000000| PB 0x000000008c000000| Complete 
| 179|0x000000008c100000, 0x000000008c200000, 0x000000008c200000|100%|HC|  |TAMS 0x000000008c100000| PB 0x000000008c100000| Complete 
| 180|0x000000008c200000, 0x000000008c300000, 0x000000008c300000|100%|HC|  |TAMS 0x000000008c200000| PB 0x000000008c200000| Complete 
| 181|0x000000008c300000, 0x000000008c400000, 0x000000008c400000|100%|HC|  |TAMS 0x000000008c300000| PB 0x000000008c300000| Complete 
| 182|0x000000008c400000, 0x000000008c500000, 0x000000008c500000|100%|HC|  |TAMS 0x000000008c400000| PB 0x000000008c400000| Complete 
| 183|0x000000008c500000, 0x000000008c600000, 0x000000008c600000|100%|HC|  |TAMS 0x000000008c500000| PB 0x000000008c500000| Complete 
| 184|0x000000008c600000, 0x000000008c700000, 0x000000008c700000|100%|HC|  |TAMS 0x000000008c600000| PB 0x000000008c600000| Complete 
| 185|0x000000008c700000, 0x000000008c800000, 0x000000008c800000|100%|HC|  |TAMS 0x000000008c700000| PB 0x000000008c700000| Complete 
| 186|0x000000008c800000, 0x000000008c900000, 0x000000008c900000|100%|HC|  |TAMS 0x000000008c800000| PB 0x000000008c800000| Complete 
| 187|0x000000008c900000, 0x000000008ca00000, 0x000000008ca00000|100%|HC|  |TAMS 0x000000008c900000| PB 0x000000008c900000| Complete 
| 188|0x000000008ca00000, 0x000000008cb00000, 0x000000008cb00000|100%|HC|  |TAMS 0x000000008ca00000| PB 0x000000008ca00000| Complete 
| 189|0x000000008cb00000, 0x000000008cc00000, 0x000000008cc00000|100%|HC|  |TAMS 0x000000008cb00000| PB 0x000000008cb00000| Complete 
| 190|0x000000008cc00000, 0x000000008cd00000, 0x000000008cd00000|100%|HC|  |TAMS 0x000000008cc00000| PB 0x000000008cc00000| Complete 
| 191|0x000000008cd00000, 0x000000008ce00000, 0x000000008ce00000|100%|HC|  |TAMS 0x000000008cd00000| PB 0x000000008cd00000| Complete 
| 192|0x000000008ce00000, 0x000000008cf00000, 0x000000008cf00000|100%|HC|  |TAMS 0x000000008ce00000| PB 0x000000008ce00000| Complete 
| 193|0x000000008cf00000, 0x000000008d000000, 0x000000008d000000|100%|HC|  |TAMS 0x000000008cf00000| PB 0x000000008cf00000| Complete 
| 194|0x000000008d000000, 0x000000008d100000, 0x000000008d100000|100%|HC|  |TAMS 0x000000008d000000| PB 0x000000008d000000| Complete 
| 195|0x000000008d100000, 0x000000008d200000, 0x000000008d200000|100%|HC|  |TAMS 0x000000008d100000| PB 0x000000008d100000| Complete 
| 196|0x000000008d200000, 0x000000008d300000, 0x000000008d300000|100%|HC|  |TAMS 0x000000008d200000| PB 0x000000008d200000| Complete 
| 197|0x000000008d300000, 0x000000008d400000, 0x000000008d400000|100%|HC|  |TAMS 0x000000008d300000| PB 0x000000008d300000| Complete 
| 198|0x000000008d400000, 0x000000008d400000, 0x000000008d500000|  0%| F|  |TAMS 0x000000008d400000| PB 0x000000008d400000| Untracked 
| 199|0x000000008d500000, 0x000000008d500000, 0x000000008d600000|  0%| F|  |TAMS 0x000000008d500000| PB 0x000000008d500000| Untracked 
| 200|0x000000008d600000, 0x000000008d600000, 0x000000008d700000|  0%| F|  |TAMS 0x000000008d600000| PB 0x000000008d600000| Untracked 
| 201|0x000000008d700000, 0x000000008d700000, 0x000000008d800000|  0%| F|  |TAMS 0x000000008d700000| PB 0x000000008d700000| Untracked 
| 202|0x000000008d800000, 0x000000008d800000, 0x000000008d900000|  0%| F|  |TAMS 0x000000008d800000| PB 0x000000008d800000| Untracked 
| 203|0x000000008d900000, 0x000000008d900000, 0x000000008da00000|  0%| F|  |TAMS 0x000000008d900000| PB 0x000000008d900000| Untracked 
| 204|0x000000008da00000, 0x000000008da00000, 0x000000008db00000|  0%| F|  |TAMS 0x000000008da00000| PB 0x000000008da00000| Untracked 
| 205|0x000000008db00000, 0x000000008db00000, 0x000000008dc00000|  0%| F|  |TAMS 0x000000008db00000| PB 0x000000008db00000| Untracked 
| 206|0x000000008dc00000, 0x000000008dc00000, 0x000000008dd00000|  0%| F|  |TAMS 0x000000008dc00000| PB 0x000000008dc00000| Untracked 
| 207|0x000000008dd00000, 0x000000008dd00000, 0x000000008de00000|  0%| F|  |TAMS 0x000000008dd00000| PB 0x000000008dd00000| Untracked 
| 208|0x000000008de00000, 0x000000008de00000, 0x000000008df00000|  0%| F|  |TAMS 0x000000008de00000| PB 0x000000008de00000| Untracked 
| 209|0x000000008df00000, 0x000000008df00000, 0x000000008e000000|  0%| F|  |TAMS 0x000000008df00000| PB 0x000000008df00000| Untracked 
| 210|0x000000008e000000, 0x000000008e000000, 0x000000008e100000|  0%| F|  |TAMS 0x000000008e000000| PB 0x000000008e000000| Untracked 
| 211|0x000000008e100000, 0x000000008e100000, 0x000000008e200000|  0%| F|  |TAMS 0x000000008e100000| PB 0x000000008e100000| Untracked 
| 212|0x000000008e200000, 0x000000008e200000, 0x000000008e300000|  0%| F|  |TAMS 0x000000008e200000| PB 0x000000008e200000| Untracked 
| 213|0x000000008e300000, 0x000000008e300000, 0x000000008e400000|  0%| F|  |TAMS 0x000000008e300000| PB 0x000000008e300000| Untracked 
| 214|0x000000008e400000, 0x000000008e400000, 0x000000008e500000|  0%| F|  |TAMS 0x000000008e400000| PB 0x000000008e400000| Untracked 
| 215|0x000000008e500000, 0x000000008e500000, 0x000000008e600000|  0%| F|  |TAMS 0x000000008e500000| PB 0x000000008e500000| Untracked 
| 216|0x000000008e600000, 0x000000008e600000, 0x000000008e700000|  0%| F|  |TAMS 0x000000008e600000| PB 0x000000008e600000| Untracked 
| 217|0x000000008e700000, 0x000000008e7b3308, 0x000000008e800000| 69%| S|CS|TAMS 0x000000008e700000| PB 0x000000008e700000| Complete 
| 218|0x000000008e800000, 0x000000008e800000, 0x000000008e900000|  0%| F|  |TAMS 0x000000008e800000| PB 0x000000008e800000| Untracked 
| 219|0x000000008e900000, 0x000000008ea00000, 0x000000008ea00000|100%| S|CS|TAMS 0x000000008e900000| PB 0x000000008e900000| Complete 
| 220|0x000000008ea00000, 0x000000008eb00000, 0x000000008eb00000|100%| S|CS|TAMS 0x000000008ea00000| PB 0x000000008ea00000| Complete 
| 221|0x000000008eb00000, 0x000000008eb2db60, 0x000000008ec00000| 17%| E|  |TAMS 0x000000008eb00000| PB 0x000000008eb00000| Complete 

Card table byte_map: [0x000002076f580000,0x000002076f980000] _byte_map_base: 0x000002076f179000

Marking Bits: (CMBitMap*) 0x0000020757da68a0
 Bits: [0x000002076f980000, 0x0000020771948000)

Polling page: 0x0000020755b20000

Metaspace:

Usage:
  Non-class:     17.93 MB used.
      Class:      2.97 MB used.
       Both:     20.90 MB used.

Virtual space:
  Non-class space:       64.00 MB reserved,      18.06 MB ( 28%) committed,  1 nodes.
      Class space:        1.00 GB reserved,       3.12 MB ( <1%) committed,  1 nodes.
             Both:        1.06 GB reserved,      21.19 MB (  2%) committed. 

Chunk freelists:
   Non-Class:  13.75 MB
       Class:  12.76 MB
        Both:  26.51 MB

MaxMetaspaceSize: unlimited
CompressedClassSpaceSize: 1.00 GB
Initial GC threshold: 21.00 MB
Current GC threshold: 35.12 MB
CDS: on
 - commit_granule_bytes: 65536.
 - commit_granule_words: 8192.
 - virtual_space_node_default_size: 8388608.
 - enlarge_chunks_in_place: 1.
 - use_allocation_guard: 0.


Internal statistics:

num_allocs_failed_limit: 3.
num_arena_births: 380.
num_arena_deaths: 0.
num_vsnodes_births: 2.
num_vsnodes_deaths: 0.
num_space_committed: 339.
num_space_uncommitted: 0.
num_chunks_returned_to_freelist: 3.
num_chunks_taken_from_freelist: 1012.
num_chunk_merges: 3.
num_chunk_splits: 696.
num_chunks_enlarged: 489.
num_inconsistent_stats: 0.

CodeHeap 'non-profiled nmethods': size=120000Kb used=867Kb max_used=1065Kb free=119132Kb
 bounds [0x0000020767c50000, 0x0000020767ec0000, 0x000002076f180000]
CodeHeap 'profiled nmethods': size=120000Kb used=4068Kb max_used=5229Kb free=115931Kb
 bounds [0x0000020760180000, 0x00000207606a0000, 0x00000207676b0000]
CodeHeap 'non-nmethods': size=5760Kb used=1750Kb max_used=1780Kb free=4009Kb
 bounds [0x00000207676b0000, 0x0000020767920000, 0x0000020767c50000]
 total_blobs=3065 nmethods=2289 adapters=680
 compilation: enabled
              stopped_count=0, restarted_count=0
 full_count=0

Compilation events (20 events):
Event: 2.580 Thread 0x0000020773e4aa70 2760       3       java.lang.Float::floatToIntBits (15 bytes)
Event: 2.580 Thread 0x0000020773e4aa70 nmethod 2760 0x000002076018f010 code [0x000002076018f1c0, 0x000002076018f408]
Event: 2.580 Thread 0x0000020773e4aa70 2762       3       javafx.beans.binding.DoubleExpression::<init> (5 bytes)
Event: 2.581 Thread 0x0000020773e4aa70 nmethod 2762 0x00000207601c3b90 code [0x00000207601c3d40, 0x00000207601c3f08]
Event: 2.581 Thread 0x0000020773e4aa70 2761       1       com.sun.javafx.geom.RectBounds::getMinY (5 bytes)
Event: 2.581 Thread 0x0000020773e4aa70 nmethod 2761 0x0000020767c8d010 code [0x0000020767c8d1a0, 0x0000020767c8d268]
Event: 2.581 Thread 0x0000020773e4aa70 2763       3       javafx.beans.property.ReadOnlyBooleanPropertyBase::<init> (5 bytes)
Event: 2.581 Thread 0x0000020773e4aa70 nmethod 2763 0x00000207601a6810 code [0x00000207601a69c0, 0x00000207601a6be8]
Event: 2.581 Thread 0x0000020773e4aa70 2764       3       javafx.beans.property.ReadOnlyDoubleProperty::<init> (5 bytes)
Event: 2.581 Thread 0x0000020773e4aa70 nmethod 2764 0x00000207601b6e10 code [0x00000207601b6fc0, 0x00000207601b71e8]
Event: 2.586 Thread 0x0000020773e4aa70 2765       3       javafx.beans.property.DoublePropertyBase::isBound (13 bytes)
Event: 2.586 Thread 0x0000020773e4aa70 nmethod 2765 0x000002076019a810 code [0x000002076019a9a0, 0x000002076019ab10]
Event: 2.597 Thread 0x0000020773e4aa70 2766       3       java.util.Arrays::copyOfRange (90 bytes)
Event: 2.597 Thread 0x0000020773e4aa70 nmethod 2766 0x000002076027b490 code [0x000002076027b740, 0x000002076027c408]
Event: 2.600 Thread 0x0000020773e49c20 2767       4       java.lang.invoke.MethodTypeForm::canonicalize (74 bytes)
Event: 2.600 Thread 0x0000020773e49c20 nmethod 2767 0x0000020767c70910 code [0x0000020767c70aa0, 0x0000020767c70b80]
Event: 2.600 Thread 0x0000020773e49c20 2768       4       java.lang.invoke.MethodType$ConcurrentWeakInternSet::expungeStaleElements (27 bytes)
Event: 2.604 Thread 0x0000020773e49c20 nmethod 2768 0x0000020767c72610 code [0x0000020767c72800, 0x0000020767c72ec0]
Event: 2.606 Thread 0x0000020773e4aa70 2770  s!   3       com.sun.javafx.tk.Toolkit::getToolkit (244 bytes)
Event: 2.608 Thread 0x0000020773e4aa70 nmethod 2770 0x00000207601ff110 code [0x00000207601ff5e0, 0x0000020760201570]

GC Heap History (12 events):
Event: 0.283 GC heap before
{Heap before GC invocations=0 (full 0):
 garbage-first heap   total 131072K, used 13312K [0x0000000080e00000, 0x0000000100000000)
  region size 1024K, 13 young (13312K), 0 survivors (0K)
 Metaspace       used 919K, committed 1152K, reserved 1114112K
  class space    used 69K, committed 192K, reserved 1048576K
}
Event: 0.286 GC heap after
{Heap after GC invocations=1 (full 0):
 garbage-first heap   total 131072K, used 3167K [0x0000000080e00000, 0x0000000100000000)
  region size 1024K, 2 young (2048K), 2 survivors (2048K)
 Metaspace       used 919K, committed 1152K, reserved 1114112K
  class space    used 69K, committed 192K, reserved 1048576K
}
Event: 0.808 GC heap before
{Heap before GC invocations=1 (full 0):
 garbage-first heap   total 131072K, used 21599K [0x0000000080e00000, 0x0000000100000000)
  region size 1024K, 20 young (20480K), 2 survivors (2048K)
 Metaspace       used 3071K, committed 3200K, reserved 1114112K
  class space    used 317K, committed 384K, reserved 1048576K
}
Event: 0.811 GC heap after
{Heap after GC invocations=2 (full 0):
 garbage-first heap   total 131072K, used 2191K [0x0000000080e00000, 0x0000000100000000)
  region size 1024K, 2 young (2048K), 2 survivors (2048K)
 Metaspace       used 3071K, committed 3200K, reserved 1114112K
  class space    used 317K, committed 384K, reserved 1048576K
}
Event: 1.209 GC heap before
{Heap before GC invocations=2 (full 0):
 garbage-first heap   total 131072K, used 16527K [0x0000000080e00000, 0x0000000100000000)
  region size 1024K, 17 young (17408K), 2 survivors (2048K)
 Metaspace       used 5875K, committed 6080K, reserved 1114112K
  class space    used 671K, committed 768K, reserved 1048576K
}
Event: 1.212 GC heap after
{Heap after GC invocations=3 (full 0):
 garbage-first heap   total 131072K, used 8847K [0x0000000080e00000, 0x0000000100000000)
  region size 1024K, 7 young (7168K), 7 survivors (7168K)
 Metaspace       used 5875K, committed 6080K, reserved 1114112K
  class space    used 671K, committed 768K, reserved 1048576K
}
Event: 1.958 GC heap before
{Heap before GC invocations=3 (full 0):
 garbage-first heap   total 131072K, used 106127K [0x0000000080e00000, 0x0000000100000000)
  region size 1024K, 46 young (47104K), 7 survivors (7168K)
 Metaspace       used 11301K, committed 11648K, reserved 1114112K
  class space    used 1561K, committed 1728K, reserved 1048576K
}
Event: 1.965 GC heap after
{Heap after GC invocations=4 (full 0):
 garbage-first heap   total 131072K, used 72027K [0x0000000080e00000, 0x0000000100000000)
  region size 1024K, 10 young (10240K), 10 survivors (10240K)
 Metaspace       used 11301K, committed 11648K, reserved 1114112K
  class space    used 1561K, committed 1728K, reserved 1048576K
}
Event: 2.563 GC heap before
{Heap before GC invocations=5 (full 0):
 garbage-first heap   total 224256K, used 165211K [0x0000000080e00000, 0x0000000100000000)
  region size 1024K, 45 young (46080K), 10 survivors (10240K)
 Metaspace       used 21141K, committed 21504K, reserved 1114112K
  class space    used 3005K, committed 3200K, reserved 1048576K
}
Event: 2.570 GC heap after
{Heap after GC invocations=6 (full 0):
 garbage-first heap   total 224256K, used 134510K [0x0000000080e00000, 0x0000000100000000)
  region size 1024K, 3 young (3072K), 3 survivors (3072K)
 Metaspace       used 21141K, committed 21504K, reserved 1114112K
  class space    used 3005K, committed 3200K, reserved 1048576K
}
Event: 2.609 GC heap before
{Heap before GC invocations=7 (full 0):
 garbage-first heap   total 227328K, used 135534K [0x0000000080e00000, 0x0000000100000000)
  region size 1024K, 5 young (5120K), 3 survivors (3072K)
 Metaspace       used 21405K, committed 21696K, reserved 1114112K
  class space    used 3046K, committed 3200K, reserved 1048576K
}
Event: 2.612 GC heap after
{Heap after GC invocations=8 (full 0):
 garbage-first heap   total 227328K, used 134586K [0x0000000080e00000, 0x0000000100000000)
  region size 1024K, 3 young (3072K), 3 survivors (3072K)
 Metaspace       used 21405K, committed 21696K, reserved 1114112K
  class space    used 3046K, committed 3200K, reserved 1048576K
}

Dll operation events (20 events):
Event: 0.504 Loaded shared library C:\Users\Vihanga\.openjfx\cache\23.0.1+4\amd64\api-ms-win-crt-locale-l1-1-0.dll
Event: 0.507 Loaded shared library C:\Users\Vihanga\.openjfx\cache\23.0.1+4\amd64\api-ms-win-crt-math-l1-1-0.dll
Event: 0.510 Loaded shared library C:\Users\Vihanga\.openjfx\cache\23.0.1+4\amd64\api-ms-win-crt-multibyte-l1-1-0.dll
Event: 0.513 Loaded shared library C:\Users\Vihanga\.openjfx\cache\23.0.1+4\amd64\api-ms-win-crt-private-l1-1-0.dll
Event: 0.516 Loaded shared library C:\Users\Vihanga\.openjfx\cache\23.0.1+4\amd64\api-ms-win-crt-process-l1-1-0.dll
Event: 0.519 Loaded shared library C:\Users\Vihanga\.openjfx\cache\23.0.1+4\amd64\api-ms-win-crt-runtime-l1-1-0.dll
Event: 0.522 Loaded shared library C:\Users\Vihanga\.openjfx\cache\23.0.1+4\amd64\api-ms-win-crt-stdio-l1-1-0.dll
Event: 0.525 Loaded shared library C:\Users\Vihanga\.openjfx\cache\23.0.1+4\amd64\api-ms-win-crt-string-l1-1-0.dll
Event: 0.527 Loaded shared library C:\Users\Vihanga\.openjfx\cache\23.0.1+4\amd64\api-ms-win-crt-time-l1-1-0.dll
Event: 0.530 Loaded shared library C:\Users\Vihanga\.openjfx\cache\23.0.1+4\amd64\api-ms-win-crt-utility-l1-1-0.dll
Event: 0.544 Loaded shared library C:\Users\Vihanga\.openjfx\cache\23.0.1+4\amd64\ucrtbase.dll
Event: 0.548 Loaded shared library C:\Users\Vihanga\.openjfx\cache\23.0.1+4\amd64\vcruntime140.dll
Event: 0.551 Loaded shared library C:\Users\Vihanga\.openjfx\cache\23.0.1+4\amd64\vcruntime140_1.dll
Event: 0.559 Loaded shared library C:\Users\Vihanga\.openjfx\cache\23.0.1+4\amd64\msvcp140.dll
Event: 0.562 Loaded shared library C:\Users\Vihanga\.openjfx\cache\23.0.1+4\amd64\msvcp140_1.dll
Event: 0.569 Loaded shared library C:\Users\Vihanga\.openjfx\cache\23.0.1+4\amd64\msvcp140_2.dll
Event: 0.613 Loaded shared library C:\Users\Vihanga\.openjfx\cache\23.0.1+4\amd64\prism_d3d.dll
Event: 0.825 Loaded shared library C:\Users\Vihanga\.openjfx\cache\23.0.1+4\amd64\glass.dll
Event: 1.123 Loaded shared library C:\Program Files\Java\jdk-21\bin\jimage.dll
Event: 1.187 Loaded shared library C:\Users\Vihanga\.openjfx\cache\23.0.1+4\amd64\javafx_font.dll

Deoptimization events (20 events):
Event: 2.518 Thread 0x00000207789f3700 Uncommon trap: trap_request=0xffffffde fr.pc=0x0000020767d4e950 relative=0x0000000000000130
Event: 2.518 Thread 0x00000207789f3700 Uncommon trap: reason=class_check action=maybe_recompile pc=0x0000020767d4e950 method=jdk.internal.misc.Unsafe.allocateUninitializedArray(Ljava/lang/Class;I)Ljava/lang/Object; @ 51 c2
Event: 2.518 Thread 0x000002077e63a1f0 Uncommon trap: trap_request=0xffffffde fr.pc=0x0000020767d4e950 relative=0x0000000000000130
Event: 2.518 Thread 0x00000207789f3700 DEOPT PACKING pc=0x0000020767d4e950 sp=0x00000049a67fccc0
Event: 2.518 Thread 0x000002077e63a1f0 Uncommon trap: reason=class_check action=maybe_recompile pc=0x0000020767d4e950 method=jdk.internal.misc.Unsafe.allocateUninitializedArray(Ljava/lang/Class;I)Ljava/lang/Object; @ 51 c2
Event: 2.518 Thread 0x00000207789f3700 DEOPT UNPACKING pc=0x00000207677046a2 sp=0x00000049a67fcc38 mode 2
Event: 2.518 Thread 0x000002077e63a1f0 DEOPT PACKING pc=0x0000020767d4e950 sp=0x00000049a6bfce50
Event: 2.518 Thread 0x000002077e63a1f0 DEOPT UNPACKING pc=0x00000207677046a2 sp=0x00000049a6bfcdc8 mode 2
Event: 2.518 Thread 0x00000207789f3700 Uncommon trap: trap_request=0xffffffde fr.pc=0x0000020767d4e950 relative=0x0000000000000130
Event: 2.518 Thread 0x00000207789f3700 Uncommon trap: reason=class_check action=maybe_recompile pc=0x0000020767d4e950 method=jdk.internal.misc.Unsafe.allocateUninitializedArray(Ljava/lang/Class;I)Ljava/lang/Object; @ 51 c2
Event: 2.518 Thread 0x00000207789f3700 DEOPT PACKING pc=0x0000020767d4e950 sp=0x00000049a67fccc0
Event: 2.518 Thread 0x00000207789f3700 DEOPT UNPACKING pc=0x00000207677046a2 sp=0x00000049a67fcc38 mode 2
Event: 2.539 Thread 0x00000207789f3700 Uncommon trap: trap_request=0xffffff45 fr.pc=0x0000020767d17518 relative=0x00000000000001f8
Event: 2.539 Thread 0x00000207789f3700 Uncommon trap: reason=unstable_if action=reinterpret pc=0x0000020767d17518 method=java.io.ByteArrayInputStream.read()I @ 8 c2
Event: 2.539 Thread 0x00000207789f3700 DEOPT PACKING pc=0x0000020767d17518 sp=0x00000049a67fb8e0
Event: 2.539 Thread 0x00000207789f3700 DEOPT UNPACKING pc=0x00000207677046a2 sp=0x00000049a67fb888 mode 2
Event: 2.594 Thread 0x000002077e63a1f0 Uncommon trap: trap_request=0xffffff45 fr.pc=0x0000020767cf8f94 relative=0x0000000000000074
Event: 2.594 Thread 0x000002077e63a1f0 Uncommon trap: reason=unstable_if action=reinterpret pc=0x0000020767cf8f94 method=java.lang.ref.ReferenceQueue.poll()Ljava/lang/ref/Reference; @ 4 c2
Event: 2.594 Thread 0x000002077e63a1f0 DEOPT PACKING pc=0x0000020767cf8f94 sp=0x00000049a6bfcf60
Event: 2.594 Thread 0x000002077e63a1f0 DEOPT UNPACKING pc=0x00000207677046a2 sp=0x00000049a6bfcef0 mode 2

Classes loaded (20 events):
Event: 2.598 Loading class sun/security/provider/AbstractDrbg
Event: 2.599 Loading class sun/security/provider/AbstractDrbg done
Event: 2.599 Loading class sun/security/provider/AbstractHashDrbg done
Event: 2.599 Loading class sun/security/provider/HashDrbg done
Event: 2.599 Loading class sun/security/provider/EntropySource
Event: 2.600 Loading class sun/security/provider/EntropySource done
Event: 2.601 Loading class java/security/DrbgParameters$NextBytes
Event: 2.601 Loading class java/security/DrbgParameters$NextBytes done
Event: 2.601 Loading class sun/security/provider/AbstractDrbg$SeederHolder
Event: 2.601 Loading class sun/security/provider/AbstractDrbg$SeederHolder done
Event: 2.601 Loading class sun/security/provider/SeedGenerator
Event: 2.601 Loading class sun/security/provider/SeedGenerator done
Event: 2.602 Loading class sun/security/provider/NativeSeedGenerator
Event: 2.602 Loading class sun/security/provider/NativeSeedGenerator done
Event: 2.607 Loading class java/util/WeakHashMap$EntrySet
Event: 2.607 Loading class java/util/WeakHashMap$EntrySet done
Event: 2.607 Loading class java/util/WeakHashMap$EntryIterator
Event: 2.607 Loading class java/util/WeakHashMap$EntryIterator done
Event: 2.609 Loading class sun/security/provider/SHA
Event: 2.609 Loading class sun/security/provider/SHA done

Classes unloaded (0 events):
No events

Classes redefined (0 events):
No events

Internal exceptions (20 events):
Event: 2.237 Thread 0x000002077e63a1f0 Exception <a 'java/lang/NoSuchMethodError'{0x000000008e7a9cc8}: 'java.lang.ClassLoader java.lang.Class.getClassLoader(java.lang.Class)'> (0x000000008e7a9cc8) 
thrown [s\open\src\hotspot\share\interpreter\linkResolver.cpp, line 773]
Event: 2.239 Thread 0x00000207789f3700 Exception <a 'java/io/FileNotFoundException'{0x000000008e764488}> (0x000000008e764488) 
thrown [s\open\src\hotspot\share\prims\jni.cpp, line 520]
Event: 2.242 Thread 0x000002077e63a1f0 Exception <a 'sun/nio/fs/WindowsException'{0x000000008e6247a0}> (0x000000008e6247a0) 
thrown [s\open\src\hotspot\share\prims\jni.cpp, line 520]
Event: 2.293 Thread 0x000002077e63a1f0 Exception <a 'sun/nio/fs/WindowsException'{0x000000008e141ef8}> (0x000000008e141ef8) 
thrown [s\open\src\hotspot\share\prims\jni.cpp, line 520]
Event: 2.323 Thread 0x000002077e63a1f0 Exception <a 'java/lang/ClassNotFoundException'{0x000000008e163648}: com/sun/org/apache/xerces/internal/impl/xpath/regex/spi/messageProvider> (0x000000008e163648) 
thrown [s\open\src\hotspot\share\classfile\systemDictionary.cpp, line 312]
Event: 2.393 Thread 0x000002077e63a1f0 Exception <a 'sun/nio/fs/WindowsException'{0x000000008dbc3ce0}> (0x000000008dbc3ce0) 
thrown [s\open\src\hotspot\share\prims\jni.cpp, line 520]
Event: 2.409 Thread 0x00000207789f3700 Exception <a 'java/lang/IncompatibleClassChangeError'{0x000000008d944c50}: Found class java.lang.Object, but interface was expected> (0x000000008d944c50) 
thrown [s\open\src\hotspot\share\interpreter\linkResolver.cpp, line 840]
Event: 2.420 Thread 0x000002077e63a1f0 Exception <a 'sun/nio/fs/WindowsException'{0x000000008d832750}> (0x000000008d832750) 
thrown [s\open\src\hotspot\share\prims\jni.cpp, line 520]
Event: 2.431 Thread 0x000002077e63a1f0 Exception <a 'sun/nio/fs/WindowsException'{0x000000008d7b8220}> (0x000000008d7b8220) 
thrown [s\open\src\hotspot\share\prims\jni.cpp, line 520]
Event: 2.445 Thread 0x00000207789f3700 Exception <a 'java/lang/ClassNotFoundException'{0x000000008d52a598}: com/sun/javafx/scene/control/skin/resources/controls> (0x000000008d52a598) 
thrown [s\open\src\hotspot\share\prims\jni.cpp, line 539]
Event: 2.445 Thread 0x00000207789f3700 Exception <a 'java/lang/ClassNotFoundException'{0x000000008d538798}: com/sun/javafx/scene/control/skin/resources/controls_en> (0x000000008d538798) 
thrown [s\open\src\hotspot\share\prims\jni.cpp, line 539]
Event: 2.445 Thread 0x00000207789f3700 Exception <a 'java/lang/ClassNotFoundException'{0x000000008d53a608}: com/sun/javafx/scene/control/skin/resources/controls_en_US> (0x000000008d53a608) 
thrown [s\open\src\hotspot\share\prims\jni.cpp, line 539]
Event: 2.448 Thread 0x000002077e63a1f0 Exception <a 'sun/nio/fs/WindowsException'{0x000000008d5d2dd8}> (0x000000008d5d2dd8) 
thrown [s\open\src\hotspot\share\prims\jni.cpp, line 520]
Event: 2.476 Thread 0x00000207789f3700 Exception <a 'java/lang/NoSuchMethodError'{0x000000008d146f48}: 'void java.lang.invoke.DirectMethodHandle$Holder.invokeSpecial(java.lang.Object, java.lang.Object, java.lang.Object, java.lang.Object, java.lang.Object, java.lang.Object)'> (0x000000008d146f48) 
thrown [s\open\src\hotspot\share\interpreter\linkResolver.cpp, line 773]
Event: 2.484 Thread 0x000002077e63a1f0 Exception <a 'sun/nio/fs/WindowsException'{0x000000008cf07060}> (0x000000008cf07060) 
thrown [s\open\src\hotspot\share\prims\jni.cpp, line 520]
Event: 2.490 Thread 0x000002077e63a1f0 Exception <a 'sun/nio/fs/WindowsException'{0x000000008ce0df68}> (0x000000008ce0df68) 
thrown [s\open\src\hotspot\share\prims\jni.cpp, line 520]
Event: 2.510 Thread 0x000002077e63a1f0 Exception <a 'sun/nio/fs/WindowsException'{0x000000008ccfb2b0}> (0x000000008ccfb2b0) 
thrown [s\open\src\hotspot\share\prims\jni.cpp, line 520]
Event: 2.544 Thread 0x00000207789f3700 Exception <a 'java/lang/NoSuchMethodError'{0x000000008c83da18}: 'int java.lang.invoke.DirectMethodHandle$Holder.invokeSpecial(java.lang.Object, java.lang.Object, int)'> (0x000000008c83da18) 
thrown [s\open\src\hotspot\share\interpreter\linkResolver.cpp, line 773]
Event: 2.587 Thread 0x00000207789f3700 Exception <a 'java/lang/NoSuchMethodError'{0x000000008e881a20}: 'java.lang.Object java.lang.invoke.DirectMethodHandle$Holder.newInvokeSpecial(java.lang.Object, java.lang.Object, int)'> (0x000000008e881a20) 
thrown [s\open\src\hotspot\share\interpreter\linkResolver.cpp, line 773]
Event: 2.600 Thread 0x000002077e63a1f0 Exception <a 'java/lang/NoSuchMethodError'{0x000000008eb68c00}: 'java.lang.Object java.lang.invoke.DirectMethodHandle$Holder.invokeStaticInit(java.lang.Object, int, int, int, int)'> (0x000000008eb68c00) 
thrown [s\open\src\hotspot\share\interpreter\linkResolver.cpp, line 773]

ZGC Phase Switch (0 events):
No events

VM Operations (20 events):
Event: 2.350 Executing VM operation: HandshakeAllThreads (Deoptimize) done
Event: 2.399 Executing VM operation: HandshakeAllThreads (Deoptimize)
Event: 2.399 Executing VM operation: HandshakeAllThreads (Deoptimize) done
Event: 2.404 Executing VM operation: HandshakeAllThreads (Deoptimize)
Event: 2.404 Executing VM operation: HandshakeAllThreads (Deoptimize) done
Event: 2.467 Executing VM operation: HandshakeAllThreads (Deoptimize)
Event: 2.467 Executing VM operation: HandshakeAllThreads (Deoptimize) done
Event: 2.474 Executing VM operation: ICBufferFull
Event: 2.474 Executing VM operation: ICBufferFull done
Event: 2.563 Executing VM operation: CollectForMetadataAllocation (Metadata GC Threshold)
Event: 2.570 Executing VM operation: CollectForMetadataAllocation (Metadata GC Threshold) done
Event: 2.578 Executing VM operation: G1PauseRemark
Event: 2.580 Executing VM operation: G1PauseRemark done
Event: 2.583 Executing VM operation: G1PauseCleanup
Event: 2.584 Executing VM operation: G1PauseCleanup done
Event: 2.609 Executing VM operation: G1TryInitiateConcMark (G1 Humongous Allocation)
Event: 2.612 Executing VM operation: G1TryInitiateConcMark (G1 Humongous Allocation) done
Event: 2.613 Executing VM operation: HandshakeAllThreads (Deoptimize)
Event: 2.641 Executing VM operation: HandshakeAllThreads (Deoptimize) done
Event: 2.641 Executing VM operation: G1PauseRemark

Events (20 events):
Event: 2.642 Thread 0x0000020773e1f3d0 flushing nmethod 0x0000020767cec590
Event: 2.642 Thread 0x0000020773e1f3d0 flushing nmethod 0x0000020767cf9990
Event: 2.642 Thread 0x0000020773e1f3d0 flushing nmethod 0x0000020767ce9710
Event: 2.642 Thread 0x0000020773e1f3d0 flushing nmethod 0x0000020767cc6810
Event: 2.642 Thread 0x0000020773e1f3d0 flushing nmethod 0x0000020767cc5410
Event: 2.642 Thread 0x0000020773e1f3d0 flushing nmethod 0x0000020767cab810
Event: 2.642 Thread 0x0000020773e1f3d0 flushing nmethod 0x0000020767cdd390
Event: 2.642 Thread 0x0000020773e1f3d0 flushing nmethod 0x0000020767cda010
Event: 2.642 Thread 0x0000020773e1f3d0 flushing nmethod 0x0000020767cd7210
Event: 2.642 Thread 0x0000020773e1f3d0 flushing nmethod 0x0000020767cbb010
Event: 2.642 Thread 0x0000020773e1f3d0 flushing nmethod 0x0000020767cb4210
Event: 2.642 Thread 0x0000020773e1f3d0 flushing nmethod 0x0000020767cb6890
Event: 2.642 Thread 0x0000020773e1f3d0 flushing nmethod 0x0000020767ca5090
Event: 2.642 Thread 0x0000020773e1f3d0 flushing nmethod 0x0000020767ca4410
Event: 2.642 Thread 0x0000020773e1f3d0 flushing nmethod 0x0000020767c75610
Event: 2.642 Thread 0x0000020773e1f3d0 flushing nmethod 0x0000020767c74810
Event: 2.642 Thread 0x0000020773e1f3d0 flushing nmethod 0x0000020767c67d10
Event: 2.642 Thread 0x0000020773e1f3d0 flushing nmethod 0x0000020767c6bd10
Event: 2.642 Thread 0x0000020773e1f3d0 flushing nmethod 0x0000020767c5a290
Event: 2.642 Thread 0x0000020773e1f3d0 flushing nmethod 0x0000020767c50310


Dynamic libraries:
0x00007ff6c9300000 - 0x00007ff6c9310000 	C:\Program Files\Java\jdk-21\bin\java.exe
0x00007ffb9ec50000 - 0x00007ffb9ee48000 	C:\Windows\SYSTEM32\ntdll.dll
0x00007ffb9d3c0000 - 0x00007ffb9d482000 	C:\Windows\System32\KERNEL32.DLL
0x00007ffb9c480000 - 0x00007ffb9c776000 	C:\Windows\System32\KERNELBASE.dll
0x00007ffb9cb70000 - 0x00007ffb9cc70000 	C:\Windows\System32\ucrtbase.dll
0x00007ffb959b0000 - 0x00007ffb959cb000 	C:\Program Files\Java\jdk-21\bin\VCRUNTIME140.dll
0x00007ffb959d0000 - 0x00007ffb959e9000 	C:\Program Files\Java\jdk-21\bin\jli.dll
0x00007ffb9e010000 - 0x00007ffb9e0c1000 	C:\Windows\System32\ADVAPI32.dll
0x00007ffb9cd80000 - 0x00007ffb9ce1e000 	C:\Windows\System32\msvcrt.dll
0x00007ffb9e0d0000 - 0x00007ffb9e16f000 	C:\Windows\System32\sechost.dll
0x00007ffb9d290000 - 0x00007ffb9d3b0000 	C:\Windows\System32\RPCRT4.dll
0x00007ffb9ca10000 - 0x00007ffb9ca37000 	C:\Windows\System32\bcrypt.dll
0x00007ffb9dd50000 - 0x00007ffb9def1000 	C:\Windows\System32\USER32.dll
0x00007ffb9ca40000 - 0x00007ffb9ca62000 	C:\Windows\System32\win32u.dll
0x00007ffb9df70000 - 0x00007ffb9df9b000 	C:\Windows\System32\GDI32.dll
0x00007ffb9c360000 - 0x00007ffb9c479000 	C:\Windows\System32\gdi32full.dll
0x00007ffb9c780000 - 0x00007ffb9c81d000 	C:\Windows\System32\msvcp_win.dll
0x00007ffb8a840000 - 0x00007ffb8aadb000 	C:\Windows\WinSxS\amd64_microsoft.windows.common-controls_6595b64144ccf1df_6.0.19041.6456_none_60b8a6cb71f64256\COMCTL32.dll
0x00007ffb9be40000 - 0x00007ffb9be4a000 	C:\Windows\SYSTEM32\VERSION.dll
0x00007ffb9db10000 - 0x00007ffb9db3f000 	C:\Windows\System32\IMM32.DLL
0x000000006de90000 - 0x000000006de9c000 	C:\Program Files (x86)\360\Total Security\safemon\SafeWrapper.dll
0x00007ffb87f90000 - 0x00007ffb8803c000 	C:\Program Files (x86)\360\Total Security\safemon\libzdtp64.dll
0x00007ffb9e1f0000 - 0x00007ffb9e960000 	C:\Windows\System32\SHELL32.dll
0x00007ffb9e190000 - 0x00007ffb9e1eb000 	C:\Windows\System32\SHLWAPI.dll
0x00007ffb89900000 - 0x00007ffb8990c000 	C:\Program Files\Java\jdk-21\bin\vcruntime140_1.dll
0x00007ffb87e90000 - 0x00007ffb87f1e000 	C:\Program Files\Java\jdk-21\bin\msvcp140.dll
0x00007ffb84ff0000 - 0x00007ffb85d05000 	C:\Program Files\Java\jdk-21\bin\server\jvm.dll
0x00007ffb9df00000 - 0x00007ffb9df6b000 	C:\Windows\System32\WS2_32.dll
0x00007ffb92700000 - 0x00007ffb92727000 	C:\Windows\SYSTEM32\WINMM.dll
0x00007ffb9bde0000 - 0x00007ffb9be2b000 	C:\Windows\SYSTEM32\POWRPROF.dll
0x00007ffb9bcd0000 - 0x00007ffb9bce2000 	C:\Windows\SYSTEM32\UMPDC.dll
0x00007ffb9a100000 - 0x00007ffb9a112000 	C:\Windows\SYSTEM32\kernel.appcore.dll
0x00007ffb883f0000 - 0x00007ffb883fa000 	C:\Program Files\Java\jdk-21\bin\jimage.dll
0x00007ffb91d70000 - 0x00007ffb91f71000 	C:\Windows\SYSTEM32\DBGHELP.DLL
0x00007ffb8a1f0000 - 0x00007ffb8a224000 	C:\Windows\SYSTEM32\dbgcore.DLL
0x00007ffb9c820000 - 0x00007ffb9c8a2000 	C:\Windows\System32\bcryptPrimitives.dll
0x00007ffb88210000 - 0x00007ffb8822f000 	C:\Program Files\Java\jdk-21\bin\java.dll
0x00007ffb9a300000 - 0x00007ffb9aaa5000 	C:\Windows\SYSTEM32\windows.storage.dll
0x00007ffb9d490000 - 0x00007ffb9d7e4000 	C:\Windows\System32\combase.dll
0x00007ffb9bc30000 - 0x00007ffb9bc5b000 	C:\Windows\SYSTEM32\Wldp.dll
0x00007ffb9eb40000 - 0x00007ffb9ec0d000 	C:\Windows\System32\OLEAUT32.dll
0x00007ffb9ccd0000 - 0x00007ffb9cd7d000 	C:\Windows\System32\SHCORE.dll
0x00007ffb9c210000 - 0x00007ffb9c234000 	C:\Windows\SYSTEM32\profapi.dll
0x00007ffb878e0000 - 0x00007ffb879b7000 	C:\Program Files\Java\jdk-21\bin\jsvml.dll
0x00007ffb87820000 - 0x00007ffb87830000 	C:\Program Files\Java\jdk-21\bin\net.dll
0x00007ffb962d0000 - 0x00007ffb963da000 	C:\Windows\SYSTEM32\WINHTTP.dll
0x00007ffb9b920000 - 0x00007ffb9b98a000 	C:\Windows\system32\mswsock.dll
0x00007ffb87800000 - 0x00007ffb87816000 	C:\Program Files\Java\jdk-21\bin\nio.dll
0x00007ffb876d0000 - 0x00007ffb876e8000 	C:\Program Files\Java\jdk-21\bin\zip.dll
0x0000020755cc0000 - 0x0000020755cc3000 	C:\Users\Vihanga\.openjfx\cache\23.0.1+4\amd64\api-ms-win-core-console-l1-1-0.dll
0x0000020755cd0000 - 0x0000020755cd3000 	C:\Users\Vihanga\.openjfx\cache\23.0.1+4\amd64\api-ms-win-core-console-l1-2-0.dll
0x0000020755ce0000 - 0x0000020755ce3000 	C:\Users\Vihanga\.openjfx\cache\23.0.1+4\amd64\api-ms-win-core-datetime-l1-1-0.dll
0x0000020755cf0000 - 0x0000020755cf3000 	C:\Users\Vihanga\.openjfx\cache\23.0.1+4\amd64\api-ms-win-core-debug-l1-1-0.dll
0x0000020755d00000 - 0x0000020755d03000 	C:\Users\Vihanga\.openjfx\cache\23.0.1+4\amd64\api-ms-win-core-errorhandling-l1-1-0.dll
0x0000020755d10000 - 0x0000020755d14000 	C:\Users\Vihanga\.openjfx\cache\23.0.1+4\amd64\api-ms-win-core-file-l1-1-0.dll
0x0000020755d20000 - 0x0000020755d23000 	C:\Users\Vihanga\.openjfx\cache\23.0.1+4\amd64\api-ms-win-core-file-l1-2-0.dll
0x0000020755d30000 - 0x0000020755d33000 	C:\Users\Vihanga\.openjfx\cache\23.0.1+4\amd64\api-ms-win-core-file-l2-1-0.dll
0x0000020757c20000 - 0x0000020757c23000 	C:\Users\Vihanga\.openjfx\cache\23.0.1+4\amd64\api-ms-win-core-handle-l1-1-0.dll
0x0000020757c30000 - 0x0000020757c33000 	C:\Users\Vihanga\.openjfx\cache\23.0.1+4\amd64\api-ms-win-core-heap-l1-1-0.dll
0x0000020757c40000 - 0x0000020757c43000 	C:\Users\Vihanga\.openjfx\cache\23.0.1+4\amd64\api-ms-win-core-interlocked-l1-1-0.dll
0x0000020757c50000 - 0x0000020757c53000 	C:\Users\Vihanga\.openjfx\cache\23.0.1+4\amd64\api-ms-win-core-libraryloader-l1-1-0.dll
0x0000020757c60000 - 0x0000020757c63000 	C:\Users\Vihanga\.openjfx\cache\23.0.1+4\amd64\api-ms-win-core-localization-l1-2-0.dll
0x0000020757c70000 - 0x0000020757c73000 	C:\Users\Vihanga\.openjfx\cache\23.0.1+4\amd64\api-ms-win-core-memory-l1-1-0.dll
0x0000020757c80000 - 0x0000020757c83000 	C:\Users\Vihanga\.openjfx\cache\23.0.1+4\amd64\api-ms-win-core-namedpipe-l1-1-0.dll
0x0000020757c90000 - 0x0000020757c93000 	C:\Users\Vihanga\.openjfx\cache\23.0.1+4\amd64\api-ms-win-core-processenvironment-l1-1-0.dll
0x0000020757ca0000 - 0x0000020757ca3000 	C:\Users\Vihanga\.openjfx\cache\23.0.1+4\amd64\api-ms-win-core-processthreads-l1-1-0.dll
0x0000020757cb0000 - 0x0000020757cb3000 	C:\Users\Vihanga\.openjfx\cache\23.0.1+4\amd64\api-ms-win-core-processthreads-l1-1-1.dll
0x0000020757cc0000 - 0x0000020757cc3000 	C:\Users\Vihanga\.openjfx\cache\23.0.1+4\amd64\api-ms-win-core-profile-l1-1-0.dll
0x0000020757cd0000 - 0x0000020757cd3000 	C:\Users\Vihanga\.openjfx\cache\23.0.1+4\amd64\api-ms-win-core-rtlsupport-l1-1-0.dll
0x0000020757ce0000 - 0x0000020757ce3000 	C:\Users\Vihanga\.openjfx\cache\23.0.1+4\amd64\api-ms-win-core-string-l1-1-0.dll
0x0000020773f80000 - 0x0000020773f83000 	C:\Users\Vihanga\.openjfx\cache\23.0.1+4\amd64\api-ms-win-core-synch-l1-1-0.dll
0x0000020773f90000 - 0x0000020773f93000 	C:\Users\Vihanga\.openjfx\cache\23.0.1+4\amd64\api-ms-win-core-synch-l1-2-0.dll
0x0000020773fa0000 - 0x0000020773fa3000 	C:\Users\Vihanga\.openjfx\cache\23.0.1+4\amd64\api-ms-win-core-sysinfo-l1-1-0.dll
0x0000020773fb0000 - 0x0000020773fb3000 	C:\Users\Vihanga\.openjfx\cache\23.0.1+4\amd64\api-ms-win-core-timezone-l1-1-0.dll
0x0000020773fc0000 - 0x0000020773fc3000 	C:\Users\Vihanga\.openjfx\cache\23.0.1+4\amd64\api-ms-win-core-util-l1-1-0.dll
0x0000020773fd0000 - 0x0000020773fd3000 	C:\Users\Vihanga\.openjfx\cache\23.0.1+4\amd64\api-ms-win-crt-conio-l1-1-0.dll
0x0000020773fe0000 - 0x0000020773fe4000 	C:\Users\Vihanga\.openjfx\cache\23.0.1+4\amd64\api-ms-win-crt-convert-l1-1-0.dll
0x0000020773ff0000 - 0x0000020773ff3000 	C:\Users\Vihanga\.openjfx\cache\23.0.1+4\amd64\api-ms-win-crt-environment-l1-1-0.dll
0x0000020778c00000 - 0x0000020778c03000 	C:\Users\Vihanga\.openjfx\cache\23.0.1+4\amd64\api-ms-win-crt-filesystem-l1-1-0.dll
0x0000020778c10000 - 0x0000020778c13000 	C:\Users\Vihanga\.openjfx\cache\23.0.1+4\amd64\api-ms-win-crt-heap-l1-1-0.dll
0x0000020778c20000 - 0x0000020778c23000 	C:\Users\Vihanga\.openjfx\cache\23.0.1+4\amd64\api-ms-win-crt-locale-l1-1-0.dll
0x0000020778c30000 - 0x0000020778c35000 	C:\Users\Vihanga\.openjfx\cache\23.0.1+4\amd64\api-ms-win-crt-math-l1-1-0.dll
0x0000020778c40000 - 0x0000020778c45000 	C:\Users\Vihanga\.openjfx\cache\23.0.1+4\amd64\api-ms-win-crt-multibyte-l1-1-0.dll
0x0000020778c50000 - 0x0000020778c60000 	C:\Users\Vihanga\.openjfx\cache\23.0.1+4\amd64\api-ms-win-crt-private-l1-1-0.dll
0x0000020778c60000 - 0x0000020778c63000 	C:\Users\Vihanga\.openjfx\cache\23.0.1+4\amd64\api-ms-win-crt-process-l1-1-0.dll
0x0000020778c70000 - 0x0000020778c74000 	C:\Users\Vihanga\.openjfx\cache\23.0.1+4\amd64\api-ms-win-crt-runtime-l1-1-0.dll
0x0000020778c80000 - 0x0000020778c84000 	C:\Users\Vihanga\.openjfx\cache\23.0.1+4\amd64\api-ms-win-crt-stdio-l1-1-0.dll
0x0000020778c90000 - 0x0000020778c94000 	C:\Users\Vihanga\.openjfx\cache\23.0.1+4\amd64\api-ms-win-crt-string-l1-1-0.dll
0x0000020778ca0000 - 0x0000020778ca3000 	C:\Users\Vihanga\.openjfx\cache\23.0.1+4\amd64\api-ms-win-crt-time-l1-1-0.dll
0x0000020778cb0000 - 0x0000020778cb3000 	C:\Users\Vihanga\.openjfx\cache\23.0.1+4\amd64\api-ms-win-crt-utility-l1-1-0.dll
0x00007ffb6f910000 - 0x00007ffb6fa0c000 	C:\Users\Vihanga\.openjfx\cache\23.0.1+4\amd64\ucrtbase.dll
0x00007ffb934e0000 - 0x00007ffb934fb000 	C:\Users\Vihanga\.openjfx\cache\23.0.1+4\amd64\vcruntime140.dll
0x00007ffb937d0000 - 0x00007ffb937dc000 	C:\Users\Vihanga\.openjfx\cache\23.0.1+4\amd64\vcruntime140_1.dll
0x00007ffb72c10000 - 0x00007ffb72c9e000 	C:\Users\Vihanga\.openjfx\cache\23.0.1+4\amd64\msvcp140.dll
0x00007ffb91d60000 - 0x00007ffb91d69000 	C:\Users\Vihanga\.openjfx\cache\23.0.1+4\amd64\msvcp140_1.dll
0x00007ffb876f0000 - 0x00007ffb87731000 	C:\Users\Vihanga\.openjfx\cache\23.0.1+4\amd64\msvcp140_2.dll
0x00007ffb91d30000 - 0x00007ffb91d60000 	C:\Users\Vihanga\.openjfx\cache\23.0.1+4\amd64\prism_d3d.dll
0x00007ffb48fe0000 - 0x00007ffb491b1000 	C:\Windows\system32\d3d9.dll
0x00007ffb99e00000 - 0x00007ffb99e2e000 	C:\Windows\SYSTEM32\dwmapi.dll
0x00007ffb99c10000 - 0x00007ffb99cae000 	C:\Windows\system32\uxtheme.dll
0x00007ffb92750000 - 0x00007ffb92814000 	C:\Windows\System32\DriverStore\FileRepository\nv_dispi.inf_amd64_adf5a840df867035\nvldumdx.dll
0x00007ffb9be50000 - 0x00007ffb9be62000 	C:\Windows\SYSTEM32\msasn1.dll
0x00007ffb963e0000 - 0x00007ffb96411000 	C:\Windows\SYSTEM32\cryptnet.dll
0x00007ffb9c8b0000 - 0x00007ffb9ca0d000 	C:\Windows\System32\CRYPT32.dll
0x00007ffb9bb10000 - 0x00007ffb9bb1c000 	C:\Windows\SYSTEM32\cryptbase.dll
0x00007ffb95f50000 - 0x00007ffb96097000 	C:\Windows\SYSTEM32\drvstore.dll
0x00007ffb9be70000 - 0x00007ffb9bea3000 	C:\Windows\SYSTEM32\devobj.dll
0x00007ffb9ca70000 - 0x00007ffb9cabe000 	C:\Windows\System32\cfgmgr32.dll
0x00007ffb9c2e0000 - 0x00007ffb9c353000 	C:\Windows\System32\wintrust.dll
0x00007ffb9e170000 - 0x00007ffb9e18d000 	C:\Windows\System32\imagehlp.dll
0x00007ffb9bb20000 - 0x00007ffb9bb38000 	C:\Windows\SYSTEM32\CRYPTSP.dll
0x00007ffb9b240000 - 0x00007ffb9b278000 	C:\Windows\system32\rsaenh.dll
0x00007ffb2bc30000 - 0x00007ffb2e940000 	C:\Windows\System32\DriverStore\FileRepository\nv_dispi.inf_amd64_adf5a840df867035\nvgpucomp64.dll
0x00007ffb9ea10000 - 0x00007ffb9eb3b000 	C:\Windows\System32\ole32.dll
0x00007ffb41a10000 - 0x00007ffb4379c000 	C:\Windows\System32\DriverStore\FileRepository\nv_dispi.inf_amd64_adf5a840df867035\nvd3dumx.dll
0x00007ffb79180000 - 0x00007ffb791c5000 	C:\Users\Vihanga\.openjfx\cache\23.0.1+4\amd64\glass.dll
0x00007ffb9dc60000 - 0x00007ffb9dd3a000 	C:\Windows\System32\COMDLG32.dll
0x00007ffb9db40000 - 0x00007ffb9dc55000 	C:\Windows\System32\MSCTF.dll
0x00007ffb5a500000 - 0x00007ffb5a647000 	C:\Windows\system32\nvspcap64.dll
0x00007ffb9b490000 - 0x00007ffb9b4c3000 	C:\Windows\SYSTEM32\ntmarta.dll
0x00007ffb9aac0000 - 0x00007ffb9aae3000 	C:\Windows\SYSTEM32\gpapi.dll
0x00007ffb5a3a0000 - 0x00007ffb5a4f5000 	C:\Windows\System32\DriverStore\FileRepository\nv_dispi.inf_amd64_adf5a840df867035\nvppex.dll
0x00007ffb93870000 - 0x00007ffb938ab000 	C:\Windows\SYSTEM32\dxcore.dll
0x00007ffb9e960000 - 0x00007ffb9ea09000 	C:\Windows\System32\clbcatq.dll
0x00007ffb8fed0000 - 0x00007ffb9000f000 	C:\Windows\System32\Windows.UI.dll
0x00007ffb95da0000 - 0x00007ffb95e41000 	C:\Windows\System32\WindowManagementAPI.dll
0x00007ffb8c2c0000 - 0x00007ffb8c412000 	C:\Windows\System32\InputHost.dll
0x00007ffb8faa0000 - 0x00007ffb8fb99000 	C:\Windows\System32\TextInputFramework.dll

dbghelp: loaded successfully - version: 4.0.5 - missing functions: none
symbol engine: initialized successfully - sym options: 0x614 - pdb path: .;C:\Program Files\Java\jdk-21\bin;C:\Windows\SYSTEM32;C:\Windows\WinSxS\amd64_microsoft.windows.common-controls_6595b64144ccf1df_6.0.19041.6456_none_60b8a6cb71f64256;C:\Program Files (x86)\360\Total Security\safemon;C:\Program Files\Java\jdk-21\bin\server;C:\Users\Vihanga\.openjfx\cache\23.0.1+4\amd64;C:\Windows\System32\DriverStore\FileRepository\nv_dispi.inf_amd64_adf5a840df867035;C:\Program Files\Common Files\Microsoft Shared\Ink

VM Arguments:
jvm_args: --module-path=D:\Quantum Blaze\Projects\Research Project\POS Systems\POS_Java_01\quantumretail_pro\target\classes;C:\Users\Vihanga\.m2\repository\com\github\weisj\jsvg\1.7.0\jsvg-1.7.0.jar;C:\Users\Vihanga\.m2\repository\com\google\code\gson\gson\2.13.1\gson-2.13.1.jar;C:\Users\Vihanga\.m2\repository\com\google\errorprone\error_prone_annotations\2.38.0\error_prone_annotations-2.38.0.jar;C:\Users\Vihanga\.m2\repository\com\jfoenix\jfoenix\9.0.8\jfoenix-9.0.8.jar;C:\Users\Vihanga\.m2\repository\commons-beanutils\commons-beanutils\1.9.4\commons-beanutils-1.9.4.jar;C:\Users\Vihanga\.m2\repository\de\mkammerer\argon2-jvm\2.12\argon2-jvm-2.12.jar;C:\Users\Vihanga\.m2\repository\de\mkammerer\argon2-jvm-nolibs\2.12\argon2-jvm-nolibs-2.12.jar;C:\Users\Vihanga\.m2\repository\jakarta\persistence\jakarta.persistence-api\3.1.0\jakarta.persistence-api-3.1.0.jar;C:\Users\Vihanga\.m2\repository\net\java\dev\jna\jna\5.17.0\jna-5.17.0.jar;C:\Users\Vihanga\.m2\repository\net\sf\jasperreports\jasperreports\6.20.5\jasperreports-6.20.5.jar;C:\Users\Vihanga\.m2\repository\net\sf\jasperreports\jasperreports-fonts\6.20.5\jasperreports-fonts-6.20.5.jar;C:\Users\Vihanga\.m2\repository\net\sourceforge\barbecue\barbecue\1.5-beta1\barbecue-1.5-beta1.jar;C:\Users\Vihanga\.m2\repository\org\apache\commons\commons-lang3\3.17.0\commons-lang3-3.17.0.jar;C:\Users\Vihanga\.m2\repository\org\hibernate\orm\hibernate-core\6.4.4.Final\hibernate-core-6.4.4.Final.jar;C:\Users\Vihanga\.m2\repository\org\hibernate\validator\hibernate-validator\8.0.1.Final\hibernate-validator-8.0.1.Final.jar;C:\Users\Vihanga\.m2\repository\org\json\json\20250517\json-20250517.jar;C:\Users\Vihanga\.m2\repository\org\openjfx\javafx-base\23.0.1\javafx-base-23.0.1-win.jar;C:\Users\Vihanga\.m2\repository\org\openjfx\javafx-controls\23.0.1\javafx-controls-23.0.1-win.jar;C:\Users\Vihanga\.m2\repository\org\openjfx\javafx-fxml\23.0.1\javafx-fxml-23.0.1-win.jar;C:\Users\Vihanga\.m2\repository\org\openjfx\javafx-graphics\23.0.1\javafx-g--add-modules=com.qb.app -Djdk.module.main=com.qb.app 
java_command: com.qb.app/com.qb.app.Main
java_class_path (initial): C:\Users\Vihanga\.m2\repository\com\fasterxml\classmate\1.5.1\classmate-1.5.1.jar;C:\Users\Vihanga\.m2\repository\com\fasterxml\jackson\core\jackson-annotations\2.14.1\jackson-annotations-2.14.1.jar;C:\Users\Vihanga\.m2\repository\com\fasterxml\jackson\core\jackson-core\2.14.1\jackson-core-2.14.1.jar;C:\Users\Vihanga\.m2\repository\com\fasterxml\jackson\core\jackson-databind\2.14.1\jackson-databind-2.14.1.jar;C:\Users\Vihanga\.m2\repository\com\fasterxml\jackson\dataformat\jackson-dataformat-xml\2.14.1\jackson-dataformat-xml-2.14.1.jar;C:\Users\Vihanga\.m2\repository\com\fasterxml\woodstox\woodstox-core\6.4.0\woodstox-core-6.4.0.jar;C:\Users\Vihanga\.m2\repository\com\github\librepdf\openpdf\1.3.30.jaspersoft.2\openpdf-1.3.30.jaspersoft.2.jar;C:\Users\Vihanga\.m2\repository\com\google\protobuf\protobuf-java\3.21.9\protobuf-java-3.21.9.jar;C:\Users\Vihanga\.m2\repository\com\itextpdf\itextpdf\5.5.13.4\itextpdf-5.5.13.4.jar;C:\Users\Vihanga\.m2\repository\com\mysql\mysql-connector-j\8.0.33\mysql-connector-j-8.0.33.jar;C:\Users\Vihanga\.m2\repository\com\sun\istack\istack-commons-runtime\4.1.1\istack-commons-runtime-4.1.1.jar;C:\Users\Vihanga\.m2\repository\commons-codec\commons-codec\1.17.0\commons-codec-1.17.0.jar;C:\Users\Vihanga\.m2\repository\commons-collections\commons-collections\3.2.2\commons-collections-3.2.2.jar;C:\Users\Vihanga\.m2\repository\commons-digester\commons-digester\2.1\commons-digester-2.1.jar;C:\Users\Vihanga\.m2\repository\commons-io\commons-io\2.19.0\commons-io-2.19.0.jar;C:\Users\Vihanga\.m2\repository\commons-logging\commons-logging\1.1.1\commons-logging-1.1.1.jar;C:\Users\Vihanga\.m2\repository\de\jensd\fontawesomefx\8.9\fontawesomefx-8.9.jar;C:\Users\Vihanga\.m2\repository\io\smallrye\jandex\3.1.2\jandex-3.1.2.jar;C:\Users\Vihanga\.m2\repository\jakarta\activation\jakarta.activation-api\2.1.0\jakarta.activation-api-2.1.0.jar;C:\Users\Vihanga\.m2\repository\jakarta\inject\jakarta.inject-api\2.0.1\jakarta.inject-api-2.0.1.jar;C:\Users\Vihanga\.m2\repository\jakarta\transaction\jakarta.transaction-api\2.0.1\jakarta.transaction-api-2.0.1.jar;C:\Users\Vihanga\.m2\repository\jakarta\validation\jakarta.validation-api\3.0.2\jakarta.validation-api-3.0.2.jar;C:\Users\Vihanga\.m2\repository\jakarta\xml\bind\jakarta.xml.bind-api\4.0.0\jakarta.xml.bind-api-4.0.0.jar;C:\Users\Vihanga\.m2\repository\net\bytebuddy\byte-buddy\1.14.11\byte-buddy-1.14.11.jar;C:\Users\Vihanga\.m2\repository\org\antlr\antlr4-runtime\4.13.0\antlr4-runtime-4.13.0.jar;C:\Users\Vihanga\.m2\repository\org\apache\commons\commons-collections4\4.2\commons-collections4-4.2.jar;C:\Users\Vihanga\.m2\repository\org\apache\commons\commons-compress\1.26.2\commons-compress-1.26.2.jar;C:\Users\Vihanga\.m2\repository\org\apache\maven\plugins\maven-shade-plugin\3.6.0\maven-shade-plugin-3.6.0.jar;C:\Users\Vihanga\.m2\repository\org\codehaus\plexus\plexus-utils\3.5.1\plexus-utils-3.5.1.jar;C:\Users\Vihanga\.m2\repository\org\codehaus\woodstox\stax2-api\4.2.1\stax2-api-4.2.1.jar;C:\Users\Vihanga\.m2\repository\org\eclipse\angus\angus-activation\2.0.0\angus-activation-2.0.0.jar;C:\Users\Vihanga\.m2\repository\org\eclipse\jdt\ecj\3.21.0\ecj-3.21.0.jar;C:\Users\Vihanga\.m2\repository\org\eclipse\persistence\jakarta.persistence\2.2.3\jakarta.persistence-2.2.3.jar;C:\Users\Vihanga\.m2\repository\org\eclipse\persistence\org.eclipse.persistence.antlr\2.7.12\org.eclipse.persistence.antlr-2.7.12.jar;C:\Users\Vihanga\.m2\repository\org\eclipse\persistence\org.eclipse.persistence.asm\9.4.0\org.eclipse.persistence.asm-9.4.0.jar;C:\Users\Vihanga\.m2\repository\org\eclipse\persistence\org.eclipse.persistence.core\2.7.12\org.eclipse.persistence.core-2.7.12.jar;C:\Users\Vihanga\.m2\repository\org\eclipse\persistence\org.eclipse.persistence.jpa\2.7.12\org.eclipse.persistence.jpa-2.7.12.jar;C:\Users\Vihanga\.m2\repository\org\eclipse\persistence\org.eclipse.persistence.jpa.jpql\2.7.12\org.eclipse.persistence.jpa.jpql-2.7.12.jar;C:\Users\Vihanga\.m2\repository\org\eclipse\persistence\org.eclipse.persistence.moxy\2.7.12\org.eclipse.persistence.moxy-2.7.12.jar;C:\Users\Vihanga\.m2\repository\org\glassfish\jaxb\jaxb-core\4.0.2\jaxb-core-4.0.2.jar;C:\Users\Vihanga\.m2\repository\org\glassfish\jaxb\jaxb-runtime\4.0.2\jaxb-runtime-4.0.2.jar;C:\Users\Vihanga\.m2\repository\org\glassfish\jaxb\txw2\4.0.2\txw2-4.0.2.jar;C:\Users\Vihanga\.m2\repository\org\hibernate\common\hibernate-commons-annotations\6.0.6.Final\hibernate-commons-annotations-6.0.6.Final.jar;C:\Users\Vihanga\.m2\repository\org\jboss\logging\jboss-logging\3.5.0.Final\jboss-logging-3.5.0.Final.jar;C:\Users\Vihanga\.m2\repository\org\jdom\jdom2\2.0.6.1\jdom2-2.0.6.1.jar;C:\Users\Vihanga\.m2\repository\org\jfree\jcommon\1.0.23\jcommon-1.0.23.jar;C:\Users\Vihanga\.m2\repository\org\jfree\jfreechart\1.0.19\jfreechart-1.0.19.jar;C:\Users\Vihanga\.m2\repository\org\openjfx\javafx-base\23.0.1\javafx-base-23.0.1.jar;C:\Users\Vihanga\.m2\repository\org\openjfx\javafx-controls\23.0.1\javafx-controls-23.0.1.jar;C:\Users\Vihanga\.m2\repository\org\openjfx\javafx-fxml\23.0.1\javafx-fxml-23.0.1.jar;C:\Users\Vihanga\.m2\repository\org\openjfx\javafx-graphics\23.0.1\javafx-graphics-23.0.1.jar;C:\Users\Vihanga\.m2\repository\org\openjfx\javafx-swing\23.0.1\javafx-swing-23.0.1.jar;C:\Users\Vihanga\.m2\repository\org\ow2\asm\asm\9.7\asm-9.7.jar;C:\Users\Vihanga\.m2\repository\org\ow2\asm\asm-commons\9.7\asm-commons-9.7.jar;C:\Users\Vihanga\.m2\repository\org\ow2\asm\asm-tree\9.7\asm-tree-9.7.jar;C:\Users\Vihanga\.m2\repository\org\slf4j\slf4j-api\1.7.36\slf4j-api-1.7.36.jar;C:\Users\Vihanga\.m2\repository\org\vafer\jdependency\2.10\jdependency-2.10.jar
Launcher Type: SUN_STANDARD

[Global flags]
     intx CICompilerCount                          = 3                                         {product} {ergonomic}
     uint ConcGCThreads                            = 1                                         {product} {ergonomic}
     uint G1ConcRefinementThreads                  = 4                                         {product} {ergonomic}
   size_t G1HeapRegionSize                         = 1048576                                   {product} {ergonomic}
    uintx GCDrainStackTargetSize                   = 64                                        {product} {ergonomic}
   size_t InitialHeapSize                          = 134217728                                 {product} {ergonomic}
   size_t MarkStackSize                            = 4194304                                   {product} {ergonomic}
   size_t MaxHeapSize                              = 2132803584                                {product} {ergonomic}
   size_t MaxNewSize                               = 1279262720                                {product} {ergonomic}
   size_t MinHeapDeltaBytes                        = 1048576                                   {product} {ergonomic}
   size_t MinHeapSize                              = 8388608                                   {product} {ergonomic}
    uintx NonNMethodCodeHeapSize                   = 5832780                                {pd product} {ergonomic}
    uintx NonProfiledCodeHeapSize                  = 122912730                              {pd product} {ergonomic}
    uintx ProfiledCodeHeapSize                     = 122912730                              {pd product} {ergonomic}
    uintx ReservedCodeCacheSize                    = 251658240                              {pd product} {ergonomic}
     bool SegmentedCodeCache                       = true                                      {product} {ergonomic}
   size_t SoftMaxHeapSize                          = 2132803584                             {manageable} {ergonomic}
     bool UseCompressedOops                        = true                           {product lp64_product} {ergonomic}
     bool UseG1GC                                  = true                                      {product} {ergonomic}
     bool UseLargePagesIndividualAllocation        = false                                  {pd product} {ergonomic}

Logging:
Log output configuration:
 #0: stdout all=warning uptime,level,tags foldmultilines=false
 #1: stderr all=off uptime,level,tags foldmultilines=false

Environment Variables:
JAVA_HOME=C:\Program Files\Java\jdk-21
PATH=C:\Python313\Scripts\;C:\Python313\;C:\Program Files\Common Files\Oracle\Java\javapath;C:\Windows\system32;C:\Windows;C:\Windows\System32\Wbem;C:\Windows\System32\WindowsPowerShell\v1.0\;C:\Windows\System32\OpenSSH\;C:\Program Files (x86)\NVIDIA Corporation\PhysX\Common;C:\Program Files\nodejs\;C:\ProgramData\chocolatey\bin;C:\Program Files\dotnet\;C:\Program Files\NVIDIA Corporation\NVIDIA App\NvDLISR;C:\Program Files (x86)\Windows Kits\10\Windows Performance Toolkit\;C:\Users\Vihanga\.cargo\bin;C:\Program Files\MySQL\MySQL Shell 8.0\bin\;C:\Users\Vihanga\AppData\Local\Microsoft\WindowsApps;C:\Program Files\Java\jdk-21\bin;C:\Users\Vihanga\AppData\Local\Programs\Microsoft VS Code\bin;C:\Users\Vihanga\AppData\Roaming\npm;C:\aria2;C:\Users\Vihanga\AppData\Local\GitHubDesktop\bin;C:\apache-maven-3.9.11\bin;D:\Programming Files\WebStorm 2025.2\bin;C:\Users\Vihanga\AppData\Local\Programs\Antigravity\bin;c:\Users\Vihanga\.antigravity\extensions\vscjava.vscode-java-debug-0.58.5-universal\bundled\scripts\noConfigScripts
USERNAME=Vihanga
LANG=en_US.UTF-8
OS=Windows_NT
PROCESSOR_IDENTIFIER=Intel64 Family 6 Model 158 Stepping 9, GenuineIntel
TMP=C:\Users\Vihanga\AppData\Local\Temp
TEMP=C:\Users\Vihanga\AppData\Local\Temp




Periodic native trim disabled

---------------  S Y S T E M  ---------------

OS:
 Windows 10 , 64 bit Build 19041 (10.0.19041.5915)
OS uptime: 3 days 0:21 hours

CPU: total 4 (initial active 4) (4 cores per cpu, 1 threads per core) family 6 model 158 stepping 9 microcode 0xb4, cx8, cmov, fxsr, mmx, 3dnowpref, sse, sse2, sse3, ssse3, sse4.1, sse4.2, popcnt, lzcnt, tsc, tscinvbit, avx, avx2, aes, erms, clmul, bmi1, bmi2, rtm, adx, fma, vzeroupper, clflush, clflushopt, rdtscp, f16c
Processor Information for all 4 processors :
  Max Mhz: 3401, Current Mhz: 3401, Mhz Limit: 3401

Memory: 4k page, system-wide physical 8132M (174M free)
TotalPageFile size 16324M (AvailPageFile size 50M)
current process WorkingSet (physical memory assigned to process): 334M, peak: 334M
current process commit charge ("private bytes"): 373M, peak: 470M

vm_info: Java HotSpot(TM) 64-Bit Server VM (21.0.1+12-LTS-29) for windows-amd64 JRE (21.0.1+12-LTS-29), built on 2023-10-05T13:27:09Z by "mach5one" with MS VC++ 17.1 (VS2022)

END.
