#
# There is insufficient memory for the Java Runtime Environment to continue.
# Native memory allocation (malloc) failed to allocate 32744 bytes for Chunk::new
# Possible reasons:
#   The system is out of physical RAM or swap space
#   The process is running with CompressedOops enabled, and the Java Heap may be blocking the growth of the native heap
# Possible solutions:
#   Reduce memory load on the system
#   Increase physical memory or swap space
#   Check if swap backing store is full
#   Decrease Java heap size (-Xmx/-Xms)
#   Decrease number of Java threads
#   Decrease Java thread stack sizes (-Xss)
#   Set larger code cache with -XX:ReservedCodeCacheSize=
#   JVM is running with Unscaled Compressed Oops mode in which the Java heap is
#     placed in the first 4GB address space. The Java Heap base address is the
#     maximum limit for the native heap growth. Please use -XX:HeapBaseMinAddress
#     to set the Java Heap base and to place the Java Heap above 4GB virtual address.
# This output file may be truncated or incomplete.
#
#  Out of Memory Error (arena.cpp:168), pid=13420, tid=16800
#
# JRE version: Java(TM) SE Runtime Environment (21.0.1+12) (build 21.0.1+12-LTS-29)
# Java VM: Java HotSpot(TM) 64-Bit Server VM (21.0.1+12-LTS-29, mixed mode, sharing, tiered, compressed oops, compressed class ptrs, g1 gc, windows-amd64)
# No core dump will be written. Minidumps are not enabled by default on client versions of Windows
#

---------------  S U M M A R Y ------------

Command Line: -Dclassworlds.conf=C:\Program Files\NetBeans-22\netbeans\java\maven\bin\m2.conf -Dmaven.home=C:\Program Files\NetBeans-22\netbeans\java\maven -Dlibrary.jansi.path=C:\Program Files\NetBeans-22\netbeans\java\maven\lib\jansi-native -Dmaven.multiModuleProjectDirectory=D:\Quantum Blaze\Projects\Research Project\POS Systems\POS_Java_01\quantumretail_pro org.codehaus.plexus.classworlds.launcher.Launcher -Dexec.vmArgs= -Dexec.appArgs= -Dmaven.ext.class.path=C:\Program Files\NetBeans-22\netbeans\java\maven-nblib\netbeans-eventspy.jar --no-transfer-progress clean javafx:run

Host: Intel(R) Core(TM) i5-7500 CPU @ 3.40GHz, 4 cores, 7G,  Windows 10 , 64 bit Build 19041 (10.0.19041.5915)
Time: Sat Jan  3 18:34:16 2026 Sri Lanka Standard Time elapsed time: 5.426357 seconds (0d 0h 0m 5s)

---------------  T H R E A D  ---------------

Current thread (0x000002e0a2280d30):  JavaThread "C1 CompilerThread0" daemon [_thread_in_native, id=16800, stack(0x000000f7c2700000,0x000000f7c2800000) (1024K)]


Current CompileTask:
C1:   5426 4747       3       com.thoughtworks.qdox.parser.impl.JFlexLexer::yylex (6320 bytes)

Stack: [0x000000f7c2700000,0x000000f7c2800000]
Native frames: (J=compiled Java code, j=interpreted, Vv=VM code, C=native code)
V  [jvm.dll+0x6c9029]
V  [jvm.dll+0x854b81]
V  [jvm.dll+0x856e5e]
V  [jvm.dll+0x857543]
V  [jvm.dll+0x280c06]
V  [jvm.dll+0xc3ead]
V  [jvm.dll+0xc43c3]
V  [jvm.dll+0x196e93]
V  [jvm.dll+0x196f5d]
V  [jvm.dll+0x199483]
V  [jvm.dll+0x19aff4]
V  [jvm.dll+0x154753]
V  [jvm.dll+0x154008]
V  [jvm.dll+0x154244]
V  [jvm.dll+0x153686]
V  [jvm.dll+0x1553ed]
V  [jvm.dll+0x2586b9]
V  [jvm.dll+0x256c9a]
V  [jvm.dll+0x3ef1b6]
V  [jvm.dll+0x7fd728]
V  [jvm.dll+0x6c777d]
C  [ucrtbase.dll+0x21bb2]
C  [KERNEL32.DLL+0x17374]
C  [ntdll.dll+0x4cc91]


---------------  P R O C E S S  ---------------

Threads class SMR info:
_java_thread_list=0x000002e0a24e4250, length=11, elements={
0x000002e08403e360, 0x000002e0a226f020, 0x000002e0a226fbe0, 0x000002e0a2272970,
0x000002e0a22733d0, 0x000002e0a22745d0, 0x000002e0a2275030, 0x000002e0a2280290,
0x000002e0a2280d30, 0x000002e0a2510a30, 0x000002e0a2512090
}

Java Threads: ( => current thread )
  0x000002e08403e360 JavaThread "main"                              [_thread_in_Java, id=1568, stack(0x000000f7c1800000,0x000000f7c1900000) (1024K)]
  0x000002e0a226f020 JavaThread "Reference Handler"          daemon [_thread_blocked, id=9948, stack(0x000000f7c2000000,0x000000f7c2100000) (1024K)]
  0x000002e0a226fbe0 JavaThread "Finalizer"                  daemon [_thread_blocked, id=6168, stack(0x000000f7c2100000,0x000000f7c2200000) (1024K)]
  0x000002e0a2272970 JavaThread "Signal Dispatcher"          daemon [_thread_blocked, id=10744, stack(0x000000f7c2200000,0x000000f7c2300000) (1024K)]
  0x000002e0a22733d0 JavaThread "Attach Listener"            daemon [_thread_blocked, id=1780, stack(0x000000f7c2300000,0x000000f7c2400000) (1024K)]
  0x000002e0a22745d0 JavaThread "Service Thread"             daemon [_thread_blocked, id=11440, stack(0x000000f7c2400000,0x000000f7c2500000) (1024K)]
  0x000002e0a2275030 JavaThread "Monitor Deflation Thread"   daemon [_thread_blocked, id=5596, stack(0x000000f7c2500000,0x000000f7c2600000) (1024K)]
  0x000002e0a2280290 JavaThread "C2 CompilerThread0"         daemon [_thread_in_native, id=18060, stack(0x000000f7c2600000,0x000000f7c2700000) (1024K)]
=>0x000002e0a2280d30 JavaThread "C1 CompilerThread0"         daemon [_thread_in_native, id=16800, stack(0x000000f7c2700000,0x000000f7c2800000) (1024K)]
  0x000002e0a2510a30 JavaThread "Notification Thread"        daemon [_thread_blocked, id=15496, stack(0x000000f7c2800000,0x000000f7c2900000) (1024K)]
  0x000002e0a2512090 JavaThread "Common-Cleaner"             daemon [_thread_blocked, id=14112, stack(0x000000f7c2900000,0x000000f7c2a00000) (1024K)]
Total: 11

Other Threads:
  0x000002e0a224d920 VMThread "VM Thread"                           [id=18604, stack(0x000000f7c1f00000,0x000000f7c2000000) (1024K)]
  0x000002e0a2235940 WatcherThread "VM Periodic Task Thread"        [id=4496, stack(0x000000f7c1e00000,0x000000f7c1f00000) (1024K)]
  0x000002e0861d3520 WorkerThread "GC Thread#0"                     [id=8204, stack(0x000000f7c1900000,0x000000f7c1a00000) (1024K)]
  0x000002e0a2d599f0 WorkerThread "GC Thread#1"                     [id=4328, stack(0x000000f7c2a00000,0x000000f7c2b00000) (1024K)]
  0x000002e0a2d5a1a0 WorkerThread "GC Thread#2"                     [id=13388, stack(0x000000f7c2b00000,0x000000f7c2c00000) (1024K)]
  0x000002e0a2f618a0 WorkerThread "GC Thread#3"                     [id=14416, stack(0x000000f7c2c00000,0x000000f7c2d00000) (1024K)]
  0x000002e0861e4a50 ConcurrentGCThread "G1 Main Marker"            [id=10348, stack(0x000000f7c1a00000,0x000000f7c1b00000) (1024K)]
  0x000002e0861e5450 WorkerThread "G1 Conc#0"                       [id=14572, stack(0x000000f7c1b00000,0x000000f7c1c00000) (1024K)]
  0x000002e08624e250 ConcurrentGCThread "G1 Refine#0"               [id=19284, stack(0x000000f7c1c00000,0x000000f7c1d00000) (1024K)]
  0x000002e0a20fa0f0 ConcurrentGCThread "G1 Service"                [id=19052, stack(0x000000f7c1d00000,0x000000f7c1e00000) (1024K)]
Total: 10

Threads with active compile tasks:
C2 CompilerThread0     5547 4621       4       org.eclipse.aether.util.graph.transformer.ConflictResolver$State::push (457 bytes)
C1 CompilerThread0     5547 4747       3       com.thoughtworks.qdox.parser.impl.JFlexLexer::yylex (6320 bytes)
Total: 2

VM state: not at safepoint (normal execution)

VM Mutex/Monitor currently owned by a thread: None

Heap address: 0x0000000080e00000, size: 2034 MB, Compressed Oops mode: 32-bit

CDS archive(s) mapped at: [0x000002e0a3000000-0x000002e0a3c90000-0x000002e0a3c90000), size 13172736, SharedBaseAddress: 0x000002e0a3000000, ArchiveRelocationMode: 1.
Compressed class space mapped at: 0x000002e0a4000000-0x000002e0e4000000, reserved size: 1073741824
Narrow klass base: 0x000002e0a3000000, Narrow klass shift: 0, Narrow klass range: 0x100000000

GC Precious Log:
 CardTable entry size: 512
 Card Set container configuration: InlinePtr #cards 5 size 8 Array Of Cards #cards 12 size 40 Howl #buckets 4 coarsen threshold 1843 Howl Bitmap #cards 512 size 80 coarsen threshold 460 Card regions per heap region 1 cards per card region 2048
 CPUs: 4 total, 4 available
 Memory: 8134M
 Large Page Support: Disabled
 NUMA Support: Disabled
 Compressed Oops: Enabled (32-bit)
 Heap Region Size: 1M
 Heap Min Capacity: 8M
 Heap Initial Capacity: 128M
 Heap Max Capacity: 2034M
 Pre-touch: Disabled
 Parallel Workers: 4
 Concurrent Workers: 1
 Concurrent Refinement Workers: 4
 Periodic GC: Disabled

Heap:
 garbage-first heap   total 131072K, used 25122K [0x0000000080e00000, 0x0000000100000000)
  region size 1024K, 16 young (16384K), 5 survivors (5120K)
 Metaspace       used 19016K, committed 19392K, reserved 1114112K
  class space    used 2114K, committed 2304K, reserved 1048576K

Heap Regions: E=young(eden), S=young(survivor), O=old, HS=humongous(starts), HC=humongous(continues), CS=collection set, F=free, TAMS=top-at-mark-start, PB=parsable bottom
|   0|0x0000000080e00000, 0x0000000080f00000, 0x0000000080f00000|100%| O|  |TAMS 0x0000000080e00000| PB 0x0000000080e00000| Untracked 
|   1|0x0000000080f00000, 0x0000000081000000, 0x0000000081000000|100%| O|  |TAMS 0x0000000080f00000| PB 0x0000000080f00000| Untracked 
|   2|0x0000000081000000, 0x0000000081100000, 0x0000000081100000|100%| O|  |TAMS 0x0000000081000000| PB 0x0000000081000000| Untracked 
|   3|0x0000000081100000, 0x0000000081200000, 0x0000000081200000|100%| O|  |TAMS 0x0000000081100000| PB 0x0000000081100000| Untracked 
|   4|0x0000000081200000, 0x0000000081200000, 0x0000000081300000|  0%| F|  |TAMS 0x0000000081200000| PB 0x0000000081200000| Untracked 
|   5|0x0000000081300000, 0x0000000081300000, 0x0000000081400000|  0%| F|  |TAMS 0x0000000081300000| PB 0x0000000081300000| Untracked 
|   6|0x0000000081400000, 0x0000000081500000, 0x0000000081500000|100%| O|  |TAMS 0x0000000081400000| PB 0x0000000081400000| Untracked 
|   7|0x0000000081500000, 0x0000000081600000, 0x0000000081600000|100%| O|  |TAMS 0x0000000081500000| PB 0x0000000081500000| Untracked 
|   8|0x0000000081600000, 0x0000000081700000, 0x0000000081700000|100%| O|  |TAMS 0x0000000081600000| PB 0x0000000081600000| Untracked 
|   9|0x0000000081700000, 0x0000000081800000, 0x0000000081800000|100%| O|  |TAMS 0x0000000081700000| PB 0x0000000081700000| Untracked 
|  10|0x0000000081800000, 0x0000000081900000, 0x0000000081900000|100%| O|  |TAMS 0x0000000081800000| PB 0x0000000081800000| Untracked 
|  11|0x0000000081900000, 0x0000000081a00000, 0x0000000081a00000|100%| O|  |TAMS 0x0000000081900000| PB 0x0000000081900000| Untracked 
|  12|0x0000000081a00000, 0x0000000081a30f00, 0x0000000081b00000| 19%| O|  |TAMS 0x0000000081a00000| PB 0x0000000081a00000| Untracked 
|  13|0x0000000081b00000, 0x0000000081b00000, 0x0000000081c00000|  0%| F|  |TAMS 0x0000000081b00000| PB 0x0000000081b00000| Untracked 
|  14|0x0000000081c00000, 0x0000000081c00000, 0x0000000081d00000|  0%| F|  |TAMS 0x0000000081c00000| PB 0x0000000081c00000| Untracked 
|  15|0x0000000081d00000, 0x0000000081d00000, 0x0000000081e00000|  0%| F|  |TAMS 0x0000000081d00000| PB 0x0000000081d00000| Untracked 
|  16|0x0000000081e00000, 0x0000000081e00000, 0x0000000081f00000|  0%| F|  |TAMS 0x0000000081e00000| PB 0x0000000081e00000| Untracked 
|  17|0x0000000081f00000, 0x0000000081f00000, 0x0000000082000000|  0%| F|  |TAMS 0x0000000081f00000| PB 0x0000000081f00000| Untracked 
|  18|0x0000000082000000, 0x0000000082000000, 0x0000000082100000|  0%| F|  |TAMS 0x0000000082000000| PB 0x0000000082000000| Untracked 
|  19|0x0000000082100000, 0x0000000082100000, 0x0000000082200000|  0%| F|  |TAMS 0x0000000082100000| PB 0x0000000082100000| Untracked 
|  20|0x0000000082200000, 0x0000000082200000, 0x0000000082300000|  0%| F|  |TAMS 0x0000000082200000| PB 0x0000000082200000| Untracked 
|  21|0x0000000082300000, 0x0000000082300000, 0x0000000082400000|  0%| F|  |TAMS 0x0000000082300000| PB 0x0000000082300000| Untracked 
|  22|0x0000000082400000, 0x0000000082400000, 0x0000000082500000|  0%| F|  |TAMS 0x0000000082400000| PB 0x0000000082400000| Untracked 
|  23|0x0000000082500000, 0x0000000082500000, 0x0000000082600000|  0%| F|  |TAMS 0x0000000082500000| PB 0x0000000082500000| Untracked 
|  24|0x0000000082600000, 0x0000000082600000, 0x0000000082700000|  0%| F|  |TAMS 0x0000000082600000| PB 0x0000000082600000| Untracked 
|  25|0x0000000082700000, 0x0000000082700000, 0x0000000082800000|  0%| F|  |TAMS 0x0000000082700000| PB 0x0000000082700000| Untracked 
|  26|0x0000000082800000, 0x0000000082800000, 0x0000000082900000|  0%| F|  |TAMS 0x0000000082800000| PB 0x0000000082800000| Untracked 
|  27|0x0000000082900000, 0x0000000082900000, 0x0000000082a00000|  0%| F|  |TAMS 0x0000000082900000| PB 0x0000000082900000| Untracked 
|  28|0x0000000082a00000, 0x0000000082a00000, 0x0000000082b00000|  0%| F|  |TAMS 0x0000000082a00000| PB 0x0000000082a00000| Untracked 
|  29|0x0000000082b00000, 0x0000000082b00000, 0x0000000082c00000|  0%| F|  |TAMS 0x0000000082b00000| PB 0x0000000082b00000| Untracked 
|  30|0x0000000082c00000, 0x0000000082c00000, 0x0000000082d00000|  0%| F|  |TAMS 0x0000000082c00000| PB 0x0000000082c00000| Untracked 
|  31|0x0000000082d00000, 0x0000000082d00000, 0x0000000082e00000|  0%| F|  |TAMS 0x0000000082d00000| PB 0x0000000082d00000| Untracked 
|  32|0x0000000082e00000, 0x0000000082e00000, 0x0000000082f00000|  0%| F|  |TAMS 0x0000000082e00000| PB 0x0000000082e00000| Untracked 
|  33|0x0000000082f00000, 0x0000000082f00000, 0x0000000083000000|  0%| F|  |TAMS 0x0000000082f00000| PB 0x0000000082f00000| Untracked 
|  34|0x0000000083000000, 0x0000000083000000, 0x0000000083100000|  0%| F|  |TAMS 0x0000000083000000| PB 0x0000000083000000| Untracked 
|  35|0x0000000083100000, 0x0000000083100000, 0x0000000083200000|  0%| F|  |TAMS 0x0000000083100000| PB 0x0000000083100000| Untracked 
|  36|0x0000000083200000, 0x0000000083200000, 0x0000000083300000|  0%| F|  |TAMS 0x0000000083200000| PB 0x0000000083200000| Untracked 
|  37|0x0000000083300000, 0x0000000083300000, 0x0000000083400000|  0%| F|  |TAMS 0x0000000083300000| PB 0x0000000083300000| Untracked 
|  38|0x0000000083400000, 0x0000000083400000, 0x0000000083500000|  0%| F|  |TAMS 0x0000000083400000| PB 0x0000000083400000| Untracked 
|  39|0x0000000083500000, 0x0000000083500000, 0x0000000083600000|  0%| F|  |TAMS 0x0000000083500000| PB 0x0000000083500000| Untracked 
|  40|0x0000000083600000, 0x0000000083600000, 0x0000000083700000|  0%| F|  |TAMS 0x0000000083600000| PB 0x0000000083600000| Untracked 
|  41|0x0000000083700000, 0x0000000083700000, 0x0000000083800000|  0%| F|  |TAMS 0x0000000083700000| PB 0x0000000083700000| Untracked 
|  42|0x0000000083800000, 0x0000000083800000, 0x0000000083900000|  0%| F|  |TAMS 0x0000000083800000| PB 0x0000000083800000| Untracked 
|  43|0x0000000083900000, 0x0000000083900000, 0x0000000083a00000|  0%| F|  |TAMS 0x0000000083900000| PB 0x0000000083900000| Untracked 
|  44|0x0000000083a00000, 0x0000000083a00000, 0x0000000083b00000|  0%| F|  |TAMS 0x0000000083a00000| PB 0x0000000083a00000| Untracked 
|  45|0x0000000083b00000, 0x0000000083b00000, 0x0000000083c00000|  0%| F|  |TAMS 0x0000000083b00000| PB 0x0000000083b00000| Untracked 
|  46|0x0000000083c00000, 0x0000000083c00000, 0x0000000083d00000|  0%| F|  |TAMS 0x0000000083c00000| PB 0x0000000083c00000| Untracked 
|  47|0x0000000083d00000, 0x0000000083d00000, 0x0000000083e00000|  0%| F|  |TAMS 0x0000000083d00000| PB 0x0000000083d00000| Untracked 
|  48|0x0000000083e00000, 0x0000000083e00000, 0x0000000083f00000|  0%| F|  |TAMS 0x0000000083e00000| PB 0x0000000083e00000| Untracked 
|  49|0x0000000083f00000, 0x0000000083f00000, 0x0000000084000000|  0%| F|  |TAMS 0x0000000083f00000| PB 0x0000000083f00000| Untracked 
|  50|0x0000000084000000, 0x0000000084000000, 0x0000000084100000|  0%| F|  |TAMS 0x0000000084000000| PB 0x0000000084000000| Untracked 
|  51|0x0000000084100000, 0x0000000084100000, 0x0000000084200000|  0%| F|  |TAMS 0x0000000084100000| PB 0x0000000084100000| Untracked 
|  52|0x0000000084200000, 0x0000000084200000, 0x0000000084300000|  0%| F|  |TAMS 0x0000000084200000| PB 0x0000000084200000| Untracked 
|  53|0x0000000084300000, 0x0000000084300000, 0x0000000084400000|  0%| F|  |TAMS 0x0000000084300000| PB 0x0000000084300000| Untracked 
|  54|0x0000000084400000, 0x00000000844579a0, 0x0000000084500000| 34%| S|CS|TAMS 0x0000000084400000| PB 0x0000000084400000| Complete 
|  55|0x0000000084500000, 0x0000000084600000, 0x0000000084600000|100%| S|CS|TAMS 0x0000000084500000| PB 0x0000000084500000| Complete 
|  56|0x0000000084600000, 0x0000000084700000, 0x0000000084700000|100%| S|CS|TAMS 0x0000000084600000| PB 0x0000000084600000| Complete 
|  57|0x0000000084700000, 0x0000000084800000, 0x0000000084800000|100%| S|CS|TAMS 0x0000000084700000| PB 0x0000000084700000| Complete 
|  58|0x0000000084800000, 0x0000000084900000, 0x0000000084900000|100%| S|CS|TAMS 0x0000000084800000| PB 0x0000000084800000| Complete 
|  59|0x0000000084900000, 0x0000000084900000, 0x0000000084a00000|  0%| F|  |TAMS 0x0000000084900000| PB 0x0000000084900000| Untracked 
|  60|0x0000000084a00000, 0x0000000084a00000, 0x0000000084b00000|  0%| F|  |TAMS 0x0000000084a00000| PB 0x0000000084a00000| Untracked 
|  61|0x0000000084b00000, 0x0000000084b00000, 0x0000000084c00000|  0%| F|  |TAMS 0x0000000084b00000| PB 0x0000000084b00000| Untracked 
|  62|0x0000000084c00000, 0x0000000084c00000, 0x0000000084d00000|  0%| F|  |TAMS 0x0000000084c00000| PB 0x0000000084c00000| Untracked 
|  63|0x0000000084d00000, 0x0000000084d00000, 0x0000000084e00000|  0%| F|  |TAMS 0x0000000084d00000| PB 0x0000000084d00000| Untracked 
|  64|0x0000000084e00000, 0x0000000084e00000, 0x0000000084f00000|  0%| F|  |TAMS 0x0000000084e00000| PB 0x0000000084e00000| Untracked 
|  65|0x0000000084f00000, 0x0000000084f00000, 0x0000000085000000|  0%| F|  |TAMS 0x0000000084f00000| PB 0x0000000084f00000| Untracked 
|  66|0x0000000085000000, 0x0000000085000000, 0x0000000085100000|  0%| F|  |TAMS 0x0000000085000000| PB 0x0000000085000000| Untracked 
|  67|0x0000000085100000, 0x0000000085100000, 0x0000000085200000|  0%| F|  |TAMS 0x0000000085100000| PB 0x0000000085100000| Untracked 
|  68|0x0000000085200000, 0x0000000085200000, 0x0000000085300000|  0%| F|  |TAMS 0x0000000085200000| PB 0x0000000085200000| Untracked 
|  69|0x0000000085300000, 0x0000000085300000, 0x0000000085400000|  0%| F|  |TAMS 0x0000000085300000| PB 0x0000000085300000| Untracked 
|  70|0x0000000085400000, 0x0000000085400000, 0x0000000085500000|  0%| F|  |TAMS 0x0000000085400000| PB 0x0000000085400000| Untracked 
|  71|0x0000000085500000, 0x0000000085500000, 0x0000000085600000|  0%| F|  |TAMS 0x0000000085500000| PB 0x0000000085500000| Untracked 
|  72|0x0000000085600000, 0x0000000085600000, 0x0000000085700000|  0%| F|  |TAMS 0x0000000085600000| PB 0x0000000085600000| Untracked 
|  73|0x0000000085700000, 0x0000000085700000, 0x0000000085800000|  0%| F|  |TAMS 0x0000000085700000| PB 0x0000000085700000| Untracked 
|  74|0x0000000085800000, 0x0000000085800000, 0x0000000085900000|  0%| F|  |TAMS 0x0000000085800000| PB 0x0000000085800000| Untracked 
|  75|0x0000000085900000, 0x0000000085900000, 0x0000000085a00000|  0%| F|  |TAMS 0x0000000085900000| PB 0x0000000085900000| Untracked 
|  76|0x0000000085a00000, 0x0000000085a00000, 0x0000000085b00000|  0%| F|  |TAMS 0x0000000085a00000| PB 0x0000000085a00000| Untracked 
|  77|0x0000000085b00000, 0x0000000085b00000, 0x0000000085c00000|  0%| F|  |TAMS 0x0000000085b00000| PB 0x0000000085b00000| Untracked 
|  78|0x0000000085c00000, 0x0000000085c00000, 0x0000000085d00000|  0%| F|  |TAMS 0x0000000085c00000| PB 0x0000000085c00000| Untracked 
|  79|0x0000000085d00000, 0x0000000085d00000, 0x0000000085e00000|  0%| F|  |TAMS 0x0000000085d00000| PB 0x0000000085d00000| Untracked 
|  80|0x0000000085e00000, 0x0000000085e00000, 0x0000000085f00000|  0%| F|  |TAMS 0x0000000085e00000| PB 0x0000000085e00000| Untracked 
|  81|0x0000000085f00000, 0x0000000085f00000, 0x0000000086000000|  0%| F|  |TAMS 0x0000000085f00000| PB 0x0000000085f00000| Untracked 
|  82|0x0000000086000000, 0x0000000086000000, 0x0000000086100000|  0%| F|  |TAMS 0x0000000086000000| PB 0x0000000086000000| Untracked 
|  83|0x0000000086100000, 0x0000000086100000, 0x0000000086200000|  0%| F|  |TAMS 0x0000000086100000| PB 0x0000000086100000| Untracked 
|  84|0x0000000086200000, 0x0000000086200000, 0x0000000086300000|  0%| F|  |TAMS 0x0000000086200000| PB 0x0000000086200000| Untracked 
|  85|0x0000000086300000, 0x0000000086300000, 0x0000000086400000|  0%| F|  |TAMS 0x0000000086300000| PB 0x0000000086300000| Untracked 
|  86|0x0000000086400000, 0x0000000086400000, 0x0000000086500000|  0%| F|  |TAMS 0x0000000086400000| PB 0x0000000086400000| Untracked 
|  87|0x0000000086500000, 0x0000000086500000, 0x0000000086600000|  0%| F|  |TAMS 0x0000000086500000| PB 0x0000000086500000| Untracked 
|  88|0x0000000086600000, 0x0000000086600000, 0x0000000086700000|  0%| F|  |TAMS 0x0000000086600000| PB 0x0000000086600000| Untracked 
|  89|0x0000000086700000, 0x0000000086700000, 0x0000000086800000|  0%| F|  |TAMS 0x0000000086700000| PB 0x0000000086700000| Untracked 
|  90|0x0000000086800000, 0x0000000086800000, 0x0000000086900000|  0%| F|  |TAMS 0x0000000086800000| PB 0x0000000086800000| Untracked 
|  91|0x0000000086900000, 0x0000000086900000, 0x0000000086a00000|  0%| F|  |TAMS 0x0000000086900000| PB 0x0000000086900000| Untracked 
|  92|0x0000000086a00000, 0x0000000086a00000, 0x0000000086b00000|  0%| F|  |TAMS 0x0000000086a00000| PB 0x0000000086a00000| Untracked 
|  93|0x0000000086b00000, 0x0000000086b00000, 0x0000000086c00000|  0%| F|  |TAMS 0x0000000086b00000| PB 0x0000000086b00000| Untracked 
|  94|0x0000000086c00000, 0x0000000086c00000, 0x0000000086d00000|  0%| F|  |TAMS 0x0000000086c00000| PB 0x0000000086c00000| Untracked 
|  95|0x0000000086d00000, 0x0000000086d00000, 0x0000000086e00000|  0%| F|  |TAMS 0x0000000086d00000| PB 0x0000000086d00000| Untracked 
|  96|0x0000000086e00000, 0x0000000086e00000, 0x0000000086f00000|  0%| F|  |TAMS 0x0000000086e00000| PB 0x0000000086e00000| Untracked 
|  97|0x0000000086f00000, 0x0000000086f00000, 0x0000000087000000|  0%| F|  |TAMS 0x0000000086f00000| PB 0x0000000086f00000| Untracked 
|  98|0x0000000087000000, 0x0000000087000000, 0x0000000087100000|  0%| F|  |TAMS 0x0000000087000000| PB 0x0000000087000000| Untracked 
|  99|0x0000000087100000, 0x0000000087100000, 0x0000000087200000|  0%| F|  |TAMS 0x0000000087100000| PB 0x0000000087100000| Untracked 
| 100|0x0000000087200000, 0x0000000087200000, 0x0000000087300000|  0%| F|  |TAMS 0x0000000087200000| PB 0x0000000087200000| Untracked 
| 101|0x0000000087300000, 0x0000000087300000, 0x0000000087400000|  0%| F|  |TAMS 0x0000000087300000| PB 0x0000000087300000| Untracked 
| 102|0x0000000087400000, 0x0000000087400000, 0x0000000087500000|  0%| F|  |TAMS 0x0000000087400000| PB 0x0000000087400000| Untracked 
| 103|0x0000000087500000, 0x0000000087500000, 0x0000000087600000|  0%| F|  |TAMS 0x0000000087500000| PB 0x0000000087500000| Untracked 
| 104|0x0000000087600000, 0x0000000087600000, 0x0000000087700000|  0%| F|  |TAMS 0x0000000087600000| PB 0x0000000087600000| Untracked 
| 105|0x0000000087700000, 0x0000000087700000, 0x0000000087800000|  0%| F|  |TAMS 0x0000000087700000| PB 0x0000000087700000| Untracked 
| 106|0x0000000087800000, 0x0000000087800000, 0x0000000087900000|  0%| F|  |TAMS 0x0000000087800000| PB 0x0000000087800000| Untracked 
| 107|0x0000000087900000, 0x0000000087900000, 0x0000000087a00000|  0%| F|  |TAMS 0x0000000087900000| PB 0x0000000087900000| Untracked 
| 108|0x0000000087a00000, 0x0000000087a00000, 0x0000000087b00000|  0%| F|  |TAMS 0x0000000087a00000| PB 0x0000000087a00000| Untracked 
| 109|0x0000000087b00000, 0x0000000087b00000, 0x0000000087c00000|  0%| F|  |TAMS 0x0000000087b00000| PB 0x0000000087b00000| Untracked 
| 110|0x0000000087c00000, 0x0000000087c00000, 0x0000000087d00000|  0%| F|  |TAMS 0x0000000087c00000| PB 0x0000000087c00000| Untracked 
| 111|0x0000000087d00000, 0x0000000087d00000, 0x0000000087e00000|  0%| F|  |TAMS 0x0000000087d00000| PB 0x0000000087d00000| Untracked 
| 112|0x0000000087e00000, 0x0000000087e00000, 0x0000000087f00000|  0%| F|  |TAMS 0x0000000087e00000| PB 0x0000000087e00000| Untracked 
| 113|0x0000000087f00000, 0x0000000087f00000, 0x0000000088000000|  0%| F|  |TAMS 0x0000000087f00000| PB 0x0000000087f00000| Untracked 
| 114|0x0000000088000000, 0x0000000088000000, 0x0000000088100000|  0%| F|  |TAMS 0x0000000088000000| PB 0x0000000088000000| Untracked 
| 115|0x0000000088100000, 0x0000000088100000, 0x0000000088200000|  0%| F|  |TAMS 0x0000000088100000| PB 0x0000000088100000| Untracked 
| 116|0x0000000088200000, 0x0000000088200000, 0x0000000088300000|  0%| F|  |TAMS 0x0000000088200000| PB 0x0000000088200000| Untracked 
| 117|0x0000000088300000, 0x0000000088380800, 0x0000000088400000| 50%| E|  |TAMS 0x0000000088300000| PB 0x0000000088300000| Complete 
| 118|0x0000000088400000, 0x0000000088500000, 0x0000000088500000|100%| E|CS|TAMS 0x0000000088400000| PB 0x0000000088400000| Complete 
| 119|0x0000000088500000, 0x0000000088600000, 0x0000000088600000|100%| E|CS|TAMS 0x0000000088500000| PB 0x0000000088500000| Complete 
| 120|0x0000000088600000, 0x0000000088700000, 0x0000000088700000|100%| E|CS|TAMS 0x0000000088600000| PB 0x0000000088600000| Complete 
| 121|0x0000000088700000, 0x0000000088800000, 0x0000000088800000|100%| E|CS|TAMS 0x0000000088700000| PB 0x0000000088700000| Complete 
| 122|0x0000000088800000, 0x0000000088900000, 0x0000000088900000|100%| E|CS|TAMS 0x0000000088800000| PB 0x0000000088800000| Complete 
| 123|0x0000000088900000, 0x0000000088a00000, 0x0000000088a00000|100%| E|CS|TAMS 0x0000000088900000| PB 0x0000000088900000| Complete 
| 124|0x0000000088a00000, 0x0000000088b00000, 0x0000000088b00000|100%| E|CS|TAMS 0x0000000088a00000| PB 0x0000000088a00000| Complete 
| 125|0x0000000088b00000, 0x0000000088c00000, 0x0000000088c00000|100%| E|CS|TAMS 0x0000000088b00000| PB 0x0000000088b00000| Complete 
| 126|0x0000000088c00000, 0x0000000088d00000, 0x0000000088d00000|100%| E|CS|TAMS 0x0000000088c00000| PB 0x0000000088c00000| Complete 
| 127|0x0000000088d00000, 0x0000000088e00000, 0x0000000088e00000|100%| E|CS|TAMS 0x0000000088d00000| PB 0x0000000088d00000| Complete 

Card table byte_map: [0x000002e09d9e0000,0x000002e09dde0000] _byte_map_base: 0x000002e09d5d9000

Marking Bits: (CMBitMap*) 0x000002e0861d4330
 Bits: [0x000002e09dde0000, 0x000002e09fda8000)

Polling page: 0x000002e084320000

Metaspace:

Usage:
  Non-class:     16.51 MB used.
      Class:      2.06 MB used.
       Both:     18.57 MB used.

Virtual space:
  Non-class space:       64.00 MB reserved,      16.69 MB ( 26%) committed,  1 nodes.
      Class space:        1.00 GB reserved,       2.25 MB ( <1%) committed,  1 nodes.
             Both:        1.06 GB reserved,      18.94 MB (  2%) committed. 

Chunk freelists:
   Non-Class:  15.30 MB
       Class:  13.66 MB
        Both:  28.95 MB

MaxMetaspaceSize: unlimited
CompressedClassSpaceSize: 1.00 GB
Initial GC threshold: 21.00 MB
Current GC threshold: 21.00 MB
CDS: on
 - commit_granule_bytes: 65536.
 - commit_granule_words: 8192.
 - virtual_space_node_default_size: 8388608.
 - enlarge_chunks_in_place: 1.
 - use_allocation_guard: 0.


Internal statistics:

num_allocs_failed_limit: 0.
num_arena_births: 190.
num_arena_deaths: 0.
num_vsnodes_births: 2.
num_vsnodes_deaths: 0.
num_space_committed: 303.
num_space_uncommitted: 0.
num_chunks_returned_to_freelist: 0.
num_chunks_taken_from_freelist: 848.
num_chunk_merges: 0.
num_chunk_splits: 583.
num_chunks_enlarged: 473.
num_inconsistent_stats: 0.

CodeHeap 'non-profiled nmethods': size=120000Kb used=2050Kb max_used=2050Kb free=117950Kb
 bounds [0x000002e0960b0000, 0x000002e096320000, 0x000002e09d5e0000]
CodeHeap 'profiled nmethods': size=120000Kb used=10017Kb max_used=10017Kb free=109982Kb
 bounds [0x000002e08e5e0000, 0x000002e08efb0000, 0x000002e095b10000]
CodeHeap 'non-nmethods': size=5760Kb used=1451Kb max_used=1477Kb free=4309Kb
 bounds [0x000002e095b10000, 0x000002e095d80000, 0x000002e0960b0000]
 total_blobs=5235 nmethods=4736 adapters=401
 compilation: enabled
              stopped_count=0, restarted_count=0
 full_count=0

Compilation events (20 events):
Event: 5.345 Thread 0x000002e0a2280d30 nmethod 4735 0x000002e0962b0510 code [0x000002e0962b06a0, 0x000002e0962b0768]
Event: 5.346 Thread 0x000002e0a2280d30 4736       3       org.codehaus.plexus.util.MatchPattern::tokenizePathToString (53 bytes)
Event: 5.346 Thread 0x000002e0a2280d30 nmethod 4736 0x000002e08efa2d10 code [0x000002e08efa2f80, 0x000002e08efa3c50]
Event: 5.374 Thread 0x000002e0a2280d30 4738       3       java.lang.StringUTF16::charAt (11 bytes)
Event: 5.374 Thread 0x000002e0a2280d30 nmethod 4738 0x000002e08efa4090 code [0x000002e08efa4240, 0x000002e08efa44a8]
Event: 5.381 Thread 0x000002e0a2280d30 4740       3       java.util.jar.JarFile::getVersionedEntry (133 bytes)
Event: 5.382 Thread 0x000002e0a2280d30 nmethod 4740 0x000002e08efa4610 code [0x000002e08efa48e0, 0x000002e08efa5690]
Event: 5.406 Thread 0x000002e0a2280d30 4741       3       java.lang.Character::codePointAt (30 bytes)
Event: 5.407 Thread 0x000002e0a2280d30 nmethod 4741 0x000002e08efa5c90 code [0x000002e08efa5e60, 0x000002e08efa6110]
Event: 5.407 Thread 0x000002e0a2280d30 4742       3       java.lang.Character::codePointAtImpl (41 bytes)
Event: 5.407 Thread 0x000002e0a2280d30 nmethod 4742 0x000002e08efa6210 code [0x000002e08efa63e0, 0x000002e08efa6848]
Event: 5.407 Thread 0x000002e0a2280d30 4743       3       com.thoughtworks.qdox.parser.impl.JFlexLexer::zzCMap (34 bytes)
Event: 5.407 Thread 0x000002e0a2280d30 nmethod 4743 0x000002e08efa6a10 code [0x000002e08efa6bc0, 0x000002e08efa6da8]
Event: 5.407 Thread 0x000002e0a2280d30 4744   !   3       com.thoughtworks.qdox.parser.impl.Parser::state_push (70 bytes)
Event: 5.407 Thread 0x000002e0a2280d30 nmethod 4744 0x000002e08efa6f10 code [0x000002e08efa70e0, 0x000002e08efa7458]
Event: 5.407 Thread 0x000002e0a2280d30 4745   !   3       com.thoughtworks.qdox.parser.impl.Parser::val_push (71 bytes)
Event: 5.407 Thread 0x000002e0a2280d30 nmethod 4745 0x000002e08efa7610 code [0x000002e08efa7800, 0x000002e08efa7e80]
Event: 5.408 Thread 0x000002e0a2280d30 4746       3       com.thoughtworks.qdox.parser.impl.Parser::val_peek (12 bytes)
Event: 5.408 Thread 0x000002e0a2280d30 nmethod 4746 0x000002e08efa8090 code [0x000002e08efa8240, 0x000002e08efa8380]
Event: 5.408 Thread 0x000002e0a2280d30 4747       3       com.thoughtworks.qdox.parser.impl.JFlexLexer::yylex (6320 bytes)

GC Heap History (6 events):
Event: 0.633 GC heap before
{Heap before GC invocations=0 (full 0):
 garbage-first heap   total 131072K, used 12288K [0x0000000080e00000, 0x0000000100000000)
  region size 1024K, 13 young (13312K), 0 survivors (0K)
 Metaspace       used 4039K, committed 4224K, reserved 1114112K
  class space    used 419K, committed 512K, reserved 1048576K
}
Event: 0.637 GC heap after
{Heap after GC invocations=1 (full 0):
 garbage-first heap   total 131072K, used 3434K [0x0000000080e00000, 0x0000000100000000)
  region size 1024K, 2 young (2048K), 2 survivors (2048K)
 Metaspace       used 4039K, committed 4224K, reserved 1114112K
  class space    used 419K, committed 512K, reserved 1048576K
}
Event: 0.940 GC heap before
{Heap before GC invocations=1 (full 0):
 garbage-first heap   total 131072K, used 19818K [0x0000000080e00000, 0x0000000100000000)
  region size 1024K, 18 young (18432K), 2 survivors (2048K)
 Metaspace       used 6465K, committed 6656K, reserved 1114112K
  class space    used 741K, committed 832K, reserved 1048576K
}
Event: 0.943 GC heap after
{Heap after GC invocations=2 (full 0):
 garbage-first heap   total 131072K, used 4421K [0x0000000080e00000, 0x0000000100000000)
  region size 1024K, 1 young (1024K), 1 survivors (1024K)
 Metaspace       used 6465K, committed 6656K, reserved 1114112K
  class space    used 741K, committed 832K, reserved 1048576K
}
Event: 2.427 GC heap before
{Heap before GC invocations=2 (full 0):
 garbage-first heap   total 131072K, used 80197K [0x0000000080e00000, 0x0000000100000000)
  region size 1024K, 76 young (77824K), 1 survivors (1024K)
 Metaspace       used 15987K, committed 16256K, reserved 1114112K
  class space    used 1860K, committed 1984K, reserved 1048576K
}
Event: 2.439 GC heap after
{Heap after GC invocations=3 (full 0):
 garbage-first heap   total 131072K, used 10688K [0x0000000080e00000, 0x0000000100000000)
  region size 1024K, 7 young (7168K), 7 survivors (7168K)
 Metaspace       used 15987K, committed 16256K, reserved 1114112K
  class space    used 1860K, committed 1984K, reserved 1048576K
}

Dll operation events (8 events):
Event: 0.015 Loaded shared library C:\Program Files\Java\jdk-21\bin\java.dll
Event: 0.073 Loaded shared library C:\Program Files\Java\jdk-21\bin\jsvml.dll
Event: 0.095 Loaded shared library C:\Program Files\Java\jdk-21\bin\net.dll
Event: 0.098 Loaded shared library C:\Program Files\Java\jdk-21\bin\nio.dll
Event: 0.103 Loaded shared library C:\Program Files\Java\jdk-21\bin\zip.dll
Event: 0.304 Loaded shared library C:\Program Files\Java\jdk-21\bin\jimage.dll
Event: 0.315 Loaded shared library C:\Program Files\NetBeans-22\netbeans\java\maven\lib\jansi-native\Windows\x86_64\jansi.dll
Event: 0.329 Loaded shared library C:\Program Files\Java\jdk-21\bin\verify.dll

Deoptimization events (20 events):
Event: 5.298 Thread 0x000002e08403e360 Uncommon trap: trap_request=0xffffffc6 fr.pc=0x000002e09610e780 relative=0x00000000000003a0
Event: 5.298 Thread 0x000002e08403e360 Uncommon trap: reason=bimorphic_or_optimized_type_check action=maybe_recompile pc=0x000002e09610e780 method=java.nio.Buffer.<init>(IIIILjava/lang/foreign/MemorySegment;)V @ 39 c2
Event: 5.298 Thread 0x000002e08403e360 DEOPT PACKING pc=0x000002e09610e780 sp=0x000000f7c18f7eb0
Event: 5.298 Thread 0x000002e08403e360 DEOPT UNPACKING pc=0x000002e095b646a2 sp=0x000000f7c18f7e58 mode 2
Event: 5.298 Thread 0x000002e08403e360 Uncommon trap: trap_request=0xffffffc6 fr.pc=0x000002e09610e780 relative=0x00000000000003a0
Event: 5.298 Thread 0x000002e08403e360 Uncommon trap: reason=bimorphic_or_optimized_type_check action=maybe_recompile pc=0x000002e09610e780 method=java.nio.Buffer.<init>(IIIILjava/lang/foreign/MemorySegment;)V @ 39 c2
Event: 5.298 Thread 0x000002e08403e360 DEOPT PACKING pc=0x000002e09610e780 sp=0x000000f7c18f64e0
Event: 5.298 Thread 0x000002e08403e360 DEOPT UNPACKING pc=0x000002e095b646a2 sp=0x000000f7c18f6488 mode 2
Event: 5.298 Thread 0x000002e08403e360 Uncommon trap: trap_request=0xffffffc6 fr.pc=0x000002e09610e780 relative=0x00000000000003a0
Event: 5.298 Thread 0x000002e08403e360 Uncommon trap: reason=bimorphic_or_optimized_type_check action=maybe_recompile pc=0x000002e09610e780 method=java.nio.Buffer.<init>(IIIILjava/lang/foreign/MemorySegment;)V @ 39 c2
Event: 5.298 Thread 0x000002e08403e360 DEOPT PACKING pc=0x000002e09610e780 sp=0x000000f7c18fb420
Event: 5.298 Thread 0x000002e08403e360 DEOPT UNPACKING pc=0x000002e095b646a2 sp=0x000000f7c18fb3c8 mode 2
Event: 5.412 Thread 0x000002e08403e360 Uncommon trap: trap_request=0xffffff45 fr.pc=0x000002e096290158 relative=0x00000000000017b8
Event: 5.412 Thread 0x000002e08403e360 Uncommon trap: reason=unstable_if action=reinterpret pc=0x000002e096290158 method=sun.nio.fs.WindowsPathParser.isSlash(C)Z @ 9 c2
Event: 5.412 Thread 0x000002e08403e360 DEOPT PACKING pc=0x000002e096290158 sp=0x000000f7c18fd4d0
Event: 5.412 Thread 0x000002e08403e360 DEOPT UNPACKING pc=0x000002e095b646a2 sp=0x000000f7c18fd470 mode 2
Event: 5.417 Thread 0x000002e08403e360 Uncommon trap: trap_request=0xffffffec fr.pc=0x000002e096164234 relative=0x0000000000000094
Event: 5.417 Thread 0x000002e08403e360 Uncommon trap: reason=null_assert_or_unreached0 action=make_not_entrant pc=0x000002e096164234 method=java.util.jar.JarFile.maybeInstantiateVerifier()V @ 4 c2
Event: 5.417 Thread 0x000002e08403e360 DEOPT PACKING pc=0x000002e096164234 sp=0x000000f7c18fd7d0
Event: 5.417 Thread 0x000002e08403e360 DEOPT UNPACKING pc=0x000002e095b646a2 sp=0x000000f7c18fd760 mode 2

Classes loaded (20 events):
Event: 5.414 Loading class sun/nio/fs/BasicFileAttributesHolder done
Event: 5.414 Loading class sun/nio/fs/WindowsPath$WindowsPathWithAttributes done
Event: 5.418 Loading class sun/security/util/ManifestEntryVerifier
Event: 5.418 Loading class sun/security/util/ManifestEntryVerifier done
Event: 5.418 Loading class jdk/internal/module/ModuleInfo
Event: 5.418 Loading class jdk/internal/module/ModuleInfo done
Event: 5.418 Loading class jdk/internal/module/ModuleInfo$CountingDataInput
Event: 5.418 Loading class jdk/internal/module/ModuleInfo$CountingDataInput done
Event: 5.418 Loading class jdk/internal/module/ModuleInfo$ConstantPool
Event: 5.419 Loading class jdk/internal/module/ModuleInfo$ConstantPool done
Event: 5.419 Loading class jdk/internal/module/ModuleInfo$ConstantPool$Entry
Event: 5.419 Loading class jdk/internal/module/ModuleInfo$ConstantPool$Entry done
Event: 5.419 Loading class jdk/internal/module/ModuleInfo$ConstantPool$ValueEntry
Event: 5.419 Loading class jdk/internal/module/ModuleInfo$ConstantPool$ValueEntry done
Event: 5.419 Loading class jdk/internal/module/ModuleInfo$ConstantPool$IndexEntry
Event: 5.419 Loading class jdk/internal/module/ModuleInfo$ConstantPool$IndexEntry done
Event: 5.420 Loading class java/util/WeakHashMap$KeyIterator
Event: 5.420 Loading class java/util/WeakHashMap$HashIterator
Event: 5.420 Loading class java/util/WeakHashMap$HashIterator done
Event: 5.420 Loading class java/util/WeakHashMap$KeyIterator done

Classes unloaded (0 events):
No events

Classes redefined (0 events):
No events

Internal exceptions (20 events):
Event: 5.059 Thread 0x000002e08403e360 Exception <a 'sun/nio/fs/WindowsException'{0x0000000085ec8db8}> (0x0000000085ec8db8) 
thrown [s\open\src\hotspot\share\prims\jni.cpp, line 520]
Event: 5.060 Thread 0x000002e08403e360 Exception <a 'sun/nio/fs/WindowsException'{0x0000000085eca5b8}> (0x0000000085eca5b8) 
thrown [s\open\src\hotspot\share\prims\jni.cpp, line 520]
Event: 5.061 Thread 0x000002e08403e360 Exception <a 'sun/nio/fs/WindowsException'{0x0000000085ecbd80}> (0x0000000085ecbd80) 
thrown [s\open\src\hotspot\share\prims\jni.cpp, line 520]
Event: 5.063 Thread 0x000002e08403e360 Exception <a 'sun/nio/fs/WindowsException'{0x0000000085ecd4a8}> (0x0000000085ecd4a8) 
thrown [s\open\src\hotspot\share\prims\jni.cpp, line 520]
Event: 5.064 Thread 0x000002e08403e360 Exception <a 'sun/nio/fs/WindowsException'{0x0000000085ececa0}> (0x0000000085ececa0) 
thrown [s\open\src\hotspot\share\prims\jni.cpp, line 520]
Event: 5.100 Thread 0x000002e08403e360 Exception <a 'sun/nio/fs/WindowsException'{0x0000000085ed0478}> (0x0000000085ed0478) 
thrown [s\open\src\hotspot\share\prims\jni.cpp, line 520]
Event: 5.101 Thread 0x000002e08403e360 Exception <a 'sun/nio/fs/WindowsException'{0x0000000085ed1bf0}> (0x0000000085ed1bf0) 
thrown [s\open\src\hotspot\share\prims\jni.cpp, line 520]
Event: 5.102 Thread 0x000002e08403e360 Exception <a 'sun/nio/fs/WindowsException'{0x0000000085ed3398}> (0x0000000085ed3398) 
thrown [s\open\src\hotspot\share\prims\jni.cpp, line 520]
Event: 5.103 Thread 0x000002e08403e360 Exception <a 'sun/nio/fs/WindowsException'{0x0000000085ed4b60}> (0x0000000085ed4b60) 
thrown [s\open\src\hotspot\share\prims\jni.cpp, line 520]
Event: 5.104 Thread 0x000002e08403e360 Exception <a 'sun/nio/fs/WindowsException'{0x0000000085ed6328}> (0x0000000085ed6328) 
thrown [s\open\src\hotspot\share\prims\jni.cpp, line 520]
Event: 5.105 Thread 0x000002e08403e360 Exception <a 'sun/nio/fs/WindowsException'{0x0000000085ed7aa0}> (0x0000000085ed7aa0) 
thrown [s\open\src\hotspot\share\prims\jni.cpp, line 520]
Event: 5.113 Thread 0x000002e08403e360 Exception <a 'sun/nio/fs/WindowsException'{0x0000000085ed9290}> (0x0000000085ed9290) 
thrown [s\open\src\hotspot\share\prims\jni.cpp, line 520]
Event: 5.114 Thread 0x000002e08403e360 Exception <a 'sun/nio/fs/WindowsException'{0x0000000085eda928}> (0x0000000085eda928) 
thrown [s\open\src\hotspot\share\prims\jni.cpp, line 520]
Event: 5.115 Thread 0x000002e08403e360 Exception <a 'sun/nio/fs/WindowsException'{0x0000000085edc0d0}> (0x0000000085edc0d0) 
thrown [s\open\src\hotspot\share\prims\jni.cpp, line 520]
Event: 5.116 Thread 0x000002e08403e360 Exception <a 'sun/nio/fs/WindowsException'{0x0000000085edd7b8}> (0x0000000085edd7b8) 
thrown [s\open\src\hotspot\share\prims\jni.cpp, line 520]
Event: 5.412 Thread 0x000002e08403e360 Exception <a 'sun/nio/fs/WindowsException'{0x0000000084f12218}> (0x0000000084f12218) 
thrown [s\open\src\hotspot\share\prims\jni.cpp, line 520]
Event: 5.412 Thread 0x000002e08403e360 Exception <a 'sun/nio/fs/WindowsException'{0x0000000084f12d58}> (0x0000000084f12d58) 
thrown [s\open\src\hotspot\share\prims\jni.cpp, line 520]
Event: 5.413 Thread 0x000002e08403e360 Exception <a 'sun/nio/fs/WindowsException'{0x0000000084f17f58}> (0x0000000084f17f58) 
thrown [s\open\src\hotspot\share\prims\jni.cpp, line 520]
Event: 5.415 Thread 0x000002e08403e360 Exception <a 'sun/nio/fs/WindowsException'{0x0000000084f198d0}> (0x0000000084f198d0) 
thrown [s\open\src\hotspot\share\prims\jni.cpp, line 520]
Event: 5.415 Thread 0x000002e08403e360 Exception <a 'sun/nio/fs/WindowsException'{0x0000000084f1a7a8}> (0x0000000084f1a7a8) 
thrown [s\open\src\hotspot\share\prims\jni.cpp, line 520]

ZGC Phase Switch (0 events):
No events

VM Operations (20 events):
Event: 1.744 Executing VM operation: HandshakeAllThreads (Deoptimize)
Event: 1.744 Executing VM operation: HandshakeAllThreads (Deoptimize) done
Event: 1.791 Executing VM operation: HandshakeAllThreads (Deoptimize)
Event: 1.791 Executing VM operation: HandshakeAllThreads (Deoptimize) done
Event: 2.132 Executing VM operation: ICBufferFull
Event: 2.132 Executing VM operation: ICBufferFull done
Event: 2.424 Executing VM operation: ICBufferFull
Event: 2.424 Executing VM operation: ICBufferFull done
Event: 2.427 Executing VM operation: G1CollectForAllocation (G1 Evacuation Pause)
Event: 2.439 Executing VM operation: G1CollectForAllocation (G1 Evacuation Pause) done
Event: 2.697 Executing VM operation: ICBufferFull
Event: 2.698 Executing VM operation: ICBufferFull done
Event: 2.883 Executing VM operation: ICBufferFull
Event: 2.883 Executing VM operation: ICBufferFull done
Event: 3.885 Executing VM operation: ICBufferFull
Event: 3.885 Executing VM operation: ICBufferFull done
Event: 4.898 Executing VM operation: Cleanup
Event: 4.898 Executing VM operation: Cleanup done
Event: 5.415 Executing VM operation: HandshakeAllThreads (Deoptimize)
Event: 5.415 Executing VM operation: HandshakeAllThreads (Deoptimize) done

Events (11 events):
Event: 0.041 Thread 0x000002e08403e360 Thread added: 0x000002e08403e360
Event: 0.065 Thread 0x000002e0a226f020 Thread added: 0x000002e0a226f020
Event: 0.065 Thread 0x000002e0a226fbe0 Thread added: 0x000002e0a226fbe0
Event: 0.065 Thread 0x000002e0a2272970 Thread added: 0x000002e0a2272970
Event: 0.065 Thread 0x000002e0a22733d0 Thread added: 0x000002e0a22733d0
Event: 0.065 Thread 0x000002e0a22745d0 Thread added: 0x000002e0a22745d0
Event: 0.065 Thread 0x000002e0a2275030 Thread added: 0x000002e0a2275030
Event: 0.066 Thread 0x000002e0a2280290 Thread added: 0x000002e0a2280290
Event: 0.066 Thread 0x000002e0a2280d30 Thread added: 0x000002e0a2280d30
Event: 0.089 Thread 0x000002e0a2510a30 Thread added: 0x000002e0a2510a30
Event: 0.092 Thread 0x000002e0a2512090 Thread added: 0x000002e0a2512090


Dynamic libraries:
0x00007ff7001c0000 - 0x00007ff7001d0000 	C:\Program Files\Java\jdk-21\bin\java.exe
0x00007ffca8ff0000 - 0x00007ffca91e8000 	C:\Windows\SYSTEM32\ntdll.dll
0x00007ffca8070000 - 0x00007ffca8132000 	C:\Windows\System32\KERNEL32.DLL
0x00007ffca6c30000 - 0x00007ffca6f26000 	C:\Windows\System32\KERNELBASE.dll
0x00007ffca67f0000 - 0x00007ffca68f0000 	C:\Windows\System32\ucrtbase.dll
0x00007ffc81e60000 - 0x00007ffc81e7b000 	C:\Program Files\Java\jdk-21\bin\VCRUNTIME140.dll
0x00007ffc81e80000 - 0x00007ffc81e99000 	C:\Program Files\Java\jdk-21\bin\jli.dll
0x00007ffca8ba0000 - 0x00007ffca8c51000 	C:\Windows\System32\ADVAPI32.dll
0x00007ffca8290000 - 0x00007ffca832e000 	C:\Windows\System32\msvcrt.dll
0x00007ffca7010000 - 0x00007ffca70af000 	C:\Windows\System32\sechost.dll
0x00007ffca8170000 - 0x00007ffca8290000 	C:\Windows\System32\RPCRT4.dll
0x00007ffca68f0000 - 0x00007ffca6917000 	C:\Windows\System32\bcrypt.dll
0x00007ffca83a0000 - 0x00007ffca8541000 	C:\Windows\System32\USER32.dll
0x00007ffca6f30000 - 0x00007ffca6f52000 	C:\Windows\System32\win32u.dll
0x00007ffca8140000 - 0x00007ffca816b000 	C:\Windows\System32\GDI32.dll
0x00007ffca66d0000 - 0x00007ffca67e9000 	C:\Windows\System32\gdi32full.dll
0x00007ffca6b90000 - 0x00007ffca6c2d000 	C:\Windows\System32\msvcp_win.dll
0x00007ffc8f9f0000 - 0x00007ffc8fc8b000 	C:\Windows\WinSxS\amd64_microsoft.windows.common-controls_6595b64144ccf1df_6.0.19041.6456_none_60b8a6cb71f64256\COMCTL32.dll
0x00007ffca0a40000 - 0x00007ffca0a4a000 	C:\Windows\SYSTEM32\VERSION.dll
0x00007ffca70b0000 - 0x00007ffca70df000 	C:\Windows\System32\IMM32.DLL
0x00007ffc82d60000 - 0x00007ffc82d6c000 	C:\Program Files\Java\jdk-21\bin\vcruntime140_1.dll
0x00007ffc81dd0000 - 0x00007ffc81e5e000 	C:\Program Files\Java\jdk-21\bin\msvcp140.dll
0x00007ffc810b0000 - 0x00007ffc81dc5000 	C:\Program Files\Java\jdk-21\bin\server\jvm.dll
0x00007ffca8330000 - 0x00007ffca839b000 	C:\Windows\System32\WS2_32.dll
0x00007ffc97c50000 - 0x00007ffc97c77000 	C:\Windows\SYSTEM32\WINMM.dll
0x00007ffca6430000 - 0x00007ffca647b000 	C:\Windows\SYSTEM32\POWRPROF.dll
0x00007ffca6410000 - 0x00007ffca6422000 	C:\Windows\SYSTEM32\UMPDC.dll
0x00007ffca4510000 - 0x00007ffca4522000 	C:\Windows\SYSTEM32\kernel.appcore.dll
0x00007ffc810a0000 - 0x00007ffc810aa000 	C:\Program Files\Java\jdk-21\bin\jimage.dll
0x00007ffc972b0000 - 0x00007ffc974b1000 	C:\Windows\SYSTEM32\DBGHELP.DLL
0x00007ffc89e60000 - 0x00007ffc89e94000 	C:\Windows\SYSTEM32\dbgcore.DLL
0x00007ffca6b00000 - 0x00007ffca6b82000 	C:\Windows\System32\bcryptPrimitives.dll
0x00007ffc81080000 - 0x00007ffc8109f000 	C:\Program Files\Java\jdk-21\bin\java.dll
0x00007ffca71f0000 - 0x00007ffca7960000 	C:\Windows\System32\SHELL32.dll
0x00007ffca4710000 - 0x00007ffca4eb5000 	C:\Windows\SYSTEM32\windows.storage.dll
0x00007ffca7a90000 - 0x00007ffca7de4000 	C:\Windows\System32\combase.dll
0x00007ffca5fd0000 - 0x00007ffca5ffb000 	C:\Windows\SYSTEM32\Wldp.dll
0x00007ffca7fa0000 - 0x00007ffca806d000 	C:\Windows\System32\OLEAUT32.dll
0x00007ffca8d10000 - 0x00007ffca8dbd000 	C:\Windows\System32\SHCORE.dll
0x00007ffca8b40000 - 0x00007ffca8b9b000 	C:\Windows\System32\shlwapi.dll
0x00007ffca65b0000 - 0x00007ffca65d4000 	C:\Windows\SYSTEM32\profapi.dll
0x00007ffc80d80000 - 0x00007ffc80e57000 	C:\Program Files\Java\jdk-21\bin\jsvml.dll
0x00007ffc80d70000 - 0x00007ffc80d80000 	C:\Program Files\Java\jdk-21\bin\net.dll
0x00007ffc9fcb0000 - 0x00007ffc9fdba000 	C:\Windows\SYSTEM32\WINHTTP.dll
0x00007ffca5d30000 - 0x00007ffca5d9a000 	C:\Windows\system32\mswsock.dll
0x00007ffc80d50000 - 0x00007ffc80d66000 	C:\Program Files\Java\jdk-21\bin\nio.dll
0x00007ffc801e0000 - 0x00007ffc801f8000 	C:\Program Files\Java\jdk-21\bin\zip.dll
0x0000000069ac0000 - 0x0000000069ae4000 	C:\Program Files\NetBeans-22\netbeans\java\maven\lib\jansi-native\Windows\x86_64\jansi.dll
0x00007ffc7fd70000 - 0x00007ffc7fd80000 	C:\Program Files\Java\jdk-21\bin\verify.dll
0x00007ffca58a0000 - 0x00007ffca58d3000 	C:\Windows\SYSTEM32\ntmarta.dll

dbghelp: loaded successfully - version: 4.0.5 - missing functions: none
symbol engine: initialized successfully - sym options: 0x614 - pdb path: .;C:\Program Files\Java\jdk-21\bin;C:\Windows\SYSTEM32;C:\Windows\WinSxS\amd64_microsoft.windows.common-controls_6595b64144ccf1df_6.0.19041.6456_none_60b8a6cb71f64256;C:\Program Files\Java\jdk-21\bin\server;C:\Program Files\NetBeans-22\netbeans\java\maven\lib\jansi-native\Windows\x86_64

VM Arguments:
jvm_args: -Dclassworlds.conf=C:\Program Files\NetBeans-22\netbeans\java\maven\bin\m2.conf -Dmaven.home=C:\Program Files\NetBeans-22\netbeans\java\maven -Dlibrary.jansi.path=C:\Program Files\NetBeans-22\netbeans\java\maven\lib\jansi-native -Dmaven.multiModuleProjectDirectory=D:\Quantum Blaze\Projects\Research Project\POS Systems\POS_Java_01\quantumretail_pro 
java_command: org.codehaus.plexus.classworlds.launcher.Launcher -Dexec.vmArgs= -Dexec.appArgs= -Dmaven.ext.class.path=C:\Program Files\NetBeans-22\netbeans\java\maven-nblib\netbeans-eventspy.jar --no-transfer-progress clean javafx:run
java_class_path (initial): C:\Program Files\NetBeans-22\netbeans\java\maven\boot\plexus-classworlds-2.7.0.jar
Launcher Type: SUN_STANDARD

[Global flags]
     intx CICompilerCount                          = 3                                         {product} {ergonomic}
     uint ConcGCThreads                            = 1                                         {product} {ergonomic}
     uint G1ConcRefinementThreads                  = 4                                         {product} {ergonomic}
   size_t G1HeapRegionSize                         = 1048576                                   {product} {ergonomic}
    uintx GCDrainStackTargetSize                   = 64                                        {product} {ergonomic}
   size_t InitialHeapSize                          = 134217728                                 {product} {ergonomic}
   size_t MarkStackSize                            = 4194304                                   {product} {ergonomic}
   size_t MaxHeapSize                              = 2132803584                                {product} {ergonomic}
   size_t MaxNewSize                               = 1279262720                                {product} {ergonomic}
   size_t MinHeapDeltaBytes                        = 1048576                                   {product} {ergonomic}
   size_t MinHeapSize                              = 8388608                                   {product} {ergonomic}
    uintx NonNMethodCodeHeapSize                   = 5832780                                {pd product} {ergonomic}
    uintx NonProfiledCodeHeapSize                  = 122912730                              {pd product} {ergonomic}
    uintx ProfiledCodeHeapSize                     = 122912730                              {pd product} {ergonomic}
    uintx ReservedCodeCacheSize                    = 251658240                              {pd product} {ergonomic}
     bool SegmentedCodeCache                       = true                                      {product} {ergonomic}
   size_t SoftMaxHeapSize                          = 2132803584                             {manageable} {ergonomic}
     bool UseCompressedOops                        = true                           {product lp64_product} {ergonomic}
     bool UseG1GC                                  = true                                      {product} {ergonomic}
     bool UseLargePagesIndividualAllocation        = false                                  {pd product} {ergonomic}

Logging:
Log output configuration:
 #0: stdout all=warning uptime,level,tags foldmultilines=false
 #1: stderr all=off uptime,level,tags foldmultilines=false

Environment Variables:
JAVA_HOME=C:\Program Files\Java\jdk-21
PATH=C:\Python313\Scripts\;C:\Python313\;C:\Program Files\Common Files\Oracle\Java\javapath;C:\Windows\system32;C:\Windows;C:\Windows\System32\Wbem;C:\Windows\System32\WindowsPowerShell\v1.0\;C:\Windows\System32\OpenSSH\;C:\Program Files (x86)\NVIDIA Corporation\PhysX\Common;C:\Program Files\NVIDIA Corporation\NVIDIA NvDLISR;C:\Program Files\nodejs\;C:\ProgramData\chocolatey\bin;C:\Program Files\dotnet\;C:\Users\Vihanga\.cargo\bin;C:\Program Files\MySQL\MySQL Shell 8.0\bin\;C:\Users\Vihanga\AppData\Local\Microsoft\WindowsApps;C:\Program Files\Java\jdk-21\bin;C:\Users\Vihanga\AppData\Local\Programs\Microsoft VS Code\bin;C:\Users\Vihanga\AppData\Roaming\npm;C:\aria2;C:\Users\Vihanga\AppData\Local\GitHubDesktop\bin;C:\apache-maven-3.9.11\bin;D:\IntelliJ IDEA 2025.2\bin;D:\Programming Files\WebStorm 2025.2\bin;
USERNAME=Vihanga
OS=Windows_NT
PROCESSOR_IDENTIFIER=Intel64 Family 6 Model 158 Stepping 9, GenuineIntel
TMP=C:\Users\Vihanga\AppData\Local\Temp
TEMP=C:\Users\Vihanga\AppData\Local\Temp




Periodic native trim disabled

---------------  S Y S T E M  ---------------

OS:
 Windows 10 , 64 bit Build 19041 (10.0.19041.5915)
OS uptime: 0 days 2:11 hours

CPU: total 4 (initial active 4) (4 cores per cpu, 1 threads per core) family 6 model 158 stepping 9 microcode 0xb4, cx8, cmov, fxsr, mmx, 3dnowpref, sse, sse2, sse3, ssse3, sse4.1, sse4.2, popcnt, lzcnt, tsc, tscinvbit, avx, avx2, aes, erms, clmul, bmi1, bmi2, rtm, adx, fma, vzeroupper, clflush, clflushopt, rdtscp, f16c
Processor Information for all 4 processors :
  Max Mhz: 3401, Current Mhz: 3401, Mhz Limit: 3401

Memory: 4k page, system-wide physical 8134M (440M free)
TotalPageFile size 16326M (AvailPageFile size 129M)
current process WorkingSet (physical memory assigned to process): 189M, peak: 189M
current process commit charge ("private bytes"): 256M, peak: 258M

vm_info: Java HotSpot(TM) 64-Bit Server VM (21.0.1+12-LTS-29) for windows-amd64 JRE (21.0.1+12-LTS-29), built on 2023-10-05T13:27:09Z by "mach5one" with MS VC++ 17.1 (VS2022)

END.
