#
# There is insufficient memory for the Java Runtime Environment to continue.
# Native memory allocation (malloc) failed to allocate 1293616 bytes. Error detail: Chunk::new
# Possible reasons:
#   The system is out of physical RAM or swap space
#   This process is running with CompressedOops enabled, and the Java Heap may be blocking the growth of the native heap
# Possible solutions:
#   Reduce memory load on the system
#   Increase physical memory or swap space
#   Check if swap backing store is full
#   Decrease Java heap size (-Xmx/-Xms)
#   Decrease number of Java threads
#   Decrease Java thread stack sizes (-Xss)
#   Set larger code cache with -XX:ReservedCodeCacheSize=
#   JVM is running with Unscaled Compressed Oops mode in which the Java heap is
#     placed in the first 4GB address space. The Java Heap base address is the
#     maximum limit for the native heap growth. Please use -XX:HeapBaseMinAddress
#     to set the Java Heap base and to place the Java Heap above 4GB virtual address.
# This output file may be truncated or incomplete.
#
#  Out of Memory Error (arena.cpp:168), pid=15752, tid=4352
#
# JRE version: OpenJDK Runtime Environment Temurin-21.0.9+10 (21.0.9+10) (build 21.0.9+10-LTS)
# Java VM: OpenJDK 64-Bit Server VM Temurin-21.0.9+10 (21.0.9+10-LTS, mixed mode, sharing, tiered, compressed oops, compressed class ptrs, parallel gc, windows-amd64)
# No core dump will be written. Minidumps are not enabled by default on client versions of Windows
#

---------------  S U M M A R Y ------------

Command Line: --add-modules=ALL-SYSTEM --add-opens=java.base/java.util=ALL-UNNAMED --add-opens=java.base/java.lang=ALL-UNNAMED --add-opens=java.base/sun.nio.fs=ALL-UNNAMED -Declipse.application=org.eclipse.jdt.ls.core.id1 -Dosgi.bundles.defaultStartLevel=4 -Declipse.product=org.eclipse.jdt.ls.core.product -Djava.import.generatesMetadataFilesAtProjectRoot=false -DDetectVMInstallationsJob.disabled=true -Dfile.encoding=utf8 -XX:+UseParallelGC -XX:GCTimeRatio=4 -XX:AdaptiveSizePolicyWeight=90 -Dsun.zip.disableMemoryMapping=true -Xmx2G -Xms100m -Xlog:disable -javaagent:c:\Users\Vihanga\.antigravity\extensions\redhat.java-1.52.0-win32-x64\lombok\lombok-1.18.39-4050.jar -XX:+HeapDumpOnOutOfMemoryError -XX:HeapDumpPath=c:\Users\Vihanga\AppData\Roaming\Antigravity\User\workspaceStorage\c0b8f771bb728cf03ca3341653bb894a\redhat.java -Daether.dependencyCollector.impl=bf c:\Users\Vihanga\.antigravity\extensions\redhat.java-1.52.0-win32-x64\server\plugins\org.eclipse.equinox.launcher_1.7.100.v20251111-0406.jar -configuration c:\Users\Vihanga\AppData\Roaming\Antigravity\User\globalStorage\redhat.java\1.52.0\config_win -data c:\Users\Vihanga\AppData\Roaming\Antigravity\User\workspaceStorage\c0b8f771bb728cf03ca3341653bb894a\redhat.java\jdt_ws --pipe=\\.\pipe\lsp-2144a7af98257e130b3ea53e3359716b-sock

Host: Intel(R) Core(TM) i5-7500 CPU @ 3.40GHz, 4 cores, 7G,  Windows 10 , 64 bit Build 19041 (10.0.19041.5915)
Time: Sun Mar  8 13:23:19 2026 Sri Lanka Standard Time elapsed time: 6.376575 seconds (0d 0h 0m 6s)

---------------  T H R E A D  ---------------

Current thread (0x000001e549a9cdc0):  JavaThread "C2 CompilerThread0" daemon [_thread_in_native, id=4352, stack(0x000000caa3000000,0x000000caa3100000) (1024K)]


Current CompileTask:
C2:6376 4952       4       org.eclipse.osgi.internal.loader.ModuleClassLoader::toString (80 bytes)

Stack: [0x000000caa3000000,0x000000caa3100000]
Native frames: (J=compiled Java code, j=interpreted, Vv=VM code, C=native code)
V  [jvm.dll+0x6d6e29]
V  [jvm.dll+0x8b4b76]
V  [jvm.dll+0x8b712e]
V  [jvm.dll+0x8b7813]
V  [jvm.dll+0x283d86]
V  [jvm.dll+0xc66ed]
V  [jvm.dll+0xc6c31]
V  [jvm.dll+0x3be501]
V  [jvm.dll+0x38ab92]
V  [jvm.dll+0x389fda]
V  [jvm.dll+0x24bfa0]
V  [jvm.dll+0x24b580]
V  [jvm.dll+0x1cb13e]
V  [jvm.dll+0x25b29d]
V  [jvm.dll+0x25982a]
V  [jvm.dll+0x3f7ea6]
V  [jvm.dll+0x85e9ad]
V  [jvm.dll+0x6d565d]
C  [ucrtbase.dll+0x21bb2]
C  [KERNEL32.DLL+0x17374]
C  [ntdll.dll+0x4cc91]


---------------  P R O C E S S  ---------------

Threads class SMR info:
_java_thread_list=0x000001e5922174d0, length=24, elements={
0x000001e530dbe4f0, 0x000001e549a8bf60, 0x000001e549a8e510, 0x000001e549a91540,
0x000001e549a96900, 0x000001e549a99360, 0x000001e549a9c040, 0x000001e549a9cdc0,
0x000001e549b0af80, 0x000001e58b91e3e0, 0x000001e590068830, 0x000001e5905135e0,
0x000001e59056dde0, 0x000001e590896400, 0x000001e590516460, 0x000001e590b5cc10,
0x000001e5907d4780, 0x000001e590c57080, 0x000001e590e26c80, 0x000001e5911e4910,
0x000001e5911dffe0, 0x000001e5911e0670, 0x000001e5911e1390, 0x000001e5911e1a20
}

Java Threads: ( => current thread )
  0x000001e530dbe4f0 JavaThread "main"                              [_thread_blocked, id=18036, stack(0x000000caa2600000,0x000000caa2700000) (1024K)]
  0x000001e549a8bf60 JavaThread "Reference Handler"          daemon [_thread_blocked, id=10144, stack(0x000000caa2a00000,0x000000caa2b00000) (1024K)]
  0x000001e549a8e510 JavaThread "Finalizer"                  daemon [_thread_blocked, id=11460, stack(0x000000caa2b00000,0x000000caa2c00000) (1024K)]
  0x000001e549a91540 JavaThread "Signal Dispatcher"          daemon [_thread_blocked, id=18292, stack(0x000000caa2c00000,0x000000caa2d00000) (1024K)]
  0x000001e549a96900 JavaThread "Attach Listener"            daemon [_thread_blocked, id=14092, stack(0x000000caa2d00000,0x000000caa2e00000) (1024K)]
  0x000001e549a99360 JavaThread "Service Thread"             daemon [_thread_blocked, id=17336, stack(0x000000caa2e00000,0x000000caa2f00000) (1024K)]
  0x000001e549a9c040 JavaThread "Monitor Deflation Thread"   daemon [_thread_blocked, id=15240, stack(0x000000caa2f00000,0x000000caa3000000) (1024K)]
=>0x000001e549a9cdc0 JavaThread "C2 CompilerThread0"         daemon [_thread_in_native, id=4352, stack(0x000000caa3000000,0x000000caa3100000) (1024K)]
  0x000001e549b0af80 JavaThread "C1 CompilerThread0"         daemon [_thread_in_native, id=4112, stack(0x000000caa3100000,0x000000caa3200000) (1024K)]
  0x000001e58b91e3e0 JavaThread "Common-Cleaner"             daemon [_thread_blocked, id=9328, stack(0x000000caa3200000,0x000000caa3300000) (1024K)]
  0x000001e590068830 JavaThread "Notification Thread"        daemon [_thread_blocked, id=12456, stack(0x000000caa3400000,0x000000caa3500000) (1024K)]
  0x000001e5905135e0 JavaThread "Active Thread: Equinox Container: fdffe43f-3241-48cb-9c0f-1e3cf99cd704"        [_thread_blocked, id=14828, stack(0x000000caa3800000,0x000000caa3900000) (1024K)]
  0x000001e59056dde0 JavaThread "Refresh Thread: Equinox Container: fdffe43f-3241-48cb-9c0f-1e3cf99cd704" daemon [_thread_blocked, id=17468, stack(0x000000caa3300000,0x000000caa3400000) (1024K)]
  0x000001e590896400 JavaThread "Framework Event Dispatcher: Equinox Container: fdffe43f-3241-48cb-9c0f-1e3cf99cd704" daemon [_thread_blocked, id=8200, stack(0x000000caa3900000,0x000000caa3a00000) (1024K)]
  0x000001e590516460 JavaThread "Start Level: Equinox Container: fdffe43f-3241-48cb-9c0f-1e3cf99cd704" daemon [_thread_in_native, id=13952, stack(0x000000caa3a00000,0x000000caa3b00000) (1024K)]
  0x000001e590b5cc10 JavaThread "Bundle File Closer"         daemon [_thread_blocked, id=8296, stack(0x000000caa3b00000,0x000000caa3c00000) (1024K)]
  0x000001e5907d4780 JavaThread "SCR Component Actor"        daemon [_thread_blocked, id=13888, stack(0x000000caa3c00000,0x000000caa3d00000) (1024K)]
  0x000001e590c57080 JavaThread "Worker-JM"                         [_thread_blocked, id=14712, stack(0x000000caa3d00000,0x000000caa3e00000) (1024K)]
  0x000001e590e26c80 JavaThread "JNA Cleaner"                daemon [_thread_blocked, id=7712, stack(0x000000caa3e00000,0x000000caa3f00000) (1024K)]
  0x000001e5911e4910 JavaThread "Worker-0"                          [_thread_blocked, id=2772, stack(0x000000caa3f00000,0x000000caa4000000) (1024K)]
  0x000001e5911dffe0 JavaThread "Worker-1: Processing Java changes since last activation"        [_thread_in_Java, id=15440, stack(0x000000caa4000000,0x000000caa4100000) (1024K)]
  0x000001e5911e0670 JavaThread "Worker-2: Repository registry initialization"        [_thread_in_native, id=15444, stack(0x000000caa4100000,0x000000caa4200000) (1024K)]
  0x000001e5911e1390 JavaThread "Java indexing"              daemon [_thread_blocked, id=18308, stack(0x000000caa4200000,0x000000caa4300000) (1024K)]
  0x000001e5911e1a20 JavaThread "Worker-3"                          [_thread_blocked, id=7604, stack(0x000000caa4300000,0x000000caa4400000) (1024K)]
Total: 24

Other Threads:
  0x000001e549a7f930 VMThread "VM Thread"                           [id=3708, stack(0x000000caa2900000,0x000000caa2a00000) (1024K)]
  0x000001e53310e730 WatcherThread "VM Periodic Task Thread"        [id=6072, stack(0x000000caa2800000,0x000000caa2900000) (1024K)]
  0x000001e5330bf8f0 WorkerThread "GC Thread#0"                     [id=17068, stack(0x000000caa2700000,0x000000caa2800000) (1024K)]
  0x000001e59043a210 WorkerThread "GC Thread#1"                     [id=17432, stack(0x000000caa3500000,0x000000caa3600000) (1024K)]
  0x000001e59018c4f0 WorkerThread "GC Thread#2"                     [id=16468, stack(0x000000caa3600000,0x000000caa3700000) (1024K)]
  0x000001e59018c890 WorkerThread "GC Thread#3"                     [id=5792, stack(0x000000caa3700000,0x000000caa3800000) (1024K)]
Total: 6

Threads with active compile tasks:
C2 CompilerThread0  6433 4952       4       org.eclipse.osgi.internal.loader.ModuleClassLoader::toString (80 bytes)
Total: 1

VM state: not at safepoint (normal execution)

VM Mutex/Monitor currently owned by a thread:  ([mutex/lock_event])
[0x00007ffb331ac070] MethodCompileQueue_lock - owner thread: 0x0000000000000000

Heap address: 0x0000000080000000, size: 2048 MB, Compressed Oops mode: 32-bit

CDS archive(s) mapped at: [0x000001e54a000000-0x000001e54aba0000-0x000001e54aba0000), size 12189696, SharedBaseAddress: 0x000001e54a000000, ArchiveRelocationMode: 1.
Compressed class space mapped at: 0x000001e54b000000-0x000001e58b000000, reserved size: 1073741824
Narrow klass base: 0x000001e54a000000, Narrow klass shift: 0, Narrow klass range: 0x100000000

GC Precious Log:
 CardTable entry size: 512
 CPUs: 4 total, 4 available
 Memory: 8132M
 Large Page Support: Disabled
 NUMA Support: Disabled
 Compressed Oops: Enabled (32-bit)
 Alignments: Space 512K, Generation 512K, Heap 2M
 Heap Min Capacity: 100M
 Heap Initial Capacity: 100M
 Heap Max Capacity: 2G
 Pre-touch: Disabled
 Parallel Workers: 4

Heap:
 PSYoungGen      total 23552K, used 15353K [0x00000000d5580000, 0x00000000d7080000, 0x0000000100000000)
  eden space 22016K, 63% used [0x00000000d5580000,0x00000000d632a658,0x00000000d6b00000)
  from space 1536K, 88% used [0x00000000d6f00000,0x00000000d7054010,0x00000000d7080000)
  to   space 2048K, 0% used [0x00000000d6c80000,0x00000000d6c80000,0x00000000d6e80000)
 ParOldGen       total 68608K, used 18577K [0x0000000080000000, 0x0000000084300000, 0x00000000d5580000)
  object space 68608K, 27% used [0x0000000080000000,0x0000000081224778,0x0000000084300000)
 Metaspace       used 34251K, committed 35392K, reserved 1114112K
  class space    used 3469K, committed 3968K, reserved 1048576K

Card table byte_map: [0x000001e532a40000,0x000001e532e50000] _byte_map_base: 0x000001e532640000

Marking Bits: (ParMarkBitMap*) 0x00007ffb331b2460
 Begin Bits: [0x000001e545540000, 0x000001e547540000)
 End Bits:   [0x000001e547540000, 0x000001e549540000)

Polling page: 0x000001e531070000

Metaspace:

Usage:
  Non-class:     30.06 MB used.
      Class:      3.39 MB used.
       Both:     33.45 MB used.

Virtual space:
  Non-class space:       64.00 MB reserved,      30.69 MB ( 48%) committed,  1 nodes.
      Class space:        1.00 GB reserved,       3.88 MB ( <1%) committed,  1 nodes.
             Both:        1.06 GB reserved,      34.56 MB (  3%) committed. 

Chunk freelists:
   Non-Class:  864.00 KB
       Class:  12.08 MB
        Both:  12.92 MB

MaxMetaspaceSize: unlimited
CompressedClassSpaceSize: 1.00 GB
Initial GC threshold: 21.00 MB
Current GC threshold: 35.00 MB
CDS: on
 - commit_granule_bytes: 65536.
 - commit_granule_words: 8192.
 - virtual_space_node_default_size: 8388608.
 - enlarge_chunks_in_place: 1.
 - use_allocation_guard: 0.


Internal statistics:

num_allocs_failed_limit: 3.
num_arena_births: 894.
num_arena_deaths: 14.
num_vsnodes_births: 2.
num_vsnodes_deaths: 0.
num_space_committed: 553.
num_space_uncommitted: 0.
num_chunks_returned_to_freelist: 17.
num_chunks_taken_from_freelist: 2405.
num_chunk_merges: 9.
num_chunk_splits: 1495.
num_chunks_enlarged: 842.
num_inconsistent_stats: 0.

CodeHeap 'non-profiled nmethods': size=120000Kb used=2157Kb max_used=2157Kb free=117842Kb
 bounds [0x000001e53dd60000, 0x000001e53dfd0000, 0x000001e545290000]
CodeHeap 'profiled nmethods': size=120000Kb used=10698Kb max_used=10698Kb free=109301Kb
 bounds [0x000001e536290000, 0x000001e536d10000, 0x000001e53d7c0000]
CodeHeap 'non-nmethods': size=5760Kb used=1353Kb max_used=1405Kb free=4406Kb
 bounds [0x000001e53d7c0000, 0x000001e53da30000, 0x000001e53dd60000]
CodeCache: size=245760Kb, used=14208Kb, max_used=14260Kb, free=231549Kb
 total_blobs=5730, nmethods=5077, adapters=559, full_count=0
Compilation: enabled, stopped_count=0, restarted_count=0

Compilation events (20 events):
Event: 6.365 Thread 0x000001e549b0af80 5030       3       jdk.internal.jrtfs.JrtFileSystem::iteratorOf (98 bytes)
Event: 6.365 Thread 0x000001e549b0af80 nmethod 5030 0x000001e536ce2490 code [0x000001e536ce28a0, 0x000001e536ce46a0]
Event: 6.365 Thread 0x000001e549b0af80 5035       3       jdk.internal.jrtfs.JrtFileAttributes::fileKey (9 bytes)
Event: 6.366 Thread 0x000001e549b0af80 nmethod 5035 0x000001e536ce5090 code [0x000001e536ce5240, 0x000001e536ce5420]
Event: 6.366 Thread 0x000001e549b0af80 5038  s    3       jdk.internal.jrtfs.JrtDirectoryStream::close (6 bytes)
Event: 6.366 Thread 0x000001e549b0af80 nmethod 5038 0x000001e536ce5510 code [0x000001e536ce56c0, 0x000001e536ce5888]
Event: 6.366 Thread 0x000001e549b0af80 5039       3       java.nio.file.SimpleFileVisitor::postVisitDirectory (15 bytes)
Event: 6.366 Thread 0x000001e549b0af80 nmethod 5039 0x000001e536ce5910 code [0x000001e536ce5ae0, 0x000001e536ce5d88]
Event: 6.366 Thread 0x000001e549b0af80 5040       3       java.nio.file.FileTreeWalker$Event::<init> (9 bytes)
Event: 6.366 Thread 0x000001e549b0af80 nmethod 5040 0x000001e536ce5f10 code [0x000001e536ce60c0, 0x000001e536ce62d8]
Event: 6.367 Thread 0x000001e549b0af80 5042       3       jdk.internal.jimage.ImageReader$SharedImageReader::makeDirectories (54 bytes)
Event: 6.368 Thread 0x000001e549b0af80 nmethod 5042 0x000001e536ce6410 code [0x000001e536ce66a0, 0x000001e536ce7200]
Event: 6.368 Thread 0x000001e549b0af80 5043       3       jdk.internal.jimage.ImageReader$SharedImageReader::makeDirectory (25 bytes)
Event: 6.368 Thread 0x000001e549b0af80 nmethod 5043 0x000001e536ce7690 code [0x000001e536ce7880, 0x000001e536ce7d80]
Event: 6.368 Thread 0x000001e549b0af80 5044       3       jdk.internal.org.objectweb.asm.SymbolTable::put (150 bytes)
Event: 6.368 Thread 0x000001e549b0af80 nmethod 5044 0x000001e536ce7f90 code [0x000001e536ce8180, 0x000001e536ce8890]
Event: 6.368 Thread 0x000001e549b0af80 5046       3       java.util.ArrayDeque::removeFirst (19 bytes)
Event: 6.369 Thread 0x000001e549b0af80 nmethod 5046 0x000001e536ce8b90 code [0x000001e536ce8d60, 0x000001e536ce8fa8]
Event: 6.369 Thread 0x000001e549b0af80 5045       3       java.util.ArrayDeque::pop (5 bytes)
Event: 6.369 Thread 0x000001e549b0af80 nmethod 5045 0x000001e536ce9090 code [0x000001e536ce9260, 0x000001e536ce9508]

GC Heap History (20 events):
Event: 3.465 GC heap before
{Heap before GC invocations=4 (full 0):
 PSYoungGen      total 29696K, used 29687K [0x00000000d5580000, 0x00000000d7680000, 0x0000000100000000)
  eden space 25600K, 100% used [0x00000000d5580000,0x00000000d6e80000,0x00000000d6e80000)
  from space 4096K, 99% used [0x00000000d6e80000,0x00000000d727def8,0x00000000d7280000)
  to   space 4096K, 0% used [0x00000000d7280000,0x00000000d7280000,0x00000000d7680000)
 ParOldGen       total 68608K, used 5300K [0x0000000080000000, 0x0000000084300000, 0x00000000d5580000)
  object space 68608K, 7% used [0x0000000080000000,0x000000008052d1d0,0x0000000084300000)
 Metaspace       used 11774K, committed 12096K, reserved 1114112K
  class space    used 1246K, committed 1408K, reserved 1048576K
}
Event: 3.468 GC heap after
{Heap after GC invocations=4 (full 0):
 PSYoungGen      total 29696K, used 4091K [0x00000000d5580000, 0x00000000d7680000, 0x0000000100000000)
  eden space 25600K, 0% used [0x00000000d5580000,0x00000000d5580000,0x00000000d6e80000)
  from space 4096K, 99% used [0x00000000d7280000,0x00000000d767ed10,0x00000000d7680000)
  to   space 4096K, 0% used [0x00000000d6e80000,0x00000000d6e80000,0x00000000d7280000)
 ParOldGen       total 68608K, used 6740K [0x0000000080000000, 0x0000000084300000, 0x00000000d5580000)
  object space 68608K, 9% used [0x0000000080000000,0x00000000806953b8,0x0000000084300000)
 Metaspace       used 11774K, committed 12096K, reserved 1114112K
  class space    used 1246K, committed 1408K, reserved 1048576K
}
Event: 3.917 GC heap before
{Heap before GC invocations=5 (full 0):
 PSYoungGen      total 29696K, used 29691K [0x00000000d5580000, 0x00000000d7680000, 0x0000000100000000)
  eden space 25600K, 100% used [0x00000000d5580000,0x00000000d6e80000,0x00000000d6e80000)
  from space 4096K, 99% used [0x00000000d7280000,0x00000000d767ed10,0x00000000d7680000)
  to   space 4096K, 0% used [0x00000000d6e80000,0x00000000d6e80000,0x00000000d7280000)
 ParOldGen       total 68608K, used 6740K [0x0000000080000000, 0x0000000084300000, 0x00000000d5580000)
  object space 68608K, 9% used [0x0000000080000000,0x00000000806953b8,0x0000000084300000)
 Metaspace       used 15594K, committed 16192K, reserved 1114112K
  class space    used 1611K, committed 1856K, reserved 1048576K
}
Event: 3.921 GC heap after
{Heap after GC invocations=5 (full 0):
 PSYoungGen      total 29184K, used 4078K [0x00000000d5580000, 0x00000000d7a00000, 0x0000000100000000)
  eden space 25088K, 0% used [0x00000000d5580000,0x00000000d5580000,0x00000000d6e00000)
  from space 4096K, 99% used [0x00000000d6e80000,0x00000000d727ba58,0x00000000d7280000)
  to   space 6144K, 0% used [0x00000000d7400000,0x00000000d7400000,0x00000000d7a00000)
 ParOldGen       total 68608K, used 8244K [0x0000000080000000, 0x0000000084300000, 0x00000000d5580000)
  object space 68608K, 12% used [0x0000000080000000,0x000000008080d2a0,0x0000000084300000)
 Metaspace       used 15594K, committed 16192K, reserved 1114112K
  class space    used 1611K, committed 1856K, reserved 1048576K
}
Event: 4.429 GC heap before
{Heap before GC invocations=6 (full 0):
 PSYoungGen      total 29184K, used 29166K [0x00000000d5580000, 0x00000000d7a00000, 0x0000000100000000)
  eden space 25088K, 100% used [0x00000000d5580000,0x00000000d6e00000,0x00000000d6e00000)
  from space 4096K, 99% used [0x00000000d6e80000,0x00000000d727ba58,0x00000000d7280000)
  to   space 6144K, 0% used [0x00000000d7400000,0x00000000d7400000,0x00000000d7a00000)
 ParOldGen       total 68608K, used 8244K [0x0000000080000000, 0x0000000084300000, 0x00000000d5580000)
  object space 68608K, 12% used [0x0000000080000000,0x000000008080d2a0,0x0000000084300000)
 Metaspace       used 18306K, committed 19072K, reserved 1114112K
  class space    used 1920K, committed 2240K, reserved 1048576K
}
Event: 4.437 GC heap after
{Heap after GC invocations=6 (full 0):
 PSYoungGen      total 30208K, used 5366K [0x00000000d5580000, 0x00000000d7980000, 0x0000000100000000)
  eden space 24576K, 0% used [0x00000000d5580000,0x00000000d5580000,0x00000000d6d80000)
  from space 5632K, 95% used [0x00000000d7400000,0x00000000d793d970,0x00000000d7980000)
  to   space 5632K, 0% used [0x00000000d6e80000,0x00000000d6e80000,0x00000000d7400000)
 ParOldGen       total 68608K, used 8252K [0x0000000080000000, 0x0000000084300000, 0x00000000d5580000)
  object space 68608K, 12% used [0x0000000080000000,0x000000008080f2a0,0x0000000084300000)
 Metaspace       used 18306K, committed 19072K, reserved 1114112K
  class space    used 1920K, committed 2240K, reserved 1048576K
}
Event: 4.701 GC heap before
{Heap before GC invocations=7 (full 0):
 PSYoungGen      total 30208K, used 28787K [0x00000000d5580000, 0x00000000d7980000, 0x0000000100000000)
  eden space 24576K, 95% used [0x00000000d5580000,0x00000000d6c5f5c8,0x00000000d6d80000)
  from space 5632K, 95% used [0x00000000d7400000,0x00000000d793d970,0x00000000d7980000)
  to   space 5632K, 0% used [0x00000000d6e80000,0x00000000d6e80000,0x00000000d7400000)
 ParOldGen       total 68608K, used 8252K [0x0000000080000000, 0x0000000084300000, 0x00000000d5580000)
  object space 68608K, 12% used [0x0000000080000000,0x000000008080f2a0,0x0000000084300000)
 Metaspace       used 20615K, committed 21504K, reserved 1114112K
  class space    used 2197K, committed 2624K, reserved 1048576K
}
Event: 4.707 GC heap after
{Heap after GC invocations=7 (full 0):
 PSYoungGen      total 29184K, used 4559K [0x00000000d5580000, 0x00000000d7780000, 0x0000000100000000)
  eden space 24576K, 0% used [0x00000000d5580000,0x00000000d5580000,0x00000000d6d80000)
  from space 4608K, 98% used [0x00000000d6e80000,0x00000000d72f3f68,0x00000000d7300000)
  to   space 4608K, 0% used [0x00000000d7300000,0x00000000d7300000,0x00000000d7780000)
 ParOldGen       total 68608K, used 9704K [0x0000000080000000, 0x0000000084300000, 0x00000000d5580000)
  object space 68608K, 14% used [0x0000000080000000,0x000000008097a218,0x0000000084300000)
 Metaspace       used 20615K, committed 21504K, reserved 1114112K
  class space    used 2197K, committed 2624K, reserved 1048576K
}
Event: 4.707 GC heap before
{Heap before GC invocations=8 (full 1):
 PSYoungGen      total 29184K, used 4559K [0x00000000d5580000, 0x00000000d7780000, 0x0000000100000000)
  eden space 24576K, 0% used [0x00000000d5580000,0x00000000d5580000,0x00000000d6d80000)
  from space 4608K, 98% used [0x00000000d6e80000,0x00000000d72f3f68,0x00000000d7300000)
  to   space 4608K, 0% used [0x00000000d7300000,0x00000000d7300000,0x00000000d7780000)
 ParOldGen       total 68608K, used 9704K [0x0000000080000000, 0x0000000084300000, 0x00000000d5580000)
  object space 68608K, 14% used [0x0000000080000000,0x000000008097a218,0x0000000084300000)
 Metaspace       used 20615K, committed 21504K, reserved 1114112K
  class space    used 2197K, committed 2624K, reserved 1048576K
}
Event: 4.738 GC heap after
{Heap after GC invocations=8 (full 1):
 PSYoungGen      total 29184K, used 0K [0x00000000d5580000, 0x00000000d7780000, 0x0000000100000000)
  eden space 24576K, 0% used [0x00000000d5580000,0x00000000d5580000,0x00000000d6d80000)
  from space 4608K, 0% used [0x00000000d6e80000,0x00000000d6e80000,0x00000000d7300000)
  to   space 4608K, 0% used [0x00000000d7300000,0x00000000d7300000,0x00000000d7780000)
 ParOldGen       total 68608K, used 13731K [0x0000000080000000, 0x0000000084300000, 0x00000000d5580000)
  object space 68608K, 20% used [0x0000000080000000,0x0000000080d68e88,0x0000000084300000)
 Metaspace       used 20603K, committed 21504K, reserved 1114112K
  class space    used 2193K, committed 2624K, reserved 1048576K
}
Event: 4.974 GC heap before
{Heap before GC invocations=9 (full 1):
 PSYoungGen      total 29184K, used 24576K [0x00000000d5580000, 0x00000000d7780000, 0x0000000100000000)
  eden space 24576K, 100% used [0x00000000d5580000,0x00000000d6d80000,0x00000000d6d80000)
  from space 4608K, 0% used [0x00000000d6e80000,0x00000000d6e80000,0x00000000d7300000)
  to   space 4608K, 0% used [0x00000000d7300000,0x00000000d7300000,0x00000000d7780000)
 ParOldGen       total 68608K, used 13731K [0x0000000080000000, 0x0000000084300000, 0x00000000d5580000)
  object space 68608K, 20% used [0x0000000080000000,0x0000000080d68e88,0x0000000084300000)
 Metaspace       used 22534K, committed 23488K, reserved 1114112K
  class space    used 2361K, committed 2752K, reserved 1048576K
}
Event: 4.975 GC heap after
{Heap after GC invocations=9 (full 1):
 PSYoungGen      total 26624K, used 2246K [0x00000000d5580000, 0x00000000d7580000, 0x0000000100000000)
  eden space 24064K, 0% used [0x00000000d5580000,0x00000000d5580000,0x00000000d6d00000)
  from space 2560K, 87% used [0x00000000d7300000,0x00000000d7531a30,0x00000000d7580000)
  to   space 3584K, 0% used [0x00000000d6e80000,0x00000000d6e80000,0x00000000d7200000)
 ParOldGen       total 68608K, used 13739K [0x0000000080000000, 0x0000000084300000, 0x00000000d5580000)
  object space 68608K, 20% used [0x0000000080000000,0x0000000080d6ae88,0x0000000084300000)
 Metaspace       used 22534K, committed 23488K, reserved 1114112K
  class space    used 2361K, committed 2752K, reserved 1048576K
}
Event: 5.159 GC heap before
{Heap before GC invocations=10 (full 1):
 PSYoungGen      total 26624K, used 26290K [0x00000000d5580000, 0x00000000d7580000, 0x0000000100000000)
  eden space 24064K, 99% used [0x00000000d5580000,0x00000000d6cfaf18,0x00000000d6d00000)
  from space 2560K, 87% used [0x00000000d7300000,0x00000000d7531a30,0x00000000d7580000)
  to   space 3584K, 0% used [0x00000000d6e80000,0x00000000d6e80000,0x00000000d7200000)
 ParOldGen       total 68608K, used 13739K [0x0000000080000000, 0x0000000084300000, 0x00000000d5580000)
  object space 68608K, 20% used [0x0000000080000000,0x0000000080d6ae88,0x0000000084300000)
 Metaspace       used 25963K, committed 26944K, reserved 1114112K
  class space    used 2619K, committed 3008K, reserved 1048576K
}
Event: 5.161 GC heap after
{Heap after GC invocations=10 (full 1):
 PSYoungGen      total 26112K, used 2166K [0x00000000d5580000, 0x00000000d7380000, 0x0000000100000000)
  eden space 23552K, 0% used [0x00000000d5580000,0x00000000d5580000,0x00000000d6c80000)
  from space 2560K, 84% used [0x00000000d6e80000,0x00000000d709db90,0x00000000d7100000)
  to   space 2560K, 0% used [0x00000000d7100000,0x00000000d7100000,0x00000000d7380000)
 ParOldGen       total 68608K, used 13747K [0x0000000080000000, 0x0000000084300000, 0x00000000d5580000)
  object space 68608K, 20% used [0x0000000080000000,0x0000000080d6ce88,0x0000000084300000)
 Metaspace       used 25963K, committed 26944K, reserved 1114112K
  class space    used 2619K, committed 3008K, reserved 1048576K
}
Event: 5.322 GC heap before
{Heap before GC invocations=11 (full 1):
 PSYoungGen      total 26112K, used 25718K [0x00000000d5580000, 0x00000000d7380000, 0x0000000100000000)
  eden space 23552K, 100% used [0x00000000d5580000,0x00000000d6c80000,0x00000000d6c80000)
  from space 2560K, 84% used [0x00000000d6e80000,0x00000000d709db90,0x00000000d7100000)
  to   space 2560K, 0% used [0x00000000d7100000,0x00000000d7100000,0x00000000d7380000)
 ParOldGen       total 68608K, used 13747K [0x0000000080000000, 0x0000000084300000, 0x00000000d5580000)
  object space 68608K, 20% used [0x0000000080000000,0x0000000080d6ce88,0x0000000084300000)
 Metaspace       used 27430K, committed 28352K, reserved 1114112K
  class space    used 2711K, committed 3072K, reserved 1048576K
}
Event: 5.325 GC heap after
{Heap after GC invocations=11 (full 1):
 PSYoungGen      total 25600K, used 2538K [0x00000000d5580000, 0x00000000d7400000, 0x0000000100000000)
  eden space 23040K, 0% used [0x00000000d5580000,0x00000000d5580000,0x00000000d6c00000)
  from space 2560K, 99% used [0x00000000d7100000,0x00000000d737a808,0x00000000d7380000)
  to   space 4096K, 0% used [0x00000000d6c00000,0x00000000d6c00000,0x00000000d7000000)
 ParOldGen       total 68608K, used 14689K [0x0000000080000000, 0x0000000084300000, 0x00000000d5580000)
  object space 68608K, 21% used [0x0000000080000000,0x0000000080e58638,0x0000000084300000)
 Metaspace       used 27430K, committed 28352K, reserved 1114112K
  class space    used 2711K, committed 3072K, reserved 1048576K
}
Event: 5.979 GC heap before
{Heap before GC invocations=12 (full 1):
 PSYoungGen      total 25600K, used 25578K [0x00000000d5580000, 0x00000000d7400000, 0x0000000100000000)
  eden space 23040K, 100% used [0x00000000d5580000,0x00000000d6c00000,0x00000000d6c00000)
  from space 2560K, 99% used [0x00000000d7100000,0x00000000d737a808,0x00000000d7380000)
  to   space 4096K, 0% used [0x00000000d6c00000,0x00000000d6c00000,0x00000000d7000000)
 ParOldGen       total 68608K, used 14689K [0x0000000080000000, 0x0000000084300000, 0x00000000d5580000)
  object space 68608K, 21% used [0x0000000080000000,0x0000000080e58638,0x0000000084300000)
 Metaspace       used 30584K, committed 31744K, reserved 1114112K
  class space    used 3019K, committed 3520K, reserved 1048576K
}
Event: 5.982 GC heap after
{Heap after GC invocations=12 (full 1):
 PSYoungGen      total 24576K, used 1820K [0x00000000d5580000, 0x00000000d7180000, 0x0000000100000000)
  eden space 22528K, 0% used [0x00000000d5580000,0x00000000d5580000,0x00000000d6b80000)
  from space 2048K, 88% used [0x00000000d6c00000,0x00000000d6dc7200,0x00000000d6e00000)
  to   space 2560K, 0% used [0x00000000d6f00000,0x00000000d6f00000,0x00000000d7180000)
 ParOldGen       total 68608K, used 16862K [0x0000000080000000, 0x0000000084300000, 0x00000000d5580000)
  object space 68608K, 24% used [0x0000000080000000,0x0000000081077960,0x0000000084300000)
 Metaspace       used 30584K, committed 31744K, reserved 1114112K
  class space    used 3019K, committed 3520K, reserved 1048576K
}
Event: 6.349 GC heap before
{Heap before GC invocations=13 (full 1):
 PSYoungGen      total 24576K, used 24348K [0x00000000d5580000, 0x00000000d7180000, 0x0000000100000000)
  eden space 22528K, 100% used [0x00000000d5580000,0x00000000d6b80000,0x00000000d6b80000)
  from space 2048K, 88% used [0x00000000d6c00000,0x00000000d6dc7200,0x00000000d6e00000)
  to   space 2560K, 0% used [0x00000000d6f00000,0x00000000d6f00000,0x00000000d7180000)
 ParOldGen       total 68608K, used 16862K [0x0000000080000000, 0x0000000084300000, 0x00000000d5580000)
  object space 68608K, 24% used [0x0000000080000000,0x0000000081077960,0x0000000084300000)
 Metaspace       used 33541K, committed 34752K, reserved 1114112K
  class space    used 3378K, committed 3904K, reserved 1048576K
}
Event: 6.351 GC heap after
{Heap after GC invocations=13 (full 1):
 PSYoungGen      total 23552K, used 1360K [0x00000000d5580000, 0x00000000d7080000, 0x0000000100000000)
  eden space 22016K, 0% used [0x00000000d5580000,0x00000000d5580000,0x00000000d6b00000)
  from space 1536K, 88% used [0x00000000d6f00000,0x00000000d7054010,0x00000000d7080000)
  to   space 2048K, 0% used [0x00000000d6c80000,0x00000000d6c80000,0x00000000d6e80000)
 ParOldGen       total 68608K, used 18577K [0x0000000080000000, 0x0000000084300000, 0x00000000d5580000)
  object space 68608K, 27% used [0x0000000080000000,0x0000000081224778,0x0000000084300000)
 Metaspace       used 33541K, committed 34752K, reserved 1114112K
  class space    used 3378K, committed 3904K, reserved 1048576K
}

Dll operation events (10 events):
Event: 0.026 Loaded shared library c:\Users\Vihanga\.antigravity\extensions\redhat.java-1.52.0-win32-x64\jre\21.0.9-win32-x86_64\bin\java.dll
Event: 0.125 Loaded shared library c:\Users\Vihanga\.antigravity\extensions\redhat.java-1.52.0-win32-x64\jre\21.0.9-win32-x86_64\bin\zip.dll
Event: 0.160 Loaded shared library C:\Users\Vihanga\.antigravity\extensions\redhat.java-1.52.0-win32-x64\jre\21.0.9-win32-x86_64\bin\instrument.dll
Event: 0.168 Loaded shared library C:\Users\Vihanga\.antigravity\extensions\redhat.java-1.52.0-win32-x64\jre\21.0.9-win32-x86_64\bin\net.dll
Event: 0.173 Loaded shared library C:\Users\Vihanga\.antigravity\extensions\redhat.java-1.52.0-win32-x64\jre\21.0.9-win32-x86_64\bin\nio.dll
Event: 0.178 Loaded shared library C:\Users\Vihanga\.antigravity\extensions\redhat.java-1.52.0-win32-x64\jre\21.0.9-win32-x86_64\bin\zip.dll
Event: 0.196 Loaded shared library C:\Users\Vihanga\.antigravity\extensions\redhat.java-1.52.0-win32-x64\jre\21.0.9-win32-x86_64\bin\jimage.dll
Event: 0.352 Loaded shared library c:\Users\Vihanga\.antigravity\extensions\redhat.java-1.52.0-win32-x64\jre\21.0.9-win32-x86_64\bin\verify.dll
Event: 2.237 Loaded shared library C:\Users\Vihanga\AppData\Roaming\Antigravity\User\globalStorage\redhat.java\1.52.0\config_win\org.eclipse.equinox.launcher\org.eclipse.equinox.launcher.win32.win32.x86_64_1.2.1500.v20260121-1430\eclipse_11919.dll
Event: 4.150 Loaded shared library C:\Users\Vihanga\AppData\Local\Temp\jna-2121011004\jna14922684448734203438.dll

Deoptimization events (20 events):
Event: 6.063 Thread 0x000001e5911dffe0 Uncommon trap: trap_request=0xffffff45 fr.pc=0x000001e53df07c9c relative=0x0000000000001bbc
Event: 6.063 Thread 0x000001e5911dffe0 Uncommon trap: reason=unstable_if action=reinterpret pc=0x000001e53df07c9c method=jdk.internal.org.objectweb.asm.Frame.execute(IILjdk/internal/org/objectweb/asm/Symbol;Ljdk/internal/org/objectweb/asm/SymbolTable;)V @ 1 c2
Event: 6.063 Thread 0x000001e5911dffe0 DEOPT PACKING pc=0x000001e53df07c9c sp=0x000000caa40fc840
Event: 6.063 Thread 0x000001e5911dffe0 DEOPT UNPACKING pc=0x000001e53d813aa2 sp=0x000000caa40fc7f0 mode 2
Event: 6.230 Thread 0x000001e5911dffe0 DEOPT PACKING pc=0x000001e536c685e1 sp=0x000000caa40fd140
Event: 6.230 Thread 0x000001e5911dffe0 DEOPT UNPACKING pc=0x000001e53d814242 sp=0x000000caa40fc600 mode 0
Event: 6.232 Thread 0x000001e5911dffe0 DEOPT PACKING pc=0x000001e536c685e1 sp=0x000000caa40fd310
Event: 6.232 Thread 0x000001e5911dffe0 DEOPT UNPACKING pc=0x000001e53d814242 sp=0x000000caa40fc7d0 mode 0
Event: 6.234 Thread 0x000001e5911dffe0 DEOPT PACKING pc=0x000001e536c685e1 sp=0x000000caa40fd310
Event: 6.234 Thread 0x000001e5911dffe0 DEOPT UNPACKING pc=0x000001e53d814242 sp=0x000000caa40fc7d0 mode 0
Event: 6.234 Thread 0x000001e5911dffe0 DEOPT PACKING pc=0x000001e536c68ce8 sp=0x000000caa40fd090
Event: 6.234 Thread 0x000001e5911dffe0 DEOPT UNPACKING pc=0x000001e53d814242 sp=0x000000caa40fc538 mode 0
Event: 6.313 Thread 0x000001e590516460 Uncommon trap: trap_request=0xffffff45 fr.pc=0x000001e53df70d40 relative=0x00000000000004c0
Event: 6.313 Thread 0x000001e590516460 Uncommon trap: reason=unstable_if action=reinterpret pc=0x000001e53df70d40 method=java.lang.String.getBytes([BIB)V @ 5 c2
Event: 6.320 Thread 0x000001e590516460 DEOPT PACKING pc=0x000001e53df70d40 sp=0x000000caa3afe300
Event: 6.320 Thread 0x000001e590516460 DEOPT UNPACKING pc=0x000001e53d813aa2 sp=0x000000caa3afe1f8 mode 2
Event: 6.343 Thread 0x000001e590516460 Uncommon trap: trap_request=0xffffff45 fr.pc=0x000001e53de0edc8 relative=0x0000000000000128
Event: 6.343 Thread 0x000001e590516460 Uncommon trap: reason=unstable_if action=reinterpret pc=0x000001e53de0edc8 method=jdk.internal.org.objectweb.asm.SymbolTable.put(Ljdk/internal/org/objectweb/asm/SymbolTable$Entry;)Ljdk/internal/org/objectweb/asm/SymbolTable$Entry; @ 13 c2
Event: 6.343 Thread 0x000001e590516460 DEOPT PACKING pc=0x000001e53de0edc8 sp=0x000000caa3afc0e0
Event: 6.343 Thread 0x000001e590516460 DEOPT UNPACKING pc=0x000001e53d813aa2 sp=0x000000caa3afc040 mode 2

Classes loaded (20 events):
Event: 6.358 Loading class sun/reflect/annotation/AnnotatedTypeFactory
Event: 6.359 Loading class sun/reflect/annotation/AnnotatedTypeFactory done
Event: 6.359 Loading class sun/reflect/annotation/AnnotatedTypeFactory$AnnotatedTypeBaseImpl
Event: 6.359 Loading class sun/reflect/annotation/AnnotatedTypeFactory$AnnotatedTypeBaseImpl done
Event: 6.362 Loading class javax/crypto/IllegalBlockSizeException
Event: 6.362 Loading class javax/crypto/IllegalBlockSizeException done
Event: 6.362 Loading class javax/crypto/BadPaddingException
Event: 6.362 Loading class javax/crypto/BadPaddingException done
Event: 6.366 Loading class java/security/spec/InvalidParameterSpecException
Event: 6.366 Loading class java/security/spec/InvalidParameterSpecException done
Event: 6.366 Loading class java/security/InvalidAlgorithmParameterException
Event: 6.366 Loading class java/security/InvalidAlgorithmParameterException done
Event: 6.366 Loading class java/security/spec/InvalidKeySpecException
Event: 6.367 Loading class java/security/spec/InvalidKeySpecException done
Event: 6.367 Loading class javax/crypto/NoSuchPaddingException
Event: 6.367 Loading class javax/crypto/NoSuchPaddingException done
Event: 6.367 Loading class javax/crypto/spec/PBEKeySpec
Event: 6.367 Loading class javax/crypto/spec/PBEKeySpec done
Event: 6.374 Loading class jdk/internal/reflect/MethodHandleBooleanFieldAccessorImpl
Event: 6.374 Loading class jdk/internal/reflect/MethodHandleBooleanFieldAccessorImpl done

Classes unloaded (7 events):
Event: 4.712 Thread 0x000001e549a7f930 Unloading class 0x000001e54b1aac00 'java/lang/invoke/LambdaForm$MH+0x000001e54b1aac00'
Event: 4.712 Thread 0x000001e549a7f930 Unloading class 0x000001e54b1aa800 'java/lang/invoke/LambdaForm$MH+0x000001e54b1aa800'
Event: 4.712 Thread 0x000001e549a7f930 Unloading class 0x000001e54b1aa400 'java/lang/invoke/LambdaForm$MH+0x000001e54b1aa400'
Event: 4.712 Thread 0x000001e549a7f930 Unloading class 0x000001e54b1aa000 'java/lang/invoke/LambdaForm$MH+0x000001e54b1aa000'
Event: 4.712 Thread 0x000001e549a7f930 Unloading class 0x000001e54b1a9c00 'java/lang/invoke/LambdaForm$BMH+0x000001e54b1a9c00'
Event: 4.712 Thread 0x000001e549a7f930 Unloading class 0x000001e54b1a9800 'java/lang/invoke/LambdaForm$DMH+0x000001e54b1a9800'
Event: 4.712 Thread 0x000001e549a7f930 Unloading class 0x000001e54b1a8400 'java/lang/invoke/LambdaForm$DMH+0x000001e54b1a8400'

Classes redefined (0 events):
No events

Internal exceptions (20 events):
Event: 5.836 Thread 0x000001e5911dffe0 Exception <a 'sun/nio/fs/WindowsException'{0x00000000d6380c98}> (0x00000000d6380c98) 
thrown [s\src\hotspot\share\prims\jni.cpp, line 520]
Event: 5.845 Thread 0x000001e5911dffe0 Exception <a 'sun/nio/fs/WindowsException'{0x00000000d63c4f08}> (0x00000000d63c4f08) 
thrown [s\src\hotspot\share\prims\jni.cpp, line 520]
Event: 5.845 Thread 0x000001e5911dffe0 Exception <a 'sun/nio/fs/WindowsException'{0x00000000d63c57e8}> (0x00000000d63c57e8) 
thrown [s\src\hotspot\share\prims\jni.cpp, line 520]
Event: 5.847 Thread 0x000001e5911dffe0 Exception <a 'java/lang/NoSuchMethodError'{0x00000000d63dad78}: 'void java.lang.invoke.DirectMethodHandle$Holder.invokeVirtual(java.lang.Object, java.lang.Object, java.lang.Object, java.lang.Object)'> (0x00000000d63dad78) 
thrown [s\src\hotspot\share\interpreter\linkResolver.cpp, line 773]
Event: 5.851 Thread 0x000001e5911dffe0 Exception <a 'sun/nio/fs/WindowsException'{0x00000000d6409ea0}> (0x00000000d6409ea0) 
thrown [s\src\hotspot\share\prims\jni.cpp, line 520]
Event: 5.851 Thread 0x000001e5911dffe0 Exception <a 'sun/nio/fs/WindowsException'{0x00000000d640a780}> (0x00000000d640a780) 
thrown [s\src\hotspot\share\prims\jni.cpp, line 520]
Event: 5.852 Thread 0x000001e5911dffe0 Exception <a 'sun/nio/fs/WindowsException'{0x00000000d6416060}> (0x00000000d6416060) 
thrown [s\src\hotspot\share\prims\jni.cpp, line 520]
Event: 5.852 Thread 0x000001e5911dffe0 Exception <a 'sun/nio/fs/WindowsException'{0x00000000d6416b98}> (0x00000000d6416b98) 
thrown [s\src\hotspot\share\prims\jni.cpp, line 520]
Event: 5.862 Thread 0x000001e5911dffe0 Exception <a 'sun/nio/fs/WindowsException'{0x00000000d646e6a8}> (0x00000000d646e6a8) 
thrown [s\src\hotspot\share\prims\jni.cpp, line 520]
Event: 5.862 Thread 0x000001e5911dffe0 Exception <a 'sun/nio/fs/WindowsException'{0x00000000d646ef88}> (0x00000000d646ef88) 
thrown [s\src\hotspot\share\prims\jni.cpp, line 520]
Event: 5.869 Thread 0x000001e5911dffe0 Exception <a 'sun/nio/fs/WindowsException'{0x00000000d64a16e8}> (0x00000000d64a16e8) 
thrown [s\src\hotspot\share\prims\jni.cpp, line 520]
Event: 5.869 Thread 0x000001e5911dffe0 Exception <a 'sun/nio/fs/WindowsException'{0x00000000d64a1fc8}> (0x00000000d64a1fc8) 
thrown [s\src\hotspot\share\prims\jni.cpp, line 520]
Event: 5.911 Thread 0x000001e5911dffe0 Exception <a 'java/io/FileNotFoundException'{0x00000000d67310d0}> (0x00000000d67310d0) 
thrown [s\src\hotspot\share\prims\jni.cpp, line 520]
Event: 5.954 Thread 0x000001e5911e0670 Exception <a 'java/lang/NoSuchMethodError'{0x00000000d68d7b08}: 'java.lang.Object java.lang.invoke.DirectMethodHandle$Holder.invokeSpecialIFC(java.lang.Object, java.lang.Object, java.lang.Object, java.lang.Object)'> (0x00000000d68d7b08) 
thrown [s\src\hotspot\share\interpreter\linkResolver.cpp, line 773]
Event: 6.015 Thread 0x000001e590516460 Exception <a 'java/lang/ClassNotFoundException'{0x00000000d59d8ee0}: com/sun/org/apache/xml/internal/serializer/spi/XMLEntitiesProvider> (0x00000000d59d8ee0) 
thrown [s\src\hotspot\share\classfile\systemDictionary.cpp, line 312]
Event: 6.061 Thread 0x000001e5911dffe0 Exception <a 'java/lang/NoSuchMethodError'{0x00000000d5edb020}: 'java.lang.Object java.lang.invoke.DelegatingMethodHandle$Holder.reinvoke_L(java.lang.Object, int, long, java.lang.Object, java.lang.Object, int, java.lang.Object)'> (0x00000000d5edb020) 
thrown [s\src\hotspot\share\interpreter\linkResolver.cpp, line 773]
Event: 6.328 Thread 0x000001e590516460 Exception <a 'java/io/FileNotFoundException'{0x00000000d6a07998}> (0x00000000d6a07998) 
thrown [s\src\hotspot\share\prims\jni.cpp, line 520]
Event: 6.346 Thread 0x000001e590516460 Exception <a 'java/lang/UnsatisfiedLinkError'{0x00000000d6b35558}: The specified procedure could not be found.
> (0x00000000d6b35558) 
thrown [s\src\hotspot\share\prims\jni.cpp, line 539]
Event: 6.352 Thread 0x000001e590516460 Exception <a 'java/io/FileNotFoundException'{0x00000000d559e580}> (0x00000000d559e580) 
thrown [s\src\hotspot\share\prims\jni.cpp, line 520]
Event: 6.367 Thread 0x000001e590516460 Exception <a 'java/io/FileNotFoundException'{0x00000000d57d1198}> (0x00000000d57d1198) 
thrown [s\src\hotspot\share\prims\jni.cpp, line 520]

ZGC Phase Switch (0 events):
No events

VM Operations (20 events):
Event: 5.159 Executing VM operation: ParallelGCFailedAllocation (Allocation Failure)
Event: 5.161 Executing VM operation: ParallelGCFailedAllocation (Allocation Failure) done
Event: 5.322 Executing VM operation: ParallelGCFailedAllocation (Allocation Failure)
Event: 5.325 Executing VM operation: ParallelGCFailedAllocation (Allocation Failure) done
Event: 5.569 Executing VM operation: HandshakeAllThreads (Deoptimize)
Event: 5.867 Executing VM operation: HandshakeAllThreads (Deoptimize) done
Event: 5.901 Executing VM operation: HandshakeAllThreads (Deoptimize)
Event: 5.903 Executing VM operation: HandshakeAllThreads (Deoptimize) done
Event: 5.978 Executing VM operation: ParallelGCFailedAllocation (Allocation Failure)
Event: 5.982 Executing VM operation: ParallelGCFailedAllocation (Allocation Failure) done
Event: 6.034 Executing VM operation: HandshakeAllThreads (Deoptimize)
Event: 6.034 Executing VM operation: HandshakeAllThreads (Deoptimize) done
Event: 6.051 Executing VM operation: HandshakeAllThreads (Deoptimize)
Event: 6.118 Executing VM operation: HandshakeAllThreads (Deoptimize) done
Event: 6.163 Executing VM operation: HandshakeAllThreads (Deoptimize)
Event: 6.196 Executing VM operation: HandshakeAllThreads (Deoptimize) done
Event: 6.236 Executing VM operation: HandshakeAllThreads (Deoptimize)
Event: 6.237 Executing VM operation: HandshakeAllThreads (Deoptimize) done
Event: 6.349 Executing VM operation: ParallelGCFailedAllocation (Allocation Failure)
Event: 6.351 Executing VM operation: ParallelGCFailedAllocation (Allocation Failure) done

Memory protections (0 events):
No events

Nmethod flushes (0 events):
No events

Events (20 events):
Event: 0.075 Thread 0x000001e530dbe4f0 Thread added: 0x000001e549b0af80
Event: 0.162 Thread 0x000001e530dbe4f0 Thread added: 0x000001e58b91e3e0
Event: 0.269 Thread 0x000001e549b0af80 Thread added: 0x000001e58b95b0f0
Event: 0.510 Thread 0x000001e530dbe4f0 Thread added: 0x000001e590068830
Event: 1.235 Thread 0x000001e58b95b0f0 Thread exited: 0x000001e58b95b0f0
Event: 1.389 Thread 0x000001e549b0af80 Thread added: 0x000001e590104630
Event: 1.732 Thread 0x000001e530dbe4f0 Thread added: 0x000001e5905135e0
Event: 1.929 Thread 0x000001e590104630 Thread exited: 0x000001e590104630
Event: 2.233 Thread 0x000001e530dbe4f0 Thread added: 0x000001e59056dde0
Event: 2.270 Thread 0x000001e59056dde0 Thread added: 0x000001e590896400
Event: 2.273 Thread 0x000001e530dbe4f0 Thread added: 0x000001e590516460
Event: 2.900 Thread 0x000001e590516460 Thread added: 0x000001e590b5cc10
Event: 3.420 Thread 0x000001e590516460 Thread added: 0x000001e5907d4780
Event: 3.663 Thread 0x000001e590516460 Thread added: 0x000001e590c57080
Event: 4.184 Thread 0x000001e590516460 Thread added: 0x000001e590e26c80
Event: 4.232 Thread 0x000001e590516460 Thread added: 0x000001e5911e4910
Event: 4.260 Thread 0x000001e590516460 Thread added: 0x000001e5911dffe0
Event: 4.475 Thread 0x000001e5911dffe0 Thread added: 0x000001e5911e0670
Event: 5.498 Thread 0x000001e590516460 Thread added: 0x000001e5911e1390
Event: 5.968 Thread 0x000001e5911e4910 Thread added: 0x000001e5911e1a20


Dynamic libraries:
0x00007ff658090000 - 0x00007ff65809e000 	c:\Users\Vihanga\.antigravity\extensions\redhat.java-1.52.0-win32-x64\jre\21.0.9-win32-x86_64\bin\java.exe
0x00007ffb9ec50000 - 0x00007ffb9ee48000 	C:\Windows\SYSTEM32\ntdll.dll
0x00007ffb9d3c0000 - 0x00007ffb9d482000 	C:\Windows\System32\KERNEL32.DLL
0x00007ffb9c480000 - 0x00007ffb9c776000 	C:\Windows\System32\KERNELBASE.dll
0x00007ffb9cb70000 - 0x00007ffb9cc70000 	C:\Windows\System32\ucrtbase.dll
0x00007ffb934c0000 - 0x00007ffb934d8000 	c:\Users\Vihanga\.antigravity\extensions\redhat.java-1.52.0-win32-x64\jre\21.0.9-win32-x86_64\bin\jli.dll
0x00007ffb9dd50000 - 0x00007ffb9def1000 	C:\Windows\System32\USER32.dll
0x00007ffb9ca40000 - 0x00007ffb9ca62000 	C:\Windows\System32\win32u.dll
0x00007ffb9df70000 - 0x00007ffb9df9b000 	C:\Windows\System32\GDI32.dll
0x00007ffb9c360000 - 0x00007ffb9c479000 	C:\Windows\System32\gdi32full.dll
0x00007ffb9c780000 - 0x00007ffb9c81d000 	C:\Windows\System32\msvcp_win.dll
0x00007ffb934a0000 - 0x00007ffb934be000 	c:\Users\Vihanga\.antigravity\extensions\redhat.java-1.52.0-win32-x64\jre\21.0.9-win32-x86_64\bin\VCRUNTIME140.dll
0x00007ffb8a840000 - 0x00007ffb8aadb000 	C:\Windows\WinSxS\amd64_microsoft.windows.common-controls_6595b64144ccf1df_6.0.19041.6456_none_60b8a6cb71f64256\COMCTL32.dll
0x00007ffb9cd80000 - 0x00007ffb9ce1e000 	C:\Windows\System32\msvcrt.dll
0x00007ffb9db10000 - 0x00007ffb9db3f000 	C:\Windows\System32\IMM32.DLL
0x000000006de90000 - 0x000000006de9c000 	C:\Program Files (x86)\360\Total Security\safemon\SafeWrapper.dll
0x00007ffb9e010000 - 0x00007ffb9e0c1000 	C:\Windows\System32\ADVAPI32.dll
0x00007ffb9e0d0000 - 0x00007ffb9e16f000 	C:\Windows\System32\sechost.dll
0x00007ffb9d290000 - 0x00007ffb9d3b0000 	C:\Windows\System32\RPCRT4.dll
0x00007ffb9ca10000 - 0x00007ffb9ca37000 	C:\Windows\System32\bcrypt.dll
0x00007ffb87f90000 - 0x00007ffb8803c000 	C:\Program Files (x86)\360\Total Security\safemon\libzdtp64.dll
0x00007ffb9e1f0000 - 0x00007ffb9e960000 	C:\Windows\System32\SHELL32.dll
0x00007ffb9e190000 - 0x00007ffb9e1eb000 	C:\Windows\System32\SHLWAPI.dll
0x00007ffb9be40000 - 0x00007ffb9be4a000 	C:\Windows\SYSTEM32\VERSION.dll
0x00007ffb954a0000 - 0x00007ffb954ac000 	c:\Users\Vihanga\.antigravity\extensions\redhat.java-1.52.0-win32-x64\jre\21.0.9-win32-x86_64\bin\vcruntime140_1.dll
0x00007ffb6ea30000 - 0x00007ffb6eabd000 	c:\Users\Vihanga\.antigravity\extensions\redhat.java-1.52.0-win32-x64\jre\21.0.9-win32-x86_64\bin\msvcp140.dll
0x00007ffb324f0000 - 0x00007ffb33290000 	c:\Users\Vihanga\.antigravity\extensions\redhat.java-1.52.0-win32-x64\jre\21.0.9-win32-x86_64\bin\server\jvm.dll
0x00007ffb9df00000 - 0x00007ffb9df6b000 	C:\Windows\System32\WS2_32.dll
0x00007ffb9bde0000 - 0x00007ffb9be2b000 	C:\Windows\SYSTEM32\POWRPROF.dll
0x00007ffb92700000 - 0x00007ffb92727000 	C:\Windows\SYSTEM32\WINMM.dll
0x00007ffb9bcd0000 - 0x00007ffb9bce2000 	C:\Windows\SYSTEM32\UMPDC.dll
0x00007ffb9a100000 - 0x00007ffb9a112000 	C:\Windows\SYSTEM32\kernel.appcore.dll
0x00007ffb93830000 - 0x00007ffb9383a000 	c:\Users\Vihanga\.antigravity\extensions\redhat.java-1.52.0-win32-x64\jre\21.0.9-win32-x86_64\bin\jimage.dll
0x00007ffb91d70000 - 0x00007ffb91f71000 	C:\Windows\SYSTEM32\DBGHELP.DLL
0x00007ffb8a1f0000 - 0x00007ffb8a224000 	C:\Windows\SYSTEM32\dbgcore.DLL
0x00007ffb9c820000 - 0x00007ffb9c8a2000 	C:\Windows\System32\bcryptPrimitives.dll
0x00007ffb91d30000 - 0x00007ffb91d3f000 	c:\Users\Vihanga\.antigravity\extensions\redhat.java-1.52.0-win32-x64\jre\21.0.9-win32-x86_64\bin\instrument.dll
0x00007ffb71660000 - 0x00007ffb71680000 	c:\Users\Vihanga\.antigravity\extensions\redhat.java-1.52.0-win32-x64\jre\21.0.9-win32-x86_64\bin\java.dll
0x00007ffb9a300000 - 0x00007ffb9aaa5000 	C:\Windows\SYSTEM32\windows.storage.dll
0x00007ffb9d490000 - 0x00007ffb9d7e4000 	C:\Windows\System32\combase.dll
0x00007ffb9bc30000 - 0x00007ffb9bc5b000 	C:\Windows\SYSTEM32\Wldp.dll
0x00007ffb9eb40000 - 0x00007ffb9ec0d000 	C:\Windows\System32\OLEAUT32.dll
0x00007ffb9ccd0000 - 0x00007ffb9cd7d000 	C:\Windows\System32\SHCORE.dll
0x00007ffb9c210000 - 0x00007ffb9c234000 	C:\Windows\SYSTEM32\profapi.dll
0x00007ffb6aa10000 - 0x00007ffb6aa28000 	c:\Users\Vihanga\.antigravity\extensions\redhat.java-1.52.0-win32-x64\jre\21.0.9-win32-x86_64\bin\zip.dll
0x00007ffb91c40000 - 0x00007ffb91c50000 	C:\Users\Vihanga\.antigravity\extensions\redhat.java-1.52.0-win32-x64\jre\21.0.9-win32-x86_64\bin\net.dll
0x00007ffb962d0000 - 0x00007ffb963da000 	C:\Windows\SYSTEM32\WINHTTP.dll
0x00007ffb9b920000 - 0x00007ffb9b98a000 	C:\Windows\system32\mswsock.dll
0x00007ffb6a9f0000 - 0x00007ffb6aa06000 	C:\Users\Vihanga\.antigravity\extensions\redhat.java-1.52.0-win32-x64\jre\21.0.9-win32-x86_64\bin\nio.dll
0x00007ffb91860000 - 0x00007ffb91870000 	c:\Users\Vihanga\.antigravity\extensions\redhat.java-1.52.0-win32-x64\jre\21.0.9-win32-x86_64\bin\verify.dll
0x00007ffb73fa0000 - 0x00007ffb73fe5000 	C:\Users\Vihanga\AppData\Roaming\Antigravity\User\globalStorage\redhat.java\1.52.0\config_win\org.eclipse.equinox.launcher\org.eclipse.equinox.launcher.win32.win32.x86_64_1.2.1500.v20260121-1430\eclipse_11919.dll
0x00007ffb9ea10000 - 0x00007ffb9eb3b000 	C:\Windows\System32\ole32.dll
0x00007ffb9bb20000 - 0x00007ffb9bb38000 	C:\Windows\SYSTEM32\CRYPTSP.dll
0x00007ffb9b240000 - 0x00007ffb9b278000 	C:\Windows\system32\rsaenh.dll
0x00007ffb9c190000 - 0x00007ffb9c1be000 	C:\Windows\SYSTEM32\USERENV.dll
0x00007ffb9bb10000 - 0x00007ffb9bb1c000 	C:\Windows\SYSTEM32\CRYPTBASE.dll
0x00007ffb9b600000 - 0x00007ffb9b63b000 	C:\Windows\SYSTEM32\IPHLPAPI.DLL
0x00007ffb9d3b0000 - 0x00007ffb9d3b8000 	C:\Windows\System32\NSI.dll
0x00007ffb73f50000 - 0x00007ffb73f99000 	C:\Users\Vihanga\AppData\Local\Temp\jna-2121011004\jna14922684448734203438.dll
0x00007ffb9e000000 - 0x00007ffb9e008000 	C:\Windows\System32\PSAPI.DLL
0x00007ffb966f0000 - 0x00007ffb96707000 	C:\Windows\SYSTEM32\dhcpcsvc6.DLL
0x00007ffb968a0000 - 0x00007ffb968bd000 	C:\Windows\SYSTEM32\dhcpcsvc.DLL

JVMTI agents:
c:\Users\Vihanga\.antigravity\extensions\redhat.java-1.52.0-win32-x64\lombok\lombok-1.18.39-4050.jar path:c:\Users\Vihanga\.antigravity\extensions\redhat.java-1.52.0-win32-x64\jre\21.0.9-win32-x86_64\bin\instrument.dll, loaded, initialized, instrumentlib options:none

dbghelp: loaded successfully - version: 4.0.5 - missing functions: none
symbol engine: initialized successfully - sym options: 0x614 - pdb path: .;c:\Users\Vihanga\.antigravity\extensions\redhat.java-1.52.0-win32-x64\jre\21.0.9-win32-x86_64\bin;C:\Windows\SYSTEM32;C:\Windows\WinSxS\amd64_microsoft.windows.common-controls_6595b64144ccf1df_6.0.19041.6456_none_60b8a6cb71f64256;C:\Program Files (x86)\360\Total Security\safemon;c:\Users\Vihanga\.antigravity\extensions\redhat.java-1.52.0-win32-x64\jre\21.0.9-win32-x86_64\bin\server;C:\Users\Vihanga\AppData\Roaming\Antigravity\User\globalStorage\redhat.java\1.52.0\config_win\org.eclipse.equinox.launcher\org.eclipse.equinox.launcher.win32.win32.x86_64_1.2.1500.v20260121-1430;C:\Users\Vihanga\AppData\Local\Temp\jna-2121011004

VM Arguments:
jvm_args: --add-modules=ALL-SYSTEM --add-opens=java.base/java.util=ALL-UNNAMED --add-opens=java.base/java.lang=ALL-UNNAMED --add-opens=java.base/sun.nio.fs=ALL-UNNAMED -Declipse.application=org.eclipse.jdt.ls.core.id1 -Dosgi.bundles.defaultStartLevel=4 -Declipse.product=org.eclipse.jdt.ls.core.product -Djava.import.generatesMetadataFilesAtProjectRoot=false -DDetectVMInstallationsJob.disabled=true -Dfile.encoding=utf8 -XX:+UseParallelGC -XX:GCTimeRatio=4 -XX:AdaptiveSizePolicyWeight=90 -Dsun.zip.disableMemoryMapping=true -Xmx2G -Xms100m -Xlog:disable -javaagent:c:\Users\Vihanga\.antigravity\extensions\redhat.java-1.52.0-win32-x64\lombok\lombok-1.18.39-4050.jar -XX:+HeapDumpOnOutOfMemoryError -XX:HeapDumpPath=c:\Users\Vihanga\AppData\Roaming\Antigravity\User\workspaceStorage\c0b8f771bb728cf03ca3341653bb894a\redhat.java -Daether.dependencyCollector.impl=bf 
java_command: c:\Users\Vihanga\.antigravity\extensions\redhat.java-1.52.0-win32-x64\server\plugins\org.eclipse.equinox.launcher_1.7.100.v20251111-0406.jar -configuration c:\Users\Vihanga\AppData\Roaming\Antigravity\User\globalStorage\redhat.java\1.52.0\config_win -data c:\Users\Vihanga\AppData\Roaming\Antigravity\User\workspaceStorage\c0b8f771bb728cf03ca3341653bb894a\redhat.java\jdt_ws --pipe=\\.\pipe\lsp-2144a7af98257e130b3ea53e3359716b-sock
java_class_path (initial): c:\Users\Vihanga\.antigravity\extensions\redhat.java-1.52.0-win32-x64\server\plugins\org.eclipse.equinox.launcher_1.7.100.v20251111-0406.jar
Launcher Type: SUN_STANDARD

[Global flags]
    uintx AdaptiveSizePolicyWeight                 = 90                                        {product} {command line}
     intx CICompilerCount                          = 3                                         {product} {ergonomic}
    uintx GCTimeRatio                              = 4                                         {product} {command line}
     bool HeapDumpOnOutOfMemoryError               = true                                   {manageable} {command line}
    ccstr HeapDumpPath                             = c:\Users\Vihanga\AppData\Roaming\Antigravity\User\workspaceStorage\c0b8f771bb728cf03ca3341653bb894a\redhat.java         {manageable} {command line}
   size_t InitialHeapSize                          = 104857600                                 {product} {command line}
   size_t MaxHeapSize                              = 2147483648                                {product} {command line}
   size_t MaxNewSize                               = 715653120                                 {product} {ergonomic}
   size_t MinHeapDeltaBytes                        = 524288                                    {product} {ergonomic}
   size_t MinHeapSize                              = 104857600                                 {product} {command line}
   size_t NewSize                                  = 34603008                                  {product} {ergonomic}
    uintx NonNMethodCodeHeapSize                   = 5832780                                {pd product} {ergonomic}
    uintx NonProfiledCodeHeapSize                  = 122912730                              {pd product} {ergonomic}
   size_t OldSize                                  = 70254592                                  {product} {ergonomic}
    uintx ProfiledCodeHeapSize                     = 122912730                              {pd product} {ergonomic}
    uintx ReservedCodeCacheSize                    = 251658240                              {pd product} {ergonomic}
     bool SegmentedCodeCache                       = true                                      {product} {ergonomic}
   size_t SoftMaxHeapSize                          = 2147483648                             {manageable} {ergonomic}
     bool UseCompressedOops                        = true                           {product lp64_product} {ergonomic}
     bool UseLargePagesIndividualAllocation        = false                                  {pd product} {ergonomic}
     bool UseParallelGC                            = true                                      {product} {command line}

Logging:
Log output configuration:
 #0: stdout all=off uptime,level,tags foldmultilines=false
 #1: stderr all=off uptime,level,tags foldmultilines=false

Release file:
JAVA_VERSION="21.0.9" 
MODULES="java.base java.compiler java.datatransfer java.xml java.prefs java.desktop java.instrument java.logging java.management java.security.sasl java.naming java.rmi java.management.rmi java.net.http java.scripting java.security.jgss java.transaction.xa java.sql java.sql.rowset java.xml.crypto java.se java.smartcardio jdk.accessibility jdk.internal.jvmstat jdk.attach jdk.charsets jdk.internal.opt jdk.zipfs jdk.compiler jdk.crypto.ec jdk.crypto.cryptoki jdk.crypto.mscapi jdk.dynalink jdk.internal.ed jdk.editpad jdk.hotspot.agent jdk.httpserver jdk.internal.le jdk.internal.vm.ci jdk.internal.vm.compiler jdk.internal.vm.compiler.management jdk.jartool jdk.javadoc jdk.jcmd jdk.management jdk.management.agent jdk.jconsole jdk.jdeps jdk.jdwp.agent jdk.jdi jdk.jfr jdk.jshell jdk.jsobject jdk.jstatd jdk.localedata jdk.management.jfr jdk.naming.dns jdk.naming.rmi jdk.net jdk.nio.mapmode jdk.random jdk.sctp jdk.security.auth jdk.security.jgss jdk.unsupported jdk.unsupported.desktop jdk.xml.dom" 

Environment Variables:
JAVA_HOME=C:\Program Files\Java\jdk-21
PATH=C:\Python313\Scripts\;C:\Python313\;C:\Program Files\Common Files\Oracle\Java\javapath;C:\Windows\system32;C:\Windows;C:\Windows\System32\Wbem;C:\Windows\System32\WindowsPowerShell\v1.0\;C:\Windows\System32\OpenSSH\;C:\Program Files (x86)\NVIDIA Corporation\PhysX\Common;C:\Program Files\nodejs\;C:\ProgramData\chocolatey\bin;C:\Program Files\dotnet\;C:\Program Files\NVIDIA Corporation\NVIDIA App\NvDLISR;C:\Program Files (x86)\Windows Kits\10\Windows Performance Toolkit\;C:\Users\Vihanga\.cargo\bin;C:\Program Files\MySQL\MySQL Shell 8.0\bin\;C:\Users\Vihanga\AppData\Local\Microsoft\WindowsApps;C:\Program Files\Java\jdk-21\bin;C:\Users\Vihanga\AppData\Local\Programs\Microsoft VS Code\bin;C:\Users\Vihanga\AppData\Roaming\npm;C:\aria2;C:\Users\Vihanga\AppData\Local\GitHubDesktop\bin;C:\apache-maven-3.9.11\bin;D:\Programming Files\WebStorm 2025.2\bin;C:\Users\Vihanga\AppData\Local\Programs\Antigravity\bin
USERNAME=Vihanga
OS=Windows_NT
PROCESSOR_IDENTIFIER=Intel64 Family 6 Model 158 Stepping 9, GenuineIntel
TMP=C:\Users\Vihanga\AppData\Local\Temp
TEMP=C:\Users\Vihanga\AppData\Local\Temp




Periodic native trim disabled

---------------  S Y S T E M  ---------------

OS:
 Windows 10 , 64 bit Build 19041 (10.0.19041.5915)
OS uptime: 2 days 23:42 hours

CPU: total 4 (initial active 4) (4 cores per cpu, 1 threads per core) family 6 model 158 stepping 9 microcode 0xb4, cx8, cmov, fxsr, mmx, 3dnowpref, sse, sse2, sse3, ssse3, sse4.1, sse4.2, popcnt, lzcnt, tsc, tscinvbit, avx, avx2, aes, erms, clmul, bmi1, bmi2, rtm, adx, fma, vzeroupper, clflush, clflushopt, rdtscp, f16c
Processor Information for the first 4 processors :
  Max Mhz: 3401, Current Mhz: 3401, Mhz Limit: 3401

Memory: 4k page, system-wide physical 8132M (256M free)
TotalPageFile size 16324M (AvailPageFile size 6M)
current process WorkingSet (physical memory assigned to process): 184M, peak: 184M
current process commit charge ("private bytes"): 295M, peak: 299M

vm_info: OpenJDK 64-Bit Server VM (21.0.9+10-LTS) for windows-amd64 JRE (21.0.9+10-LTS), built on 2025-10-21T00:00:00Z by "admin" with unknown MS VC++:1942

END.
